
Discarded input sections

 .note.GNU-stack
                0x0000000000000000        0x0 build/us_n64/actors/common1.o

Memory Configuration

Name             Origin             Length             Attributes
*default*        0x0000000000000000 0xffffffffffffffff

Linker script and memory map

Address of section .text set to 0x3000000
LOAD build/us_n64/actors/common1.o
                [!provide]                        PROVIDE (__executable_start = SEGMENT_START ("text-segment", 0x400000))
                0x0000000000400000                . = SEGMENT_START ("text-segment", 0x400000)

.interp
 *(.interp)

.MIPS.abiflags  0x0000000000400000       0x18
 *(.MIPS.abiflags)
 .MIPS.abiflags
                0x0000000000400000       0x18 build/us_n64/actors/common1.o

.reginfo        0x0000000000400018       0x18
 *(.reginfo)
 .reginfo       0x0000000000400018       0x18 build/us_n64/actors/common1.o

.note.gnu.build-id
 *(.note.gnu.build-id)

.dynamic
 *(.dynamic)

.hash
 *(.hash)

.gnu.hash
 *(.gnu.hash)

.dynsym
 *(.dynsym)

.dynstr
 *(.dynstr)

.gnu.version
 *(.gnu.version)

.gnu.version_d
 *(.gnu.version_d)

.gnu.version_r
 *(.gnu.version_r)

.rel.dyn        0x0000000000400030        0x0
 *(.rel.init)
 *(.rel.text .rel.text.* .rel.gnu.linkonce.t.*)
 *(.rel.fini)
 *(.rel.rodata .rel.rodata.* .rel.gnu.linkonce.r.*)
 *(.rel.data.rel.ro .rel.data.rel.ro.* .rel.gnu.linkonce.d.rel.ro.*)
 *(.rel.data .rel.data.* .rel.gnu.linkonce.d.*)
 *(.rel.tdata .rel.tdata.* .rel.gnu.linkonce.td.*)
 *(.rel.tbss .rel.tbss.* .rel.gnu.linkonce.tb.*)
 *(.rel.ctors)
 *(.rel.dtors)
 *(.rel.got)
 *(.rel.dyn)
 .rel.dyn       0x0000000000400030        0x0 build/us_n64/actors/common1.o
 *(.rel.sdata .rel.sdata.* .rel.gnu.linkonce.s.*)
 *(.rel.sbss .rel.sbss.* .rel.gnu.linkonce.sb.*)
 *(.rel.sdata2 .rel.sdata2.* .rel.gnu.linkonce.s2.*)
 *(.rel.sbss2 .rel.sbss2.* .rel.gnu.linkonce.sb2.*)
 *(.rel.bss .rel.bss.* .rel.gnu.linkonce.b.*)
                [!provide]                        PROVIDE (__rel_iplt_start = .)
 *(.rel.iplt)
                [!provide]                        PROVIDE (__rel_iplt_end = .)

.rela.dyn       0x0000000000400030        0x0
 *(.rela.init)
 *(.rela.text .rela.text.* .rela.gnu.linkonce.t.*)
 *(.rela.fini)
 *(.rela.rodata .rela.rodata.* .rela.gnu.linkonce.r.*)
 *(.rela.data .rela.data.* .rela.gnu.linkonce.d.*)
 *(.rela.tdata .rela.tdata.* .rela.gnu.linkonce.td.*)
 *(.rela.tbss .rela.tbss.* .rela.gnu.linkonce.tb.*)
 *(.rela.ctors)
 *(.rela.dtors)
 *(.rela.got)
 *(.rela.sdata .rela.sdata.* .rela.gnu.linkonce.s.*)
 *(.rela.sbss .rela.sbss.* .rela.gnu.linkonce.sb.*)
 *(.rela.sdata2 .rela.sdata2.* .rela.gnu.linkonce.s2.*)
 *(.rela.sbss2 .rela.sbss2.* .rela.gnu.linkonce.sb2.*)
 *(.rela.bss .rela.bss.* .rela.gnu.linkonce.b.*)
                [!provide]                        PROVIDE (__rela_iplt_start = .)
 *(.rela.iplt)
                [!provide]                        PROVIDE (__rela_iplt_end = .)

.rel.plt
 *(.rel.plt)

.rela.plt
 *(.rela.plt)

.init
 *(SORT_NONE(.init))

.plt
 *(.plt)

.iplt
 *(.iplt)

.text           0x0000000003000000        0x0
                0x0000000003000000                _ftext = .
 *(.text.unlikely .text.*_unlikely .text.unlikely.*)
 *(.text.exit .text.exit.*)
 *(.text.startup .text.startup.*)
 *(.text.hot .text.hot.*)
 *(.text .stub .text.* .gnu.linkonce.t.*)
 .text          0x0000000003000000        0x0 build/us_n64/actors/common1.o
 *(.gnu.warning)
 *(.mips16.fn.*)
 *(.mips16.call.*)

.fini
 *(SORT_NONE(.fini))
                [!provide]                        PROVIDE (__etext = .)
                [!provide]                        PROVIDE (_etext = .)
                [!provide]                        PROVIDE (etext = .)

.rodata
 *(.rodata .rodata.* .gnu.linkonce.r.*)

.rodata1
 *(.rodata1)

.sdata2
 *(.sdata2 .sdata2.* .gnu.linkonce.s2.*)

.sbss2
 *(.sbss2 .sbss2.* .gnu.linkonce.sb2.*)

.eh_frame_hdr
 *(.eh_frame_hdr)
 *(.eh_frame_entry .eh_frame_entry.*)

.eh_frame
 *(.eh_frame)
 *(.eh_frame.*)

.gcc_except_table
 *(.gcc_except_table .gcc_except_table.*)

.gnu_extab
 *(.gnu_extab*)

.exception_ranges
 *(.exception_ranges .exception_ranges*)
                0x0000000003000000                . = DATA_SEGMENT_ALIGN (CONSTANT (MAXPAGESIZE), CONSTANT (COMMONPAGESIZE))

.eh_frame
 *(.eh_frame)
 *(.eh_frame.*)

.gnu_extab
 *(.gnu_extab)

.gcc_except_table
 *(.gcc_except_table .gcc_except_table.*)

.exception_ranges
 *(.exception_ranges .exception_ranges*)

.tdata
 *(.tdata .tdata.* .gnu.linkonce.td.*)

.tbss
 *(.tbss .tbss.* .gnu.linkonce.tb.*)
 *(.tcommon)

.preinit_array  0x0000000003000000        0x0
                [!provide]                        PROVIDE (__preinit_array_start = .)
 *(.preinit_array)
                [!provide]                        PROVIDE (__preinit_array_end = .)

.init_array     0x0000000003000000        0x0
                [!provide]                        PROVIDE (__init_array_start = .)
 *(SORT_BY_INIT_PRIORITY(.init_array.*) SORT_BY_INIT_PRIORITY(.ctors.*))
 *(.init_array EXCLUDE_FILE(*crtend?.o *crtend.o *crtbegin?.o *crtbegin.o) .ctors)
                [!provide]                        PROVIDE (__init_array_end = .)

.fini_array     0x0000000003000000        0x0
                [!provide]                        PROVIDE (__fini_array_start = .)
 *(SORT_BY_INIT_PRIORITY(.fini_array.*) SORT_BY_INIT_PRIORITY(.dtors.*))
 *(.fini_array EXCLUDE_FILE(*crtend?.o *crtend.o *crtbegin?.o *crtbegin.o) .dtors)
                [!provide]                        PROVIDE (__fini_array_end = .)

.ctors
 *crtbegin.o(.ctors)
 *crtbegin?.o(.ctors)
 *(EXCLUDE_FILE(*crtend?.o *crtend.o) .ctors)
 *(SORT_BY_NAME(.ctors.*))
 *(.ctors)

.dtors
 *crtbegin.o(.dtors)
 *crtbegin?.o(.dtors)
 *(EXCLUDE_FILE(*crtend?.o *crtend.o) .dtors)
 *(SORT_BY_NAME(.dtors.*))
 *(.dtors)

.jcr
 *(.jcr)

.data.rel.ro
 *(.data.rel.ro.local* .gnu.linkonce.d.rel.ro.local.*)
 *(.data.rel.ro .data.rel.ro.* .gnu.linkonce.d.rel.ro.*)
                0x0000000003000000                . = DATA_SEGMENT_RELRO_END (., 0x0)

.data           0x0000000003000000    0x361b0
                0x0000000003000000                _fdata = .
 *(.data .data.* .gnu.linkonce.d.*)
 .data          0x0000000003000000    0x361b0 build/us_n64/actors/common1.o
                0x0000000003000000                tree_seg3_dl_palm_transparent
                0x0000000003000018                tree_seg3_dl_palm
                0x0000000003000030                tree_seg3_sub_dl_palm
                0x0000000003001100                tree_seg3_dl_snowy_pine_transparent
                0x0000000003001118                tree_seg3_dl_snowy_pine
                0x0000000003001130                tree_seg3_sub_dl_snowy_pine
                0x00000000030021c0                tree_seg3_dl_spiky_transparent
                0x00000000030021d8                tree_seg3_dl_spiky
                0x00000000030021f0                tree_seg3_sub_dl_spiky
                0x00000000030032c0                tree_seg3_dl_bubbly_transparent
                0x00000000030032d8                tree_seg3_dl_bubbly
                0x00000000030032f0                tree_seg3_sub_dl_bubbly
                0x0000000003003358                tree_seg3_sub_dl_bubbly_right_side
                0x0000000003003388                tree_seg3_sub_dl_bubbly_left_side
                0x0000000003005430                wooden_signpost_seg3_collision_0302DD80
                0x00000000030054d0                wooden_signpost_seg3_dl_0302DD08
                0x0000000003005548                wooden_signpost_seg3_dl_0302DCD0
                0x0000000003005578                wooden_signpost_seg3_dl_0302DC40
                0x0000000003005778                wooden_signpost_seg3_dl_0302DA48
                0x00000000030057d8                wooden_signpost_seg3_dl_0302D9C8
                0x00000000030068c0                white_particle_dl
                0x0000000003006b90                transparent_star_seg3_dl_body
                0x0000000003006bc8                transparent_star_seg3_sub_dl_body
                0x0000000003006d10                dirt_seg3_dl_tiny_particle_billboard
                0x0000000003006d38                dirt_seg3_dl_tiny_particle_yellow
                0x0000000003006d70                dirt_seg3_dl_tiny_particle_blue
                0x0000000003006da8                dirt_seg3_dl_tiny_particle_green
                0x0000000003006de0                dirt_seg3_dl_tiny_particle_red
                0x0000000003006e18                dirt_seg3_dl_cartoon_star_billboard
                0x0000000003006e58                dirt_seg3_dl_cartoon_star_yellow
                0x0000000003006e78                dirt_seg3_dl_cartoon_star_blue
                0x0000000003006e98                dirt_seg3_dl_cartoon_star_green
                0x0000000003006eb8                dirt_seg3_dl_cartoon_star_red
                0x0000000003006ed8                dirt_seg3_sub_dl_cartoon_star
                0x00000000030070b8                dirt_seg3_dl_dirt_particle
                0x0000000003007128                dirt_seg3_sub_dl_dirt_particle
                0x00000000030073e8                sand_seg3_dl_particle
                0x00000000030076b0                star_seg3_dl_eyes
                0x0000000003007720                star_seg3_sub_dl_eyes
                0x0000000003007808                star_seg3_dl_body
                0x00000000030078a0                star_seg3_sub_dl_body
                0x00000000030089e8                mushroom_1up_seg3_dl_0302A660
                0x0000000003008a58                mushroom_1up_seg3_dl_0302A628
                0x0000000003009ac8                dl_power_meter_health_segments_end
                0x0000000003009b00                dl_power_meter_health_segments_begin
                0x0000000003009b70                dl_power_meter_base
                0x0000000003009c90                power_meter_health_segments_lut
                0x000000000300fcb0                mario_cap_seg3_dl_03023298
                0x000000000300fde8                mario_cap_seg3_dl_03023160
                0x000000000300ff20                mario_cap_seg3_dl_03023108
                0x000000000300ff78                mario_cap_seg3_dl_030230B0
                0x000000000300ffd0                mario_cap_seg3_dl_03022FF8
                0x0000000003010088                mario_cap_seg3_dl_03022F48
                0x0000000003010138                mario_cap_seg3_dl_03022F20
                0x0000000003010160                mario_cap_seg3_dl_03022ED8
                0x00000000030101a8                mario_cap_seg3_dl_03022EA8
                0x00000000030101c8                mario_cap_seg3_dl_03022E78
                0x0000000003010328                mario_cap_seg3_dl_03022D10
                0x0000000003010350                mario_cap_seg3_dl_03022CC8
                0x0000000003010380                mario_cap_seg3_dl_03022B68
                0x0000000003010440                mario_cap_seg3_dl_03022B30
                0x0000000003016090                leaves_seg3_dl_0301CDE0
                0x0000000003016358                pebble_seg3_dl_0301CB00
                0x0000000003016c28                blue_fish_seg3_anims_0301C2B0
                0x0000000003016d30                blue_fish_seg3_dl_0301C150
                0x0000000003016d90                blue_fish_seg3_dl_0301C0A8
                0x0000000003016e90                blue_fish_seg3_dl_0301BFB8
                0x0000000003016ef0                blue_fish_seg3_dl_0301BEC0
                0x0000000003017880                flame_seg3_dl_0301B5A8
                0x0000000003017898                flame_seg3_dl_0301B590
                0x00000000030178b0                flame_seg3_dl_0301B578
                0x00000000030178c8                flame_seg3_dl_0301B560
                0x00000000030178e0                flame_seg3_dl_0301B548
                0x00000000030178f8                flame_seg3_dl_0301B530
                0x0000000003017910                flame_seg3_dl_0301B518
                0x0000000003017928                flame_seg3_dl_0301B500
                0x0000000003017940                flame_seg3_dl_0301B470
                0x00000000030179c8                flame_seg3_dl_0301B458
                0x00000000030179e0                flame_seg3_dl_0301B440
                0x00000000030179f8                flame_seg3_dl_0301B428
                0x0000000003017a10                flame_seg3_dl_0301B410
                0x0000000003017a28                flame_seg3_dl_0301B3F8
                0x0000000003017a40                flame_seg3_dl_0301B3E0
                0x0000000003017a58                flame_seg3_dl_0301B3C8
                0x0000000003017a70                flame_seg3_dl_0301B3B0
                0x0000000003017a88                flame_seg3_dl_0301B320
                0x000000000301bb50                bowser_key_seg3_anims_list
                0x000000000301c8f8                bowser_key_dl
                0x000000000301d5e8                door_seg3_collision_door
                0x000000000301d644                door_seg3_anims_030156C0
                0x000000000301db58                door_seg3_dl_haunted_door_far
                0x000000000301dbc8                door_seg3_dl_cave_door_far
                0x000000000301dc38                door_seg3_dl_metal_door_far
                0x000000000301dca8                door_seg3_dl_rough_wooden_door2_far
                0x000000000301dd18                door_seg3_dl_rough_wooden_door_far
                0x000000000301dd88                door_seg3_sub_dl_themed_door_far_begin
                0x000000000301ddb8                door_seg3_sub_dl_themed_handle_far
                0x000000000301dde0                door_seg3_sub_dl_themed_door_far
                0x000000000301df10                door_seg3_dl_haunted_door_near
                0x000000000301dfc0                door_seg3_dl_cave_door_near
                0x000000000301e070                door_seg3_dl_metal_door_near
                0x000000000301e120                door_seg3_dl_rough_wooden_door2_near
                0x000000000301e1d0                door_seg3_dl_rough_wooden_door_near
                0x000000000301e280                door_seg3_sub_dl_themed_door_begin
                0x000000000301e2b0                door_seg3_sub_dl_themed_door
                0x000000000301e2d0                door_seg3_sub_dl_themed_door_sides
                0x000000000301e310                door_seg3_sub_dl_themed_handle_near
                0x000000000301e6f0                door_seg3_dl_key_door
                0x000000000301e780                door_seg3_sub_dl_lock
                0x000000000301e8a8                door_seg3_sub_dl_key_door
                0x000000000301ea00                door_seg3_sub_dl_key_door_sides
                0x000000000301eb58                door_seg3_dl_three_stars_far
                0x000000000301eb88                door_seg3_dl_three_stars_near
                0x000000000301ebb8                door_seg3_dl_one_star_far
                0x000000000301ebe8                door_seg3_dl_one_star_near
                0x000000000301ec18                door_seg3_dl_zero_star_far
                0x000000000301ec48                door_seg3_dl_zero_star_near
                0x000000000301ec78                door_seg3_vertex_star_sign_end
                0x000000000301eca8                door_seg3_vertex_star_sign_begin
                0x000000000301ed80                door_seg3_dl_cabin_door_far
                0x000000000301ed98                door_seg3_dl_polished_wooden_door_far
                0x000000000301edb8                door_seg3_sub_dl_polished_wooden_door_far
                0x000000000301ef80                door_seg3_dl_cabin_door_near
                0x000000000301eff8                door_seg3_dl_polished_wooden_door_near
                0x000000000301f078                door_seg3_sub_dl_polished_wooden_door_handle_2
                0x000000000301f0e0                door_seg3_sub_dl_polished_wooden_door_handle_1
                0x000000000301f148                door_seg3_sub_dl_polished_wooden_door_near
                0x0000000003029100                warp_pipe_seg3_collision_03009AC8
                0x0000000003029378                warp_pipe_seg3_dl_03009A50
                0x00000000030293f0                warp_pipe_seg3_dl_03009A20
                0x0000000003029418                warp_pipe_seg3_dl_03009968
                0x0000000003029e00                warp_pipe_seg3_dl_03008F98
                0x0000000003029e60                warp_pipe_seg3_dl_03008E40
                0x000000000302b3a0                coin_seg3_dl_secret_22_5_r
                0x000000000302b3c8                coin_seg3_dl_secret_45_r
                0x000000000302b3f0                coin_seg3_dl_secret_67_5_r
                0x000000000302b418                coin_seg3_dl_secret_90
                0x000000000302b440                coin_seg3_dl_secret_67_5
                0x000000000302b468                coin_seg3_dl_secret_45
                0x000000000302b490                coin_seg3_dl_secret_22_5
                0x000000000302b4b8                coin_seg3_dl_secret_0
                0x000000000302b4e0                coin_seg3_dl_red_22_5_r
                0x000000000302b508                coin_seg3_dl_red_45_r
                0x000000000302b530                coin_seg3_dl_red_67_5_r
                0x000000000302b558                coin_seg3_dl_red_90
                0x000000000302b580                coin_seg3_dl_red_67_5
                0x000000000302b5a8                coin_seg3_dl_red_45
                0x000000000302b5d0                coin_seg3_dl_red_22_5
                0x000000000302b5f8                coin_seg3_dl_red_0
                0x000000000302b620                coin_seg3_dl_blue_45_r
                0x000000000302b648                coin_seg3_dl_blue_22_5_r
                0x000000000302b670                coin_seg3_dl_blue_67_5_r
                0x000000000302b698                coin_seg3_dl_blue_90
                0x000000000302b6c0                coin_seg3_dl_blue_67_5
                0x000000000302b6e8                coin_seg3_dl_blue_45
                0x000000000302b710                coin_seg3_dl_blue_22_5
                0x000000000302b738                coin_seg3_dl_blue_0
                0x000000000302b760                coin_seg3_dl_yellow_22_5_r
                0x000000000302b788                coin_seg3_dl_yellow_45_r
                0x000000000302b7b0                coin_seg3_dl_yellow_67_5_r
                0x000000000302b7d8                coin_seg3_dl_yellow_90
                0x000000000302b800                coin_seg3_dl_yellow_67_5
                0x000000000302b828                coin_seg3_dl_yellow_45
                0x000000000302b850                coin_seg3_dl_yellow_22_5
                0x000000000302b878                coin_seg3_dl_yellow_0
                0x000000000302b8a0                coin_seg3_dl_end
                0x000000000302b8c8                coin_seg3_dl_start
                0x0000000003030b28                butterfly_seg3_anims_030056B0
                0x0000000003030ca8                butterfly_seg3_dl_030054A0
                0x0000000003030d38                butterfly_seg3_dl_03005408
                0x0000000003031e88                explosion_seg3_dl_03004328
                0x0000000003031ea0                explosion_seg3_dl_03004310
                0x0000000003031eb8                explosion_seg3_dl_030042F8
                0x0000000003031ed0                explosion_seg3_dl_030042E0
                0x0000000003031ee8                explosion_seg3_dl_030042C8
                0x0000000003031f00                explosion_seg3_dl_030042B0
                0x0000000003031f18                explosion_seg3_dl_03004298
                0x0000000003031f30                explosion_seg3_dl_03004208
                0x00000000030357f8                mist_seg3_dl_03000920
                0x0000000003035890                mist_seg3_dl_03000880

.data1
 *(.data1)

.got.plt
 *(.got.plt)
                0x00000000030361b0                . = .
                0x00000000030361b0                . = .
                0x000000000303e1a0                _gp = (ALIGN (0x10) + 0x7ff0)

.got
 *(.got)

.sdata
 *(.sdata .sdata.* .gnu.linkonce.s.*)

.lit8
 *(.lit8)

.lit4
 *(.lit4)
                0x00000000030361b0                _edata = .
                [!provide]                        PROVIDE (edata = .)
                0x00000000030361b0                . = .
                0x00000000030361b0                __bss_start = .
                0x00000000030361b0                _fbss = .

.sbss
 *(.dynsbss)
 *(.sbss .sbss.* .gnu.linkonce.sb.*)
 *(.scommon)

.bss            0x00000000030361b0        0x0
 *(.dynbss)
 *(.bss .bss.* .gnu.linkonce.b.*)
 .bss           0x00000000030361b0        0x0 build/us_n64/actors/common1.o
 *(COMMON)
                0x00000000030361b0                . = ALIGN ((. != 0x0)?0x4:0x1)
                0x00000000030361b0                . = ALIGN (0x4)
                0x00000000030361b0                . = SEGMENT_START ("ldata-segment", .)
                0x00000000030361b0                . = ALIGN (0x4)
                0x00000000030361b0                _end = .
                [!provide]                        PROVIDE (end = .)
                0x00000000030361b0                . = DATA_SEGMENT_END (.)

.stab
 *(.stab)

.stabstr
 *(.stabstr)

.stab.excl
 *(.stab.excl)

.stab.exclstr
 *(.stab.exclstr)

.stab.index
 *(.stab.index)

.stab.indexstr
 *(.stab.indexstr)

.comment        0x0000000000000000       0x25
 *(.comment)
 .comment       0x0000000000000000       0x25 build/us_n64/actors/common1.o
                                         0x26 (size before relaxing)

.pdr            0x0000000000000000        0x0
 .pdr           0x0000000000000000        0x0 build/us_n64/actors/common1.o

.debug
 *(.debug)

.line
 *(.line)

.debug_srcinfo
 *(.debug_srcinfo)

.debug_sfnames
 *(.debug_sfnames)

.debug_aranges
 *(.debug_aranges)

.debug_pubnames
 *(.debug_pubnames)

.debug_info
 *(.debug_info .gnu.linkonce.wi.*)

.debug_abbrev
 *(.debug_abbrev)

.debug_line
 *(.debug_line .debug_line.* .debug_line_end)

.debug_frame
 *(.debug_frame)

.debug_str
 *(.debug_str)

.debug_loc
 *(.debug_loc)

.debug_macinfo
 *(.debug_macinfo)

.debug_weaknames
 *(.debug_weaknames)

.debug_funcnames
 *(.debug_funcnames)

.debug_typenames
 *(.debug_typenames)

.debug_varnames
 *(.debug_varnames)

.debug_pubtypes
 *(.debug_pubtypes)

.debug_ranges
 *(.debug_ranges)

.debug_macro
 *(.debug_macro)

.debug_addr
 *(.debug_addr)

.gnu.attributes
                0x0000000000000000       0x10
 *(.gnu.attributes)
 .gnu.attributes
                0x0000000000000000       0x10 build/us_n64/actors/common1.o

.gptab.sdata
 *(.gptab.data)
 *(.gptab.sdata)

.gptab.sbss
 *(.gptab.bss)
 *(.gptab.sbss)

.mdebug.abi32   0x0000000000000000        0x0
 *(.mdebug.abi32)
 .mdebug.abi32  0x0000000000000000        0x0 build/us_n64/actors/common1.o

.mdebug.abiN32
 *(.mdebug.abiN32)

.mdebug.abi64
 *(.mdebug.abi64)

.mdebug.abiO64
 *(.mdebug.abiO64)

.mdebug.eabi32
 *(.mdebug.eabi32)

.mdebug.eabi64
 *(.mdebug.eabi64)

.gcc_compiled_long32
 *(.gcc_compiled_long32)

.gcc_compiled_long64
 *(.gcc_compiled_long64)

/DISCARD/
 *(.note.GNU-stack)
 *(.gnu_debuglink)
 *(.gnu.lto_*)
OUTPUT(build/us_n64/actors/common1.elf elf32-bigmips)
