
Discarded input sections

 .note.GNU-stack
                0x0000000000000000        0x0 build/us_n64/actors/common0.o

Memory Configuration

Name             Origin             Length             Attributes
*default*        0x0000000000000000 0xffffffffffffffff

Linker script and memory map

Address of section .text set to 0x8000000
LOAD build/us_n64/actors/common0.o
                [!provide]                        PROVIDE (__executable_start = SEGMENT_START ("text-segment", 0x400000))
                0x0000000000400000                . = SEGMENT_START ("text-segment", 0x400000)

.interp
 *(.interp)

.MIPS.abiflags  0x0000000000400000       0x18
 *(.MIPS.abiflags)
 .MIPS.abiflags
                0x0000000000400000       0x18 build/us_n64/actors/common0.o

.reginfo        0x0000000000400018       0x18
 *(.reginfo)
 .reginfo       0x0000000000400018       0x18 build/us_n64/actors/common0.o

.note.gnu.build-id
 *(.note.gnu.build-id)

.dynamic
 *(.dynamic)

.hash
 *(.hash)

.gnu.hash
 *(.gnu.hash)

.dynsym
 *(.dynsym)

.dynstr
 *(.dynstr)

.gnu.version
 *(.gnu.version)

.gnu.version_d
 *(.gnu.version_d)

.gnu.version_r
 *(.gnu.version_r)

.rel.dyn        0x0000000000400030        0x0
 *(.rel.init)
 *(.rel.text .rel.text.* .rel.gnu.linkonce.t.*)
 *(.rel.fini)
 *(.rel.rodata .rel.rodata.* .rel.gnu.linkonce.r.*)
 *(.rel.data.rel.ro .rel.data.rel.ro.* .rel.gnu.linkonce.d.rel.ro.*)
 *(.rel.data .rel.data.* .rel.gnu.linkonce.d.*)
 *(.rel.tdata .rel.tdata.* .rel.gnu.linkonce.td.*)
 *(.rel.tbss .rel.tbss.* .rel.gnu.linkonce.tb.*)
 *(.rel.ctors)
 *(.rel.dtors)
 *(.rel.got)
 *(.rel.dyn)
 .rel.dyn       0x0000000000400030        0x0 build/us_n64/actors/common0.o
 *(.rel.sdata .rel.sdata.* .rel.gnu.linkonce.s.*)
 *(.rel.sbss .rel.sbss.* .rel.gnu.linkonce.sb.*)
 *(.rel.sdata2 .rel.sdata2.* .rel.gnu.linkonce.s2.*)
 *(.rel.sbss2 .rel.sbss2.* .rel.gnu.linkonce.sb2.*)
 *(.rel.bss .rel.bss.* .rel.gnu.linkonce.b.*)
                [!provide]                        PROVIDE (__rel_iplt_start = .)
 *(.rel.iplt)
                [!provide]                        PROVIDE (__rel_iplt_end = .)

.rela.dyn       0x0000000000400030        0x0
 *(.rela.init)
 *(.rela.text .rela.text.* .rela.gnu.linkonce.t.*)
 *(.rela.fini)
 *(.rela.rodata .rela.rodata.* .rela.gnu.linkonce.r.*)
 *(.rela.data .rela.data.* .rela.gnu.linkonce.d.*)
 *(.rela.tdata .rela.tdata.* .rela.gnu.linkonce.td.*)
 *(.rela.tbss .rela.tbss.* .rela.gnu.linkonce.tb.*)
 *(.rela.ctors)
 *(.rela.dtors)
 *(.rela.got)
 *(.rela.sdata .rela.sdata.* .rela.gnu.linkonce.s.*)
 *(.rela.sbss .rela.sbss.* .rela.gnu.linkonce.sb.*)
 *(.rela.sdata2 .rela.sdata2.* .rela.gnu.linkonce.s2.*)
 *(.rela.sbss2 .rela.sbss2.* .rela.gnu.linkonce.sb2.*)
 *(.rela.bss .rela.bss.* .rela.gnu.linkonce.b.*)
                [!provide]                        PROVIDE (__rela_iplt_start = .)
 *(.rela.iplt)
                [!provide]                        PROVIDE (__rela_iplt_end = .)

.rel.plt
 *(.rel.plt)

.rela.plt
 *(.rela.plt)

.init
 *(SORT_NONE(.init))

.plt
 *(.plt)

.iplt
 *(.iplt)

.text           0x0000000008000000        0x0
                0x0000000008000000                _ftext = .
 *(.text.unlikely .text.*_unlikely .text.unlikely.*)
 *(.text.exit .text.exit.*)
 *(.text.startup .text.startup.*)
 *(.text.hot .text.hot.*)
 *(.text .stub .text.* .gnu.linkonce.t.*)
 .text          0x0000000008000000        0x0 build/us_n64/actors/common0.o
 *(.gnu.warning)
 *(.mips16.fn.*)
 *(.mips16.call.*)

.fini
 *(SORT_NONE(.fini))
                [!provide]                        PROVIDE (__etext = .)
                [!provide]                        PROVIDE (_etext = .)
                [!provide]                        PROVIDE (etext = .)

.rodata
 *(.rodata .rodata.* .gnu.linkonce.r.*)

.rodata1
 *(.rodata1)

.sdata2
 *(.sdata2 .sdata2.* .gnu.linkonce.s2.*)

.sbss2
 *(.sbss2 .sbss2.* .gnu.linkonce.sb2.*)

.eh_frame_hdr
 *(.eh_frame_hdr)
 *(.eh_frame_entry .eh_frame_entry.*)

.eh_frame
 *(.eh_frame)
 *(.eh_frame.*)

.gcc_except_table
 *(.gcc_except_table .gcc_except_table.*)

.gnu_extab
 *(.gnu_extab*)

.exception_ranges
 *(.exception_ranges .exception_ranges*)
                0x0000000008000000                . = DATA_SEGMENT_ALIGN (CONSTANT (MAXPAGESIZE), CONSTANT (COMMONPAGESIZE))

.eh_frame
 *(.eh_frame)
 *(.eh_frame.*)

.gnu_extab
 *(.gnu_extab)

.gcc_except_table
 *(.gcc_except_table .gcc_except_table.*)

.exception_ranges
 *(.exception_ranges .exception_ranges*)

.tdata
 *(.tdata .tdata.* .gnu.linkonce.td.*)

.tbss
 *(.tbss .tbss.* .gnu.linkonce.tb.*)
 *(.tcommon)

.preinit_array  0x0000000008000000        0x0
                [!provide]                        PROVIDE (__preinit_array_start = .)
 *(.preinit_array)
                [!provide]                        PROVIDE (__preinit_array_end = .)

.init_array     0x0000000008000000        0x0
                [!provide]                        PROVIDE (__init_array_start = .)
 *(SORT_BY_INIT_PRIORITY(.init_array.*) SORT_BY_INIT_PRIORITY(.ctors.*))
 *(.init_array EXCLUDE_FILE(*crtend?.o *crtend.o *crtbegin?.o *crtbegin.o) .ctors)
                [!provide]                        PROVIDE (__init_array_end = .)

.fini_array     0x0000000008000000        0x0
                [!provide]                        PROVIDE (__fini_array_start = .)
 *(SORT_BY_INIT_PRIORITY(.fini_array.*) SORT_BY_INIT_PRIORITY(.dtors.*))
 *(.fini_array EXCLUDE_FILE(*crtend?.o *crtend.o *crtbegin?.o *crtbegin.o) .dtors)
                [!provide]                        PROVIDE (__fini_array_end = .)

.ctors
 *crtbegin.o(.ctors)
 *crtbegin?.o(.ctors)
 *(EXCLUDE_FILE(*crtend?.o *crtend.o) .ctors)
 *(SORT_BY_NAME(.ctors.*))
 *(.ctors)

.dtors
 *crtbegin.o(.dtors)
 *crtbegin?.o(.dtors)
 *(EXCLUDE_FILE(*crtend?.o *crtend.o) .dtors)
 *(SORT_BY_NAME(.dtors.*))
 *(.dtors)

.jcr
 *(.jcr)

.data.rel.ro
 *(.data.rel.ro.local* .gnu.linkonce.d.rel.ro.local.*)
 *(.data.rel.ro .data.rel.ro.* .gnu.linkonce.d.rel.ro.*)
                0x0000000008000000                . = DATA_SEGMENT_RELRO_END (., 0x0)

.data           0x0000000008000000    0x3dfe0
                0x0000000008000000                _fdata = .
 *(.data .data.* .gnu.linkonce.d.*)
 .data          0x0000000008000000    0x3dfe0 build/us_n64/actors/common0.o
                0x0000000008000000                flag_mario_material_revert_render_settings
                0x0000000008000040                flag_mario_CheckpointFlag__CheckpointFlagMarkMat00_mesh_layer_1
                0x0000000008000070                mat_flag_mario_CheckpointFlagBodyMat00_f3d
                0x00000000080000d0                mat_revert_flag_mario_CheckpointFlagMarkMat00_f3d
                0x00000000080000e8                mat_flag_mario_CheckpointFlagMarkMat00_f3d
                0x0000000008000170                flag_mario_CheckpointFlag__CheckpointFlagMarkMat00_mesh_layer_1_tri_1
                0x0000000008002d70                flag_mario_CheckpointFlag__CheckpointFlagMarkMat00_mesh_layer_1_vtx_1
                0x0000000008008be0                flag_mario_CheckpointFlag__CheckpointFlagMarkMat00_mesh_layer_1_tri_0
                0x0000000008009290                flag_mario_CheckpointFlag__CheckpointFlagMarkMat00_mesh_layer_1_vtx_0
                0x000000000800a0f0                flag_mario_CheckpointFlagBody_alb_rgba16
                0x000000000800a2f0                flag_mario_CheckpointFlagBody_alb_rgba16_aligner
                0x000000000800a2f8                flag_mario_CheckpointFlagMark_alb_1_ci8_pal_rgba16
                0x000000000800a328                flag_mario_CheckpointFlagMark_alb_1_ci8_pal_rgba16_aligner
                0x000000000800a330                flag_mario_CheckpointFlagMark_alb_1_ci8
                0x000000000800a730                flag_mario_CheckpointFlagMark_alb_1_ci8_aligner
                0x000000000800a738                flag_mario_CheckpointFlagBodyMat00_f3d_lights
                0x000000000800a750                flag_mario_CheckpointFlagMarkMat00_f3d_lights
                0x000000000800a768                flag_bowser_material_revert_render_settings
                0x000000000800a7a8                flag_bowser_CheckpointFlag__CheckpointFlagMarkMat00_mesh_layer_1
                0x000000000800a7d8                mat_flag_bowser_CheckpointFlagBodyMat00_f3d
                0x000000000800a838                mat_revert_flag_bowser_CheckpointFlagMarkMat00_f3d
                0x000000000800a850                mat_flag_bowser_CheckpointFlagMarkMat00_f3d
                0x000000000800a8d8                flag_bowser_CheckpointFlag__CheckpointFlagMarkMat00_mesh_layer_1_tri_1
                0x000000000800d4d8                flag_bowser_CheckpointFlag__CheckpointFlagMarkMat00_mesh_layer_1_vtx_1
                0x0000000008013348                flag_bowser_CheckpointFlag__CheckpointFlagMarkMat00_mesh_layer_1_tri_0
                0x00000000080139f8                flag_bowser_CheckpointFlag__CheckpointFlagMarkMat00_mesh_layer_1_vtx_0
                0x0000000008014858                flag_bowser_CheckpointFlagBody_alb_rgba16
                0x0000000008014a58                flag_bowser_CheckpointFlagBody_alb_rgba16_aligner
                0x0000000008014a60                flag_bowser_CheckpointFlagMark_alb_0_ci8_pal_rgba16
                0x0000000008014a98                flag_bowser_CheckpointFlagMark_alb_0_ci8_pal_rgba16_aligner
                0x0000000008014aa0                flag_bowser_CheckpointFlagMark_alb_0_ci8
                0x0000000008014ea0                flag_bowser_CheckpointFlagMark_alb_0_ci8_aligner
                0x0000000008014ea8                flag_bowser_CheckpointFlagBodyMat00_f3d_lights
                0x0000000008014ec0                flag_bowser_CheckpointFlagMarkMat00_f3d_lights
                0x0000000008014ed8                dashpad_collision
                0x0000000008014f74                dashpad_collison_collision
                0x0000000008015010                dashpad_material_revert_render_settings
                0x0000000008015050                dashpad_Cube_mesh_layer_1
                0x0000000008015068                mat_dashpad_f3dlite_material
                0x00000000080150c8                dashpad_Cube_mesh_layer_1_tri_0
                0x0000000008015140                dashpad_Cube_mesh_layer_1_vtx_0
                0x00000000080152c0                dashpad_dash_pannel_texture_rgba16
                0x00000000080162c0                dashpad_dash_pannel_texture_rgba16_aligner
                0x00000000080162c8                dashpad_f3dlite_material_lights
                0x00000000080162e0                koopa_shell_seg8_dl_08028B78
                0x0000000008016358                koopa_shell_seg8_dl_08028A20
                0x0000000008016430                koopa_shell_seg8_dl_08028978
                0x0000000008016498                koopa_shell_seg8_dl_080288E0
                0x0000000008017970                koopa_shell_seg8_dl_08027420
                0x00000000080179c0                koopa_shell_seg8_dl_080273C8
                0x0000000008017a18                koopa_shell_seg8_dl_08027258
                0x0000000008017b10                koopa_shell_seg8_dl_08027170
                0x0000000008017bb0                koopa_shell_seg8_dl_08027108
                0x0000000008018978                unknown_seg8_collision_080262F8
                0x0000000008018a18                unknown_seg8_dl_08026260
                0x0000000008018ce0                exclamation_box_outline_seg8_collision_08025F78
                0x0000000008018d80                exclamation_box_outline_seg8_dl_exclamation_point
                0x0000000008018df0                exclamation_box_outline_seg8_dl_08025EC0
                0x0000000008019288                exclamation_box_outline_seg8_dl_080259F8
                0x00000000080192f8                exclamation_box_outline_seg8_dl_08025968
                0x0000000008019cb8                exclamation_box_outline_seg8_dl_08024FE8
                0x0000000008019cd8                exclamation_box_outline_seg8_dl_08024FC8
                0x0000000008019cf8                exclamation_box_outline_seg8_dl_08024FA8
                0x0000000008019d18                exclamation_box_outline_seg8_dl_08024F88
                0x0000000008019d38                exclamation_box_outline_seg8_dl_08024F58
                0x0000000008019d68                exclamation_box_outline_seg8_dl_08024F30
                0x0000000008019d90                exclamation_box_outline_seg8_dl_08024EB8
                0x0000000008019fe0                metal_box_seg8_collision_08024C28
                0x000000000801a080                metal_box_dl
                0x000000000801a0f0                metal_box_seg8_dl_08024B18
                0x000000000801b2f8                bobomb_seg8_anims_0802396C
                0x000000000801b748                bobomb_seg8_dl_08023480
                0x000000000801b7b0                bobomb_seg8_dl_08023378
                0x000000000801b848                bobomb_seg8_dl_08023270
                0x000000000801bd50                bobomb_seg8_dl_08022D78
                0x000000000801bdc0                bobomb_seg8_dl_08022D08
                0x000000000801be30                bobomb_seg8_dl_08022CA0
                0x000000000801be88                bobomb_seg8_dl_08022C38
                0x000000000801bf60                bobomb_seg8_dl_08022B88
                0x000000000801bf90                bobomb_seg8_dl_08022B58
                0x000000000801bfc0                bobomb_seg8_dl_08022B08
                0x000000000801c000                bobomb_seg8_dl_08022AC0
                0x00000000080210a8                goomba_seg8_anims_0801DA4C
                0x0000000008021390                goomba_seg8_dl_0801D760
                0x00000000080213a0                goomba_seg8_dl_0801D360
                0x00000000080215d8                goomba_seg8_dl_0801D0D0
                0x0000000008021758                goomba_seg8_dl_0801CF78
                0x0000000008021820                goomba_seg8_dl_0801CE20
                0x0000000008023008                goomba_seg8_dl_0801B690
                0x0000000008023078                goomba_seg8_dl_0801B658
                0x00000000080230e8                floomba_seg8_dl_blink
                0x0000000008023110                floomba_seg8_dl_face
                0x0000000008023138                goomba_seg8_dl_0801B5F0
                0x0000000008023160                goomba_seg8_dl_0801B5C8
                0x0000000008023188                goomba_seg8_dl_0801B5A0
                0x00000000080231b0                goomba_seg8_dl_0801B560
                0x00000000080231f0                goomba_seg8_dl_0801B2E8
                0x0000000008026178                exclamation_box_seg8_dl_08019438
                0x00000000080261d8                exclamation_box_seg8_dl_080193D8
                0x0000000008026238                exclamation_box_seg8_dl_08019378
                0x0000000008026298                exclamation_box_seg8_dl_08019318
                0x00000000080262f8                exclamation_box_seg8_dl_080192D0
                0x0000000008026340                exclamation_box_seg8_dl_08019280
                0x0000000008026380                exclamation_box_seg8_dl_08019220
                0x0000000008026540                exclamation_box_seg8_dl_08019058
                0x0000000008026588                exclamation_box_seg8_dl_08019008
                0x00000000080265c8                exclamation_box_seg8_dl_08018FA8
                0x000000000802c7a0                breakable_box_seg8_collision
                0x000000000802c840                breakable_box_seg8_dl_cork_box
                0x000000000802c868                breakable_box_seg8_dl_crazy_box
                0x000000000802c890                breakable_box_seg8_sub_dl_begin
                0x000000000802c8d8                breakable_box_seg8_sub_dl_end
                0x000000000802db00                flyguy_seg8_anims_08011A64
                0x000000000802ddd8                flyguy_seg8_dl_08011710
                0x000000000802de60                flyguy_seg8_dl_080116D0
                0x000000000802de90                flyguy_seg8_dl_08011420
                0x000000000802e038                flyguy_seg8_dl_080113A8
                0x000000000802e848                flyguy_seg8_dl_08010B80
                0x000000000802e8b8                flyguy_seg8_dl_08010B38
                0x000000000802e950                flyguy_seg8_dl_08010A90
                0x000000000802e988                flyguy_seg8_dl_08010968
                0x000000000802ea40                flyguy_seg8_dl_08010840
                0x0000000008031238                heart_seg8_dl_0800DFE0
                0x0000000008031b08                checkerboard_platform_seg8_collision_platform
                0x0000000008031ba8                checkerboard_platform_seg8_dl_0800D680
                0x0000000008031c38                checkerboard_platform_seg8_dl_0800D618
                0x0000000008031c80                checkerboard_platform_seg8_dl_0800D5C0
                0x0000000008032a60                purple_switch_seg8_collision_0800C7A8
                0x0000000008032af0                purple_switch_seg8_dl_0800C718
                0x0000000008032b80                purple_switch_seg8_dl_0800C6E0
                0x0000000008032bb0                purple_switch_seg8_dl_0800C668
                0x00000000080331e0                chuckya_seg8_anims_0800C070
                0x0000000008034650                chuckya_seg8_dl_0800ABE8
                0x0000000008034680                chuckya_seg8_dl_0800AB70
                0x0000000008034890                chuckya_seg8_dl_0800A998
                0x00000000080348b0                chuckya_seg8_dl_0800A958
                0x0000000008034948                chuckya_seg8_dl_0800A8D0
                0x0000000008034968                chuckya_seg8_dl_0800A870
                0x0000000008034a50                chuckya_seg8_dl_0800A758
                0x0000000008034ac0                chuckya_seg8_dl_0800A700
                0x0000000008034ba0                chuckya_seg8_dl_0800A5F8
                0x0000000008034c10                chuckya_seg8_dl_0800A5C0
                0x0000000008034c80                chuckya_seg8_dl_0800A510
                0x0000000008034cf0                chuckya_seg8_dl_0800A4D8
                0x0000000008034d60                chuckya_seg8_dl_0800A428
                0x0000000008034dd0                chuckya_seg8_dl_0800A3F0
                0x0000000008034e40                chuckya_seg8_dl_0800A338
                0x0000000008034eb8                chuckya_seg8_dl_0800A300
                0x0000000008034ee8                chuckya_seg8_dl_0800A2C8
                0x0000000008034f98                chuckya_seg8_dl_0800A1D0
                0x0000000008035010                chuckya_seg8_dl_0800A198
                0x0000000008035040                chuckya_seg8_dl_0800A160
                0x00000000080350f0                chuckya_seg8_dl_0800A068
                0x0000000008035168                chuckya_seg8_dl_0800A030
                0x0000000008035198                chuckya_seg8_dl_08009FF8
                0x0000000008038a48                cannon_barrel_seg8_dl_08006660
                0x0000000008038ab0                cannon_barrel_seg8_dl_080064C0
                0x0000000008038ba0                cannon_barrel_seg8_dl_08006408
                0x00000000080397a8                cannon_base_seg8_dl_080057F8
                0x0000000008039820                cannon_base_seg8_dl_080056D0
                0x00000000080398d8                cannon_base_seg8_dl_08005658
                0x000000000803a600                cannon_lid_seg8_collision_08004950
                0x000000000803a638                cannon_lid_seg8_dl_080048E0
                0x000000000803a6a8                cannon_lid_seg8_dl_08004898
                0x000000000803af40                dAmpAnimsList
                0x000000000803b148                dAmpBodyDl
                0x000000000803b1b8                dAmpBodySubDl
                0x000000000803b228                dAmpMouthDl
                0x000000000803b298                dAmpMouthSubDl
                0x000000000803b308                dAmpEyeDl
                0x000000000803b378                dAmpEyeSubDl
                0x000000000803b3e8                dAmpElectricityDl
                0x000000000803b458                dAmpElectricitySubDl
                0x000000000803d0d8                blue_coin_switch_seg8_collision_08000E98
                0x000000000803d168                blue_coin_switch_seg8_dl_08000E08
                0x000000000803d1f8                blue_coin_switch_seg8_dl_08000DD0
                0x000000000803d228                blue_coin_switch_seg8_dl_08000D58

.data1
 *(.data1)

.got.plt
 *(.got.plt)
                0x000000000803dfe0                . = .
                0x000000000803dfe0                . = .
                0x0000000008045fd0                _gp = (ALIGN (0x10) + 0x7ff0)

.got
 *(.got)

.sdata
 *(.sdata .sdata.* .gnu.linkonce.s.*)

.lit8
 *(.lit8)

.lit4
 *(.lit4)
                0x000000000803dfe0                _edata = .
                [!provide]                        PROVIDE (edata = .)
                0x000000000803dfe0                . = .
                0x000000000803dfe0                __bss_start = .
                0x000000000803dfe0                _fbss = .

.sbss
 *(.dynsbss)
 *(.sbss .sbss.* .gnu.linkonce.sb.*)
 *(.scommon)

.bss            0x000000000803dfe0        0x0
 *(.dynbss)
 *(.bss .bss.* .gnu.linkonce.b.*)
 .bss           0x000000000803dfe0        0x0 build/us_n64/actors/common0.o
 *(COMMON)
                0x000000000803dfe0                . = ALIGN ((. != 0x0)?0x4:0x1)
                0x000000000803dfe0                . = ALIGN (0x4)
                0x000000000803dfe0                . = SEGMENT_START ("ldata-segment", .)
                0x000000000803dfe0                . = ALIGN (0x4)
                0x000000000803dfe0                _end = .
                [!provide]                        PROVIDE (end = .)
                0x000000000803dfe0                . = DATA_SEGMENT_END (.)

.stab
 *(.stab)

.stabstr
 *(.stabstr)

.stab.excl
 *(.stab.excl)

.stab.exclstr
 *(.stab.exclstr)

.stab.index
 *(.stab.index)

.stab.indexstr
 *(.stab.indexstr)

.comment        0x0000000000000000       0x25
 *(.comment)
 .comment       0x0000000000000000       0x25 build/us_n64/actors/common0.o
                                         0x26 (size before relaxing)

.pdr            0x0000000000000000        0x0
 .pdr           0x0000000000000000        0x0 build/us_n64/actors/common0.o

.debug
 *(.debug)

.line
 *(.line)

.debug_srcinfo
 *(.debug_srcinfo)

.debug_sfnames
 *(.debug_sfnames)

.debug_aranges
 *(.debug_aranges)

.debug_pubnames
 *(.debug_pubnames)

.debug_info
 *(.debug_info .gnu.linkonce.wi.*)

.debug_abbrev
 *(.debug_abbrev)

.debug_line
 *(.debug_line .debug_line.* .debug_line_end)

.debug_frame
 *(.debug_frame)

.debug_str
 *(.debug_str)

.debug_loc
 *(.debug_loc)

.debug_macinfo
 *(.debug_macinfo)

.debug_weaknames
 *(.debug_weaknames)

.debug_funcnames
 *(.debug_funcnames)

.debug_typenames
 *(.debug_typenames)

.debug_varnames
 *(.debug_varnames)

.debug_pubtypes
 *(.debug_pubtypes)

.debug_ranges
 *(.debug_ranges)

.debug_macro
 *(.debug_macro)

.debug_addr
 *(.debug_addr)

.gnu.attributes
                0x0000000000000000       0x10
 *(.gnu.attributes)
 .gnu.attributes
                0x0000000000000000       0x10 build/us_n64/actors/common0.o

.gptab.sdata
 *(.gptab.data)
 *(.gptab.sdata)

.gptab.sbss
 *(.gptab.bss)
 *(.gptab.sbss)

.mdebug.abi32   0x0000000000000000        0x0
 *(.mdebug.abi32)
 .mdebug.abi32  0x0000000000000000        0x0 build/us_n64/actors/common0.o

.mdebug.abiN32
 *(.mdebug.abiN32)

.mdebug.abi64
 *(.mdebug.abi64)

.mdebug.abiO64
 *(.mdebug.abiO64)

.mdebug.eabi32
 *(.mdebug.eabi32)

.mdebug.eabi64
 *(.mdebug.eabi64)

.gcc_compiled_long32
 *(.gcc_compiled_long32)

.gcc_compiled_long64
 *(.gcc_compiled_long64)

/DISCARD/
 *(.note.GNU-stack)
 *(.gnu_debuglink)
 *(.gnu.lto_*)
OUTPUT(build/us_n64/actors/common0.elf elf32-bigmips)
