
Discarded input sections

 .note.GNU-stack
                0x0000000000000000        0x0 build/us_n64/actors/group12.o

Memory Configuration

Name             Origin             Length             Attributes
*default*        0x0000000000000000 0xffffffffffffffff

Linker script and memory map

Address of section .text set to 0x6000000
LOAD build/us_n64/actors/group12.o
                [!provide]                        PROVIDE (__executable_start = SEGMENT_START ("text-segment", 0x400000))
                0x0000000000400000                . = SEGMENT_START ("text-segment", 0x400000)

.interp
 *(.interp)

.MIPS.abiflags  0x0000000000400000       0x18
 *(.MIPS.abiflags)
 .MIPS.abiflags
                0x0000000000400000       0x18 build/us_n64/actors/group12.o

.reginfo        0x0000000000400018       0x18
 *(.reginfo)
 .reginfo       0x0000000000400018       0x18 build/us_n64/actors/group12.o

.note.gnu.build-id
 *(.note.gnu.build-id)

.dynamic
 *(.dynamic)

.hash
 *(.hash)

.gnu.hash
 *(.gnu.hash)

.dynsym
 *(.dynsym)

.dynstr
 *(.dynstr)

.gnu.version
 *(.gnu.version)

.gnu.version_d
 *(.gnu.version_d)

.gnu.version_r
 *(.gnu.version_r)

.rel.dyn        0x0000000000400030        0x0
 *(.rel.init)
 *(.rel.text .rel.text.* .rel.gnu.linkonce.t.*)
 *(.rel.fini)
 *(.rel.rodata .rel.rodata.* .rel.gnu.linkonce.r.*)
 *(.rel.data.rel.ro .rel.data.rel.ro.* .rel.gnu.linkonce.d.rel.ro.*)
 *(.rel.data .rel.data.* .rel.gnu.linkonce.d.*)
 *(.rel.tdata .rel.tdata.* .rel.gnu.linkonce.td.*)
 *(.rel.tbss .rel.tbss.* .rel.gnu.linkonce.tb.*)
 *(.rel.ctors)
 *(.rel.dtors)
 *(.rel.got)
 *(.rel.dyn)
 .rel.dyn       0x0000000000400030        0x0 build/us_n64/actors/group12.o
 *(.rel.sdata .rel.sdata.* .rel.gnu.linkonce.s.*)
 *(.rel.sbss .rel.sbss.* .rel.gnu.linkonce.sb.*)
 *(.rel.sdata2 .rel.sdata2.* .rel.gnu.linkonce.s2.*)
 *(.rel.sbss2 .rel.sbss2.* .rel.gnu.linkonce.sb2.*)
 *(.rel.bss .rel.bss.* .rel.gnu.linkonce.b.*)
                [!provide]                        PROVIDE (__rel_iplt_start = .)
 *(.rel.iplt)
                [!provide]                        PROVIDE (__rel_iplt_end = .)

.rela.dyn       0x0000000000400030        0x0
 *(.rela.init)
 *(.rela.text .rela.text.* .rela.gnu.linkonce.t.*)
 *(.rela.fini)
 *(.rela.rodata .rela.rodata.* .rela.gnu.linkonce.r.*)
 *(.rela.data .rela.data.* .rela.gnu.linkonce.d.*)
 *(.rela.tdata .rela.tdata.* .rela.gnu.linkonce.td.*)
 *(.rela.tbss .rela.tbss.* .rela.gnu.linkonce.tb.*)
 *(.rela.ctors)
 *(.rela.dtors)
 *(.rela.got)
 *(.rela.sdata .rela.sdata.* .rela.gnu.linkonce.s.*)
 *(.rela.sbss .rela.sbss.* .rela.gnu.linkonce.sb.*)
 *(.rela.sdata2 .rela.sdata2.* .rela.gnu.linkonce.s2.*)
 *(.rela.sbss2 .rela.sbss2.* .rela.gnu.linkonce.sb2.*)
 *(.rela.bss .rela.bss.* .rela.gnu.linkonce.b.*)
                [!provide]                        PROVIDE (__rela_iplt_start = .)
 *(.rela.iplt)
                [!provide]                        PROVIDE (__rela_iplt_end = .)

.rel.plt
 *(.rel.plt)

.rela.plt
 *(.rela.plt)

.init
 *(SORT_NONE(.init))

.plt
 *(.plt)

.iplt
 *(.iplt)

.text           0x0000000006000000        0x0
                0x0000000006000000                _ftext = .
 *(.text.unlikely .text.*_unlikely .text.unlikely.*)
 *(.text.exit .text.exit.*)
 *(.text.startup .text.startup.*)
 *(.text.hot .text.hot.*)
 *(.text .stub .text.* .gnu.linkonce.t.*)
 .text          0x0000000006000000        0x0 build/us_n64/actors/group12.o
 *(.gnu.warning)
 *(.mips16.fn.*)
 *(.mips16.call.*)

.fini
 *(SORT_NONE(.fini))
                [!provide]                        PROVIDE (__etext = .)
                [!provide]                        PROVIDE (_etext = .)
                [!provide]                        PROVIDE (etext = .)

.rodata
 *(.rodata .rodata.* .gnu.linkonce.r.*)

.rodata1
 *(.rodata1)

.sdata2
 *(.sdata2 .sdata2.* .gnu.linkonce.s2.*)

.sbss2
 *(.sbss2 .sbss2.* .gnu.linkonce.sb2.*)

.eh_frame_hdr
 *(.eh_frame_hdr)
 *(.eh_frame_entry .eh_frame_entry.*)

.eh_frame
 *(.eh_frame)
 *(.eh_frame.*)

.gcc_except_table
 *(.gcc_except_table .gcc_except_table.*)

.gnu_extab
 *(.gnu_extab*)

.exception_ranges
 *(.exception_ranges .exception_ranges*)
                0x0000000006000000                . = DATA_SEGMENT_ALIGN (CONSTANT (MAXPAGESIZE), CONSTANT (COMMONPAGESIZE))

.eh_frame
 *(.eh_frame)
 *(.eh_frame.*)

.gnu_extab
 *(.gnu_extab)

.gcc_except_table
 *(.gcc_except_table .gcc_except_table.*)

.exception_ranges
 *(.exception_ranges .exception_ranges*)

.tdata
 *(.tdata .tdata.* .gnu.linkonce.td.*)

.tbss
 *(.tbss .tbss.* .gnu.linkonce.tb.*)
 *(.tcommon)

.preinit_array  0x0000000006000000        0x0
                [!provide]                        PROVIDE (__preinit_array_start = .)
 *(.preinit_array)
                [!provide]                        PROVIDE (__preinit_array_end = .)

.init_array     0x0000000006000000        0x0
                [!provide]                        PROVIDE (__init_array_start = .)
 *(SORT_BY_INIT_PRIORITY(.init_array.*) SORT_BY_INIT_PRIORITY(.ctors.*))
 *(.init_array EXCLUDE_FILE(*crtend?.o *crtend.o *crtbegin?.o *crtbegin.o) .ctors)
                [!provide]                        PROVIDE (__init_array_end = .)

.fini_array     0x0000000006000000        0x0
                [!provide]                        PROVIDE (__fini_array_start = .)
 *(SORT_BY_INIT_PRIORITY(.fini_array.*) SORT_BY_INIT_PRIORITY(.dtors.*))
 *(.fini_array EXCLUDE_FILE(*crtend?.o *crtend.o *crtbegin?.o *crtbegin.o) .dtors)
                [!provide]                        PROVIDE (__fini_array_end = .)

.ctors
 *crtbegin.o(.ctors)
 *crtbegin?.o(.ctors)
 *(EXCLUDE_FILE(*crtend?.o *crtend.o) .ctors)
 *(SORT_BY_NAME(.ctors.*))
 *(.ctors)

.dtors
 *crtbegin.o(.dtors)
 *crtbegin?.o(.dtors)
 *(EXCLUDE_FILE(*crtend?.o *crtend.o) .dtors)
 *(SORT_BY_NAME(.dtors.*))
 *(.dtors)

.jcr
 *(.jcr)

.data.rel.ro
 *(.data.rel.ro.local* .gnu.linkonce.d.rel.ro.local.*)
 *(.data.rel.ro .data.rel.ro.* .gnu.linkonce.d.rel.ro.*)
                0x0000000006000000                . = DATA_SEGMENT_RELRO_END (., 0x0)

.data           0x0000000006000000    0x5ff70
                0x0000000006000000                _fdata = .
 *(.data .data.* .gnu.linkonce.d.*)
 .data          0x0000000006000000    0x5ff70 build/us_n64/actors/group12.o
                0x0000000006000000                impact_smoke_seg6_dl_06062D18
                0x00000000060000a0                impact_smoke_seg6_dl_06062C78
                0x0000000006000140                impact_smoke_seg6_dl_06062BD8
                0x00000000060001e0                impact_smoke_seg6_dl_06062B38
                0x0000000006000280                impact_smoke_seg6_dl_06062B08
                0x00000000060002b0                impact_smoke_seg6_dl_06062AF0
                0x00000000060002c0                impact_smoke_seg6_dl_06062AD8
                0x00000000060002d0                impact_smoke_seg6_dl_06062AA8
                0x0000000006008378                bomb_seg6_dl_0605A9C0
                0x00000000060083d8                bomb_seg6_dl_0605A8A8
                0x00000000060084a0                bomb_seg6_dl_0605A830
                0x0000000006008518                bomb_seg6_dl_0605A7F8
                0x0000000006008548                bomb_seg6_dl_0605A7C0
                0x000000000600b290                dBowserFlamesOrientationValues
                0x000000000600b634                bowser_seg6_anims_06057690
                0x000000000601f630                bowser_seg6_dl_06043698
                0x000000000601f698                bowser_seg6_dl_06043648
                0x000000000601f6d8                bowser_seg6_dl_06043548
                0x000000000601fa50                bowser_seg6_dl_060431F0
                0x000000000601fad8                bowser_seg6_dl_06043180
                0x000000000601fb28                bowser_seg6_dl_060430E8
                0x000000000601fb98                bowser_seg6_dl_06042EE0
                0x0000000006020558                bowser_seg6_dl_06042608
                0x00000000060205b0                bowser_seg6_dl_060425B0
                0x0000000006020608                bowser_seg6_dl_06042558
                0x0000000006020660                bowser_seg6_dl_06042500
                0x00000000060206b8                bowser_seg6_dl_060424A8
                0x0000000006020710                bowser_seg6_dl_06042450
                0x0000000006020768                bowser_seg6_dl_060423F8
                0x00000000060207c0                bowser_seg6_dl_060423A0
                0x0000000006020818                bowser_seg6_dl_06042348
                0x0000000006020870                bowser_seg6_dl_06042328
                0x0000000006020890                bowser_seg6_dl_06042278
                0x0000000006020940                bowser_seg6_dl_06042220
                0x0000000006020978                bowser_seg6_dl_060421D8
                0x00000000060209b0                bowser_seg6_dl_06042140
                0x0000000006020a10                bowser_seg6_dl_060420F0
                0x0000000006020a40                bowser_seg6_dl_06042098
                0x0000000006020a80                bowser_seg6_dl_06041F50
                0x0000000006020b50                bowser_seg6_dl_06041EA8
                0x0000000006020bc0                bowser_seg6_dl_06041E48
                0x0000000006020c08                bowser_seg6_dl_06041BA0
                0x0000000006020da8                bowser_seg6_dl_06041A28
                0x00000000060225f0                bowser_seg6_dl_06040358
                0x00000000060226c0                bowser_seg6_dl_06040210
                0x0000000006022788                bowser_seg6_dl_060401F0
                0x00000000060227a0                bowser_seg6_dl_06040180
                0x00000000060227f0                bowser_seg6_dl_0603FFA8
                0x0000000006022930                bowser_seg6_dl_0603FEA8
                0x00000000060229d8                bowser_seg6_dl_0603FDD0
                0x0000000006022a60                bowser_seg6_dl_0603FD38
                0x0000000006022ac0                bowser_seg6_dl_0603FC18
                0x0000000006022b70                bowser_seg6_dl_0603FBA8
                0x0000000006024058                bowser_seg6_dl_0603E6B8
                0x00000000060240b8                bowser_seg6_dl_0603E500
                0x0000000006024698                bowser_seg6_dl_0603DFB0
                0x0000000006024718                bowser_seg6_dl_0603DDD0
                0x0000000006024840                bowser_seg6_dl_0603DC70
                0x0000000006025310                bowser_seg6_dl_0603D200
                0x0000000006025390                bowser_seg6_dl_0603D098
                0x0000000006025470                bowser_seg6_dl_0603CF28
                0x0000000006025d20                bowser_seg6_dl_0603C6D0
                0x0000000006025da8                bowser_seg6_dl_0603C650
                0x0000000006025e08                bowser_seg6_dl_0603C5A8
                0x0000000006025e78                bowser_seg6_dl_0603C500
                0x00000000060263a0                bowser_seg6_dl_0603BFC8
                0x0000000006026428                bowser_seg6_dl_0603BF48
                0x0000000006026488                bowser_seg6_dl_0603BEA0
                0x00000000060264f8                bowser_seg6_dl_0603BDF8
                0x0000000006026a20                bowser_seg6_dl_0603B948
                0x0000000006026aa0                bowser_seg6_dl_0603B8D0
                0x0000000006026b18                bowser_seg6_dl_0603B718
                0x00000000060270b8                bowser_seg6_dl_0603B208
                0x0000000006027138                bowser_seg6_dl_0603B038
                0x0000000006027258                bowser_seg6_dl_0603AED8
                0x0000000006027ca8                bowser_seg6_dl_0603A4E8
                0x0000000006027d28                bowser_seg6_dl_0603A380
                0x0000000006027e08                bowser_seg6_dl_0603A210
                0x00000000060286a0                bowser_seg6_dl_060399D8
                0x0000000006028728                bowser_seg6_dl_06039958
                0x0000000006028780                bowser_seg6_dl_060398B0
                0x00000000060287f0                bowser_seg6_dl_06039808
                0x0000000006028d08                bowser_seg6_dl_060392E0
                0x0000000006028d90                bowser_seg6_dl_06039260
                0x0000000006028df0                bowser_seg6_dl_060391C8
                0x0000000006028e58                bowser_seg6_dl_06039110
                0x0000000006040b80                yellow_sphere_seg6_dl_0601F3C0
                0x0000000006040bf0                yellow_sphere_seg6_dl_0601F388
                0x0000000006041460                impact_ring_seg6_dl_0601EAC0
                0x00000000060414e0                impact_ring_seg6_dl_0601EA88
                0x0000000006041510                impact_ring_seg6_dl_0601EA50
                0x00000000060435c0                flame_seg6_dl_0601C928
                0x0000000006043660                flame_seg6_dl_0601C888
                0x0000000006043700                flame_seg6_dl_0601C7E8
                0x00000000060437a0                flame_seg6_dl_0601C748
                0x0000000006043840                flame_seg6_dl_0601C6A8
                0x00000000060438e0                flame_seg6_dl_0601C608
                0x0000000006043980                flame_seg6_dl_0601C568
                0x0000000006043a20                flame_seg6_dl_0601C4C8
                0x0000000006043ac0                flame_seg6_dl_0601C428
                0x0000000006043b60                flame_seg6_dl_0601C388
                0x0000000006043c00                flame_seg6_dl_0601C2E8
                0x0000000006043ca0                flame_seg6_dl_0601C248
                0x0000000006043d40                flame_seg6_dl_0601C1A8
                0x0000000006043de0                flame_seg6_dl_0601C108
                0x0000000006043e80                flame_seg6_dl_0601C0E0
                0x0000000006043ea8                flame_seg6_dl_0601C0C8
                0x0000000006043eb8                flame_seg6_dl_0601C0B0
                0x0000000006043ec8                flame_seg6_dl_0601C080

.data1
 *(.data1)

.got.plt
 *(.got.plt)
                0x000000000605ff70                . = .
                0x000000000605ff70                . = .
                0x0000000006067f60                _gp = (ALIGN (0x10) + 0x7ff0)

.got
 *(.got)

.sdata
 *(.sdata .sdata.* .gnu.linkonce.s.*)

.lit8
 *(.lit8)

.lit4
 *(.lit4)
                0x000000000605ff70                _edata = .
                [!provide]                        PROVIDE (edata = .)
                0x000000000605ff70                . = .
                0x000000000605ff70                __bss_start = .
                0x000000000605ff70                _fbss = .

.sbss
 *(.dynsbss)
 *(.sbss .sbss.* .gnu.linkonce.sb.*)
 *(.scommon)

.bss            0x000000000605ff70        0x0
 *(.dynbss)
 *(.bss .bss.* .gnu.linkonce.b.*)
 .bss           0x000000000605ff70        0x0 build/us_n64/actors/group12.o
 *(COMMON)
                0x000000000605ff70                . = ALIGN ((. != 0x0)?0x4:0x1)
                0x000000000605ff70                . = ALIGN (0x4)
                0x000000000605ff70                . = SEGMENT_START ("ldata-segment", .)
                0x000000000605ff70                . = ALIGN (0x4)
                0x000000000605ff70                _end = .
                [!provide]                        PROVIDE (end = .)
                0x000000000605ff70                . = DATA_SEGMENT_END (.)

.stab
 *(.stab)

.stabstr
 *(.stabstr)

.stab.excl
 *(.stab.excl)

.stab.exclstr
 *(.stab.exclstr)

.stab.index
 *(.stab.index)

.stab.indexstr
 *(.stab.indexstr)

.comment        0x0000000000000000       0x25
 *(.comment)
 .comment       0x0000000000000000       0x25 build/us_n64/actors/group12.o
                                         0x26 (size before relaxing)

.pdr            0x0000000000000000        0x0
 .pdr           0x0000000000000000        0x0 build/us_n64/actors/group12.o

.debug
 *(.debug)

.line
 *(.line)

.debug_srcinfo
 *(.debug_srcinfo)

.debug_sfnames
 *(.debug_sfnames)

.debug_aranges
 *(.debug_aranges)

.debug_pubnames
 *(.debug_pubnames)

.debug_info
 *(.debug_info .gnu.linkonce.wi.*)

.debug_abbrev
 *(.debug_abbrev)

.debug_line
 *(.debug_line .debug_line.* .debug_line_end)

.debug_frame
 *(.debug_frame)

.debug_str
 *(.debug_str)

.debug_loc
 *(.debug_loc)

.debug_macinfo
 *(.debug_macinfo)

.debug_weaknames
 *(.debug_weaknames)

.debug_funcnames
 *(.debug_funcnames)

.debug_typenames
 *(.debug_typenames)

.debug_varnames
 *(.debug_varnames)

.debug_pubtypes
 *(.debug_pubtypes)

.debug_ranges
 *(.debug_ranges)

.debug_macro
 *(.debug_macro)

.debug_addr
 *(.debug_addr)

.gnu.attributes
                0x0000000000000000       0x10
 *(.gnu.attributes)
 .gnu.attributes
                0x0000000000000000       0x10 build/us_n64/actors/group12.o

.gptab.sdata
 *(.gptab.data)
 *(.gptab.sdata)

.gptab.sbss
 *(.gptab.bss)
 *(.gptab.sbss)

.mdebug.abi32   0x0000000000000000        0x0
 *(.mdebug.abi32)
 .mdebug.abi32  0x0000000000000000        0x0 build/us_n64/actors/group12.o

.mdebug.abiN32
 *(.mdebug.abiN32)

.mdebug.abi64
 *(.mdebug.abi64)

.mdebug.abiO64
 *(.mdebug.abiO64)

.mdebug.eabi32
 *(.mdebug.eabi32)

.mdebug.eabi64
 *(.mdebug.eabi64)

.gcc_compiled_long32
 *(.gcc_compiled_long32)

.gcc_compiled_long64
 *(.gcc_compiled_long64)

/DISCARD/
 *(.note.GNU-stack)
 *(.gnu_debuglink)
 *(.gnu.lto_*)
OUTPUT(build/us_n64/actors/group12.elf elf32-bigmips)
