
Discarded input sections

 .note.GNU-stack
                0x0000000000000000        0x0 build/us_n64/actors/group1.o

Memory Configuration

Name             Origin             Length             Attributes
*default*        0x0000000000000000 0xffffffffffffffff

Linker script and memory map

Address of section .text set to 0x5000000
LOAD build/us_n64/actors/group1.o
                [!provide]                        PROVIDE (__executable_start = SEGMENT_START ("text-segment", 0x400000))
                0x0000000000400000                . = SEGMENT_START ("text-segment", 0x400000)

.interp
 *(.interp)

.MIPS.abiflags  0x0000000000400000       0x18
 *(.MIPS.abiflags)
 .MIPS.abiflags
                0x0000000000400000       0x18 build/us_n64/actors/group1.o

.reginfo        0x0000000000400018       0x18
 *(.reginfo)
 .reginfo       0x0000000000400018       0x18 build/us_n64/actors/group1.o

.note.gnu.build-id
 *(.note.gnu.build-id)

.dynamic
 *(.dynamic)

.hash
 *(.hash)

.gnu.hash
 *(.gnu.hash)

.dynsym
 *(.dynsym)

.dynstr
 *(.dynstr)

.gnu.version
 *(.gnu.version)

.gnu.version_d
 *(.gnu.version_d)

.gnu.version_r
 *(.gnu.version_r)

.rel.dyn        0x0000000000400030        0x0
 *(.rel.init)
 *(.rel.text .rel.text.* .rel.gnu.linkonce.t.*)
 *(.rel.fini)
 *(.rel.rodata .rel.rodata.* .rel.gnu.linkonce.r.*)
 *(.rel.data.rel.ro .rel.data.rel.ro.* .rel.gnu.linkonce.d.rel.ro.*)
 *(.rel.data .rel.data.* .rel.gnu.linkonce.d.*)
 *(.rel.tdata .rel.tdata.* .rel.gnu.linkonce.td.*)
 *(.rel.tbss .rel.tbss.* .rel.gnu.linkonce.tb.*)
 *(.rel.ctors)
 *(.rel.dtors)
 *(.rel.got)
 *(.rel.dyn)
 .rel.dyn       0x0000000000400030        0x0 build/us_n64/actors/group1.o
 *(.rel.sdata .rel.sdata.* .rel.gnu.linkonce.s.*)
 *(.rel.sbss .rel.sbss.* .rel.gnu.linkonce.sb.*)
 *(.rel.sdata2 .rel.sdata2.* .rel.gnu.linkonce.s2.*)
 *(.rel.sbss2 .rel.sbss2.* .rel.gnu.linkonce.sb2.*)
 *(.rel.bss .rel.bss.* .rel.gnu.linkonce.b.*)
                [!provide]                        PROVIDE (__rel_iplt_start = .)
 *(.rel.iplt)
                [!provide]                        PROVIDE (__rel_iplt_end = .)

.rela.dyn       0x0000000000400030        0x0
 *(.rela.init)
 *(.rela.text .rela.text.* .rela.gnu.linkonce.t.*)
 *(.rela.fini)
 *(.rela.rodata .rela.rodata.* .rela.gnu.linkonce.r.*)
 *(.rela.data .rela.data.* .rela.gnu.linkonce.d.*)
 *(.rela.tdata .rela.tdata.* .rela.gnu.linkonce.td.*)
 *(.rela.tbss .rela.tbss.* .rela.gnu.linkonce.tb.*)
 *(.rela.ctors)
 *(.rela.dtors)
 *(.rela.got)
 *(.rela.sdata .rela.sdata.* .rela.gnu.linkonce.s.*)
 *(.rela.sbss .rela.sbss.* .rela.gnu.linkonce.sb.*)
 *(.rela.sdata2 .rela.sdata2.* .rela.gnu.linkonce.s2.*)
 *(.rela.sbss2 .rela.sbss2.* .rela.gnu.linkonce.sb2.*)
 *(.rela.bss .rela.bss.* .rela.gnu.linkonce.b.*)
                [!provide]                        PROVIDE (__rela_iplt_start = .)
 *(.rela.iplt)
                [!provide]                        PROVIDE (__rela_iplt_end = .)

.rel.plt
 *(.rel.plt)

.rela.plt
 *(.rela.plt)

.init
 *(SORT_NONE(.init))

.plt
 *(.plt)

.iplt
 *(.iplt)

.text           0x0000000005000000        0x0
                0x0000000005000000                _ftext = .
 *(.text.unlikely .text.*_unlikely .text.unlikely.*)
 *(.text.exit .text.exit.*)
 *(.text.startup .text.startup.*)
 *(.text.hot .text.hot.*)
 *(.text .stub .text.* .gnu.linkonce.t.*)
 .text          0x0000000005000000        0x0 build/us_n64/actors/group1.o
 *(.gnu.warning)
 *(.mips16.fn.*)
 *(.mips16.call.*)

.fini
 *(SORT_NONE(.fini))
                [!provide]                        PROVIDE (__etext = .)
                [!provide]                        PROVIDE (_etext = .)
                [!provide]                        PROVIDE (etext = .)

.rodata
 *(.rodata .rodata.* .gnu.linkonce.r.*)

.rodata1
 *(.rodata1)

.sdata2
 *(.sdata2 .sdata2.* .gnu.linkonce.s2.*)

.sbss2
 *(.sbss2 .sbss2.* .gnu.linkonce.sb2.*)

.eh_frame_hdr
 *(.eh_frame_hdr)
 *(.eh_frame_entry .eh_frame_entry.*)

.eh_frame
 *(.eh_frame)
 *(.eh_frame.*)

.gcc_except_table
 *(.gcc_except_table .gcc_except_table.*)

.gnu_extab
 *(.gnu_extab*)

.exception_ranges
 *(.exception_ranges .exception_ranges*)
                0x0000000005000000                . = DATA_SEGMENT_ALIGN (CONSTANT (MAXPAGESIZE), CONSTANT (COMMONPAGESIZE))

.eh_frame
 *(.eh_frame)
 *(.eh_frame.*)

.gnu_extab
 *(.gnu_extab)

.gcc_except_table
 *(.gcc_except_table .gcc_except_table.*)

.exception_ranges
 *(.exception_ranges .exception_ranges*)

.tdata
 *(.tdata .tdata.* .gnu.linkonce.td.*)

.tbss
 *(.tbss .tbss.* .gnu.linkonce.tb.*)
 *(.tcommon)

.preinit_array  0x0000000005000000        0x0
                [!provide]                        PROVIDE (__preinit_array_start = .)
 *(.preinit_array)
                [!provide]                        PROVIDE (__preinit_array_end = .)

.init_array     0x0000000005000000        0x0
                [!provide]                        PROVIDE (__init_array_start = .)
 *(SORT_BY_INIT_PRIORITY(.init_array.*) SORT_BY_INIT_PRIORITY(.ctors.*))
 *(.init_array EXCLUDE_FILE(*crtend?.o *crtend.o *crtbegin?.o *crtbegin.o) .ctors)
                [!provide]                        PROVIDE (__init_array_end = .)

.fini_array     0x0000000005000000        0x0
                [!provide]                        PROVIDE (__fini_array_start = .)
 *(SORT_BY_INIT_PRIORITY(.fini_array.*) SORT_BY_INIT_PRIORITY(.dtors.*))
 *(.fini_array EXCLUDE_FILE(*crtend?.o *crtend.o *crtbegin?.o *crtbegin.o) .dtors)
                [!provide]                        PROVIDE (__fini_array_end = .)

.ctors
 *crtbegin.o(.ctors)
 *crtbegin?.o(.ctors)
 *(EXCLUDE_FILE(*crtend?.o *crtend.o) .ctors)
 *(SORT_BY_NAME(.ctors.*))
 *(.ctors)

.dtors
 *crtbegin.o(.dtors)
 *crtbegin?.o(.dtors)
 *(EXCLUDE_FILE(*crtend?.o *crtend.o) .dtors)
 *(SORT_BY_NAME(.dtors.*))
 *(.dtors)

.jcr
 *(.jcr)

.data.rel.ro
 *(.data.rel.ro.local* .gnu.linkonce.d.rel.ro.local.*)
 *(.data.rel.ro .data.rel.ro.* .gnu.linkonce.d.rel.ro.*)
                0x0000000005000000                . = DATA_SEGMENT_RELRO_END (., 0x0)

.data           0x0000000005000000    0x14880
                0x0000000005000000                _fdata = .
 *(.data .data.* .gnu.linkonce.d.*)
 .data          0x0000000005000000    0x14880 build/us_n64/actors/group1.o
                0x0000000005000000                heave_ho_seg5_anims_0501534C
                0x0000000005000588                heave_ho_seg5_dl_05014D80
                0x00000000050005c0                heave_ho_seg5_dl_050149A8
                0x00000000050007d8                heave_ho_seg5_dl_050145D0
                0x00000000050009f0                heave_ho_seg5_dl_05014560
                0x0000000005000a38                heave_ho_seg5_dl_05014188
                0x0000000005002570                heave_ho_seg5_dl_050127F8
                0x00000000050025e0                heave_ho_seg5_dl_050127B0
                0x0000000005002678                heave_ho_seg5_dl_050126E8
                0x00000000050026e8                heave_ho_seg5_dl_050126B0
                0x0000000005002758                heave_ho_seg5_dl_050125F8
                0x00000000050027d0                heave_ho_seg5_dl_050125A8
                0x0000000005002808                heave_ho_seg5_dl_05012560
                0x0000000005002998                heave_ho_seg5_dl_050123A8
                0x0000000005002a00                heave_ho_seg5_dl_05012360
                0x0000000005002a38                heave_ho_seg5_dl_05012300
                0x0000000005002bd8                heave_ho_seg5_dl_05012148
                0x0000000005002c40                heave_ho_seg5_dl_05012100
                0x0000000005002c78                heave_ho_seg5_dl_050120A0
                0x0000000005002e18                heave_ho_seg5_dl_05011EC0
                0x0000000005002ea8                heave_ho_seg5_dl_05011E80
                0x0000000005002ed8                heave_ho_seg5_dl_05011E28
                0x0000000005002f18                heave_ho_seg5_dl_05011DE0
                0x0000000005002f50                heave_ho_seg5_dl_05011D98
                0x0000000005006390                bullet_bill_seg5_dl_0500E8A8
                0x0000000005006400                bullet_bill_seg5_dl_0500E730
                0x0000000005006500                bullet_bill_seg5_dl_0500E678
                0x0000000005006588                bullet_bill_seg5_dl_0500E5E8
                0x0000000005009158                thwomp_seg5_collision_0500B92C
                0x00000000050092fc                thwomp_seg5_collision_0500B7D0
                0x00000000050094a0                thwomp_seg5_dl_0500B750
                0x0000000005009520                thwomp_seg5_dl_0500B718
                0x0000000005009550                thwomp_seg5_dl_0500B570
                0x000000000500b2e0                yoshi_egg_seg5_dl_050098C8
                0x000000000500b2f8                yoshi_egg_seg5_dl_050098B0
                0x000000000500b310                yoshi_egg_seg5_dl_05009898
                0x000000000500b328                yoshi_egg_seg5_dl_05009880
                0x000000000500b340                yoshi_egg_seg5_dl_05009868
                0x000000000500b358                yoshi_egg_seg5_dl_05009850
                0x000000000500b370                yoshi_egg_seg5_dl_05009838
                0x000000000500b388                yoshi_egg_seg5_dl_05009820
                0x000000000500b3a0                yoshi_egg_seg5_dl_050097B8
                0x000000000500f440                hoot_seg5_anims_05005768
                0x000000000500fcf0                hoot_seg5_dl_05004D48
                0x000000000500fdd0                hoot_seg5_dl_05004CA8
                0x000000000500fe40                hoot_seg5_dl_05004B38
                0x000000000500ff38                hoot_seg5_dl_05004A98
                0x000000000500ffa8                hoot_seg5_dl_05004928
                0x0000000005011250                hoot_seg5_dl_05003728
                0x00000000050112a0                hoot_seg5_dl_050036C8
                0x0000000005011370                hoot_seg5_dl_05003600
                0x00000000050113c0                hoot_seg5_dl_050035A0
                0x0000000005011490                hoot_seg5_dl_050034D8
                0x00000000050114e0                hoot_seg5_dl_05003478
                0x00000000050115b0                hoot_seg5_dl_050033B0
                0x0000000005011600                hoot_seg5_dl_05003350
                0x00000000050116d0                hoot_seg5_dl_05003288
                0x0000000005011720                hoot_seg5_dl_05003228
                0x00000000050117f0                hoot_seg5_dl_05003160
                0x0000000005011840                hoot_seg5_dl_05003100
                0x0000000005011910                hoot_seg5_dl_05003038
                0x0000000005011960                hoot_seg5_dl_05002FD8
                0x0000000005011a30                hoot_seg5_dl_05002F10
                0x0000000005011a80                hoot_seg5_dl_05002EB0
                0x0000000005012b50                hoot_seg5_dl_05001DF0
                0x0000000005012b98                hoot_seg5_dl_05001C00
                0x0000000005012cf8                hoot_seg5_dl_05001B80
                0x0000000005013f88                yellow_sphere_seg5_dl_050008C8
                0x0000000005013fb8                yellow_sphere_seg5_dl_05000888
                0x0000000005013ff0                yellow_sphere_seg5_dl_05000840

.data1
 *(.data1)

.got.plt
 *(.got.plt)
                0x0000000005014880                . = .
                0x0000000005014880                . = .
                0x000000000501c870                _gp = (ALIGN (0x10) + 0x7ff0)

.got
 *(.got)

.sdata
 *(.sdata .sdata.* .gnu.linkonce.s.*)

.lit8
 *(.lit8)

.lit4
 *(.lit4)
                0x0000000005014880                _edata = .
                [!provide]                        PROVIDE (edata = .)
                0x0000000005014880                . = .
                0x0000000005014880                __bss_start = .
                0x0000000005014880                _fbss = .

.sbss
 *(.dynsbss)
 *(.sbss .sbss.* .gnu.linkonce.sb.*)
 *(.scommon)

.bss            0x0000000005014880        0x0
 *(.dynbss)
 *(.bss .bss.* .gnu.linkonce.b.*)
 .bss           0x0000000005014880        0x0 build/us_n64/actors/group1.o
 *(COMMON)
                0x0000000005014880                . = ALIGN ((. != 0x0)?0x4:0x1)
                0x0000000005014880                . = ALIGN (0x4)
                0x0000000005014880                . = SEGMENT_START ("ldata-segment", .)
                0x0000000005014880                . = ALIGN (0x4)
                0x0000000005014880                _end = .
                [!provide]                        PROVIDE (end = .)
                0x0000000005014880                . = DATA_SEGMENT_END (.)

.stab
 *(.stab)

.stabstr
 *(.stabstr)

.stab.excl
 *(.stab.excl)

.stab.exclstr
 *(.stab.exclstr)

.stab.index
 *(.stab.index)

.stab.indexstr
 *(.stab.indexstr)

.comment        0x0000000000000000       0x25
 *(.comment)
 .comment       0x0000000000000000       0x25 build/us_n64/actors/group1.o
                                         0x26 (size before relaxing)

.pdr            0x0000000000000000        0x0
 .pdr           0x0000000000000000        0x0 build/us_n64/actors/group1.o

.debug
 *(.debug)

.line
 *(.line)

.debug_srcinfo
 *(.debug_srcinfo)

.debug_sfnames
 *(.debug_sfnames)

.debug_aranges
 *(.debug_aranges)

.debug_pubnames
 *(.debug_pubnames)

.debug_info
 *(.debug_info .gnu.linkonce.wi.*)

.debug_abbrev
 *(.debug_abbrev)

.debug_line
 *(.debug_line .debug_line.* .debug_line_end)

.debug_frame
 *(.debug_frame)

.debug_str
 *(.debug_str)

.debug_loc
 *(.debug_loc)

.debug_macinfo
 *(.debug_macinfo)

.debug_weaknames
 *(.debug_weaknames)

.debug_funcnames
 *(.debug_funcnames)

.debug_typenames
 *(.debug_typenames)

.debug_varnames
 *(.debug_varnames)

.debug_pubtypes
 *(.debug_pubtypes)

.debug_ranges
 *(.debug_ranges)

.debug_macro
 *(.debug_macro)

.debug_addr
 *(.debug_addr)

.gnu.attributes
                0x0000000000000000       0x10
 *(.gnu.attributes)
 .gnu.attributes
                0x0000000000000000       0x10 build/us_n64/actors/group1.o

.gptab.sdata
 *(.gptab.data)
 *(.gptab.sdata)

.gptab.sbss
 *(.gptab.bss)
 *(.gptab.sbss)

.mdebug.abi32   0x0000000000000000        0x0
 *(.mdebug.abi32)
 .mdebug.abi32  0x0000000000000000        0x0 build/us_n64/actors/group1.o

.mdebug.abiN32
 *(.mdebug.abiN32)

.mdebug.abi64
 *(.mdebug.abi64)

.mdebug.abiO64
 *(.mdebug.abiO64)

.mdebug.eabi32
 *(.mdebug.eabi32)

.mdebug.eabi64
 *(.mdebug.eabi64)

.gcc_compiled_long32
 *(.gcc_compiled_long32)

.gcc_compiled_long64
 *(.gcc_compiled_long64)

/DISCARD/
 *(.note.GNU-stack)
 *(.gnu_debuglink)
 *(.gnu.lto_*)
OUTPUT(build/us_n64/actors/group1.elf elf32-bigmips)
