
Discarded input sections

 .note.GNU-stack
                0x0000000000000000        0x0 build/us_n64/actors/group15.o

Memory Configuration

Name             Origin             Length             Attributes
*default*        0x0000000000000000 0xffffffffffffffff

Linker script and memory map

Address of section .text set to 0x6000000
LOAD build/us_n64/actors/group15.o
                [!provide]                        PROVIDE (__executable_start = SEGMENT_START ("text-segment", 0x400000))
                0x0000000000400000                . = SEGMENT_START ("text-segment", 0x400000)

.interp
 *(.interp)

.MIPS.abiflags  0x0000000000400000       0x18
 *(.MIPS.abiflags)
 .MIPS.abiflags
                0x0000000000400000       0x18 build/us_n64/actors/group15.o

.reginfo        0x0000000000400018       0x18
 *(.reginfo)
 .reginfo       0x0000000000400018       0x18 build/us_n64/actors/group15.o

.note.gnu.build-id
 *(.note.gnu.build-id)

.dynamic
 *(.dynamic)

.hash
 *(.hash)

.gnu.hash
 *(.gnu.hash)

.dynsym
 *(.dynsym)

.dynstr
 *(.dynstr)

.gnu.version
 *(.gnu.version)

.gnu.version_d
 *(.gnu.version_d)

.gnu.version_r
 *(.gnu.version_r)

.rel.dyn        0x0000000000400030        0x0
 *(.rel.init)
 *(.rel.text .rel.text.* .rel.gnu.linkonce.t.*)
 *(.rel.fini)
 *(.rel.rodata .rel.rodata.* .rel.gnu.linkonce.r.*)
 *(.rel.data.rel.ro .rel.data.rel.ro.* .rel.gnu.linkonce.d.rel.ro.*)
 *(.rel.data .rel.data.* .rel.gnu.linkonce.d.*)
 *(.rel.tdata .rel.tdata.* .rel.gnu.linkonce.td.*)
 *(.rel.tbss .rel.tbss.* .rel.gnu.linkonce.tb.*)
 *(.rel.ctors)
 *(.rel.dtors)
 *(.rel.got)
 *(.rel.dyn)
 .rel.dyn       0x0000000000400030        0x0 build/us_n64/actors/group15.o
 *(.rel.sdata .rel.sdata.* .rel.gnu.linkonce.s.*)
 *(.rel.sbss .rel.sbss.* .rel.gnu.linkonce.sb.*)
 *(.rel.sdata2 .rel.sdata2.* .rel.gnu.linkonce.s2.*)
 *(.rel.sbss2 .rel.sbss2.* .rel.gnu.linkonce.sb2.*)
 *(.rel.bss .rel.bss.* .rel.gnu.linkonce.b.*)
                [!provide]                        PROVIDE (__rel_iplt_start = .)
 *(.rel.iplt)
                [!provide]                        PROVIDE (__rel_iplt_end = .)

.rela.dyn       0x0000000000400030        0x0
 *(.rela.init)
 *(.rela.text .rela.text.* .rela.gnu.linkonce.t.*)
 *(.rela.fini)
 *(.rela.rodata .rela.rodata.* .rela.gnu.linkonce.r.*)
 *(.rela.data .rela.data.* .rela.gnu.linkonce.d.*)
 *(.rela.tdata .rela.tdata.* .rela.gnu.linkonce.td.*)
 *(.rela.tbss .rela.tbss.* .rela.gnu.linkonce.tb.*)
 *(.rela.ctors)
 *(.rela.dtors)
 *(.rela.got)
 *(.rela.sdata .rela.sdata.* .rela.gnu.linkonce.s.*)
 *(.rela.sbss .rela.sbss.* .rela.gnu.linkonce.sb.*)
 *(.rela.sdata2 .rela.sdata2.* .rela.gnu.linkonce.s2.*)
 *(.rela.sbss2 .rela.sbss2.* .rela.gnu.linkonce.sb2.*)
 *(.rela.bss .rela.bss.* .rela.gnu.linkonce.b.*)
                [!provide]                        PROVIDE (__rela_iplt_start = .)
 *(.rela.iplt)
                [!provide]                        PROVIDE (__rela_iplt_end = .)

.rel.plt
 *(.rel.plt)

.rela.plt
 *(.rela.plt)

.init
 *(SORT_NONE(.init))

.plt
 *(.plt)

.iplt
 *(.iplt)

.text           0x0000000006000000        0x0
                0x0000000006000000                _ftext = .
 *(.text.unlikely .text.*_unlikely .text.unlikely.*)
 *(.text.exit .text.exit.*)
 *(.text.startup .text.startup.*)
 *(.text.hot .text.hot.*)
 *(.text .stub .text.* .gnu.linkonce.t.*)
 .text          0x0000000006000000        0x0 build/us_n64/actors/group15.o
 *(.gnu.warning)
 *(.mips16.fn.*)
 *(.mips16.call.*)

.fini
 *(SORT_NONE(.fini))
                [!provide]                        PROVIDE (__etext = .)
                [!provide]                        PROVIDE (_etext = .)
                [!provide]                        PROVIDE (etext = .)

.rodata
 *(.rodata .rodata.* .gnu.linkonce.r.*)

.rodata1
 *(.rodata1)

.sdata2
 *(.sdata2 .sdata2.* .gnu.linkonce.s2.*)

.sbss2
 *(.sbss2 .sbss2.* .gnu.linkonce.sb2.*)

.eh_frame_hdr
 *(.eh_frame_hdr)
 *(.eh_frame_entry .eh_frame_entry.*)

.eh_frame
 *(.eh_frame)
 *(.eh_frame.*)

.gcc_except_table
 *(.gcc_except_table .gcc_except_table.*)

.gnu_extab
 *(.gnu_extab*)

.exception_ranges
 *(.exception_ranges .exception_ranges*)
                0x0000000006000000                . = DATA_SEGMENT_ALIGN (CONSTANT (MAXPAGESIZE), CONSTANT (COMMONPAGESIZE))

.eh_frame
 *(.eh_frame)
 *(.eh_frame.*)

.gnu_extab
 *(.gnu_extab)

.gcc_except_table
 *(.gcc_except_table .gcc_except_table.*)

.exception_ranges
 *(.exception_ranges .exception_ranges*)

.tdata
 *(.tdata .tdata.* .gnu.linkonce.td.*)

.tbss
 *(.tbss .tbss.* .gnu.linkonce.tb.*)
 *(.tcommon)

.preinit_array  0x0000000006000000        0x0
                [!provide]                        PROVIDE (__preinit_array_start = .)
 *(.preinit_array)
                [!provide]                        PROVIDE (__preinit_array_end = .)

.init_array     0x0000000006000000        0x0
                [!provide]                        PROVIDE (__init_array_start = .)
 *(SORT_BY_INIT_PRIORITY(.init_array.*) SORT_BY_INIT_PRIORITY(.ctors.*))
 *(.init_array EXCLUDE_FILE(*crtend?.o *crtend.o *crtbegin?.o *crtbegin.o) .ctors)
                [!provide]                        PROVIDE (__init_array_end = .)

.fini_array     0x0000000006000000        0x0
                [!provide]                        PROVIDE (__fini_array_start = .)
 *(SORT_BY_INIT_PRIORITY(.fini_array.*) SORT_BY_INIT_PRIORITY(.dtors.*))
 *(.fini_array EXCLUDE_FILE(*crtend?.o *crtend.o *crtbegin?.o *crtbegin.o) .dtors)
                [!provide]                        PROVIDE (__fini_array_end = .)

.ctors
 *crtbegin.o(.ctors)
 *crtbegin?.o(.ctors)
 *(EXCLUDE_FILE(*crtend?.o *crtend.o) .ctors)
 *(SORT_BY_NAME(.ctors.*))
 *(.ctors)

.dtors
 *crtbegin.o(.dtors)
 *crtbegin?.o(.dtors)
 *(EXCLUDE_FILE(*crtend?.o *crtend.o) .dtors)
 *(SORT_BY_NAME(.dtors.*))
 *(.dtors)

.jcr
 *(.jcr)

.data.rel.ro
 *(.data.rel.ro.local* .gnu.linkonce.d.rel.ro.local.*)
 *(.data.rel.ro .data.rel.ro.* .gnu.linkonce.d.rel.ro.*)
                0x0000000006000000                . = DATA_SEGMENT_RELRO_END (., 0x0)

.data           0x0000000006000000    0x16a70
                0x0000000006000000                _fdata = .
 *(.data .data.* .gnu.linkonce.d.*)
 .data          0x0000000006000000    0x16a70 build/us_n64/actors/group15.o
                0x0000000006000000                boo_castle_seg6_dl_06017CE0
                0x00000000060000a0                boo_castle_seg6_dl_06017AD0
                0x0000000006000200                boo_castle_seg6_dl_06017A78
                0x0000000006000248                boo_castle_seg6_dl_06017A10
                0x0000000006002658                mips_seg6_anims_06015634
                0x0000000006005cc8                mips_seg6_dl_06011FC0
                0x0000000006005ce8                mips_seg6_dl_06011F70
                0x0000000006005d98                mips_seg6_dl_06011ED8
                0x0000000006005db8                mips_seg6_dl_06011E88
                0x0000000006005e68                mips_seg6_dl_06011DB0
                0x0000000006005ec8                mips_seg6_dl_06011D10
                0x0000000006006040                mips_seg6_dl_06011BB0
                0x00000000060060a0                mips_seg6_dl_06011B00
                0x0000000006006230                mips_seg6_dl_06011990
                0x0000000006006290                mips_seg6_dl_060118E0
                0x0000000006006418                mips_seg6_dl_06011780
                0x0000000006006478                mips_seg6_dl_060116B0
                0x0000000006006638                mips_seg6_dl_06011520
                0x0000000006006698                mips_seg6_dl_06011470
                0x0000000006006820                mips_seg6_dl_06011310
                0x0000000006006880                mips_seg6_dl_06011240
                0x0000000006006a40                mips_seg6_dl_060110B0
                0x0000000006006aa0                mips_seg6_dl_06010FF8
                0x0000000006006c70                mips_seg6_dl_06010E60
                0x0000000006006cd0                mips_seg6_dl_06010DB0
                0x0000000006006e60                mips_seg6_dl_06010C40
                0x0000000006006ec0                mips_seg6_dl_06010A98
                0x0000000006007238                mips_seg6_dl_060107B8
                0x00000000060072a8                mips_seg6_dl_06010748
                0x0000000006007300                mips_seg6_dl_06010600
                0x0000000006007e48                toad_seg6_anims_0600FB58
                0x000000000600edc0                toad_seg6_dl_06008BD8
                0x000000000600ede8                toad_seg6_dl_06008A90
                0x000000000600f078                toad_seg6_dl_06008890
                0x000000000600f0a0                toad_seg6_dl_06008748
                0x000000000600f348                toad_seg6_us_dl_06008608
                0x000000000600f390                toad_seg6_dl_06008520
                0x000000000600f3d0                toad_seg6_dl_060083E8
                0x000000000600f648                toad_seg6_dl_060081F8
                0x000000000600f670                toad_seg6_dl_060080C0
                0x000000000600f908                toad_seg6_dl_06007EB0
                0x000000000600f930                toad_seg6_dl_06007D10
                0x000000000600fcb8                toad_seg6_us_dl_06007B00
                0x000000000600fce0                toad_seg6_dl_06007A48
                0x000000000600fd18                toad_seg6_dl_06007960
                0x000000000600ff78                toad_seg6_us_dl_06007788
                0x000000000600fff8                toad_seg6_dl_06007710
                0x0000000006010070                toad_seg6_dl_060076C0
                0x00000000060100a0                toad_seg6_dl_06007498
                0x00000000060101e8                toad_seg6_dl_06007300
                0x0000000006011cd8                lakitu_seg6_anims_060058F8
                0x0000000006011fa0                lakitu_seg6_dl_06005610
                0x0000000006011fc8                lakitu_seg6_dl_060055E8
                0x0000000006011ff0                lakitu_seg6_dl_06005598
                0x0000000006012188                lakitu_seg6_dl_06005360
                0x0000000006012200                lakitu_seg6_dl_06005218
                0x00000000060122e0                lakitu_seg6_dl_060051D0
                0x0000000006012840                lakitu_seg6_dl_06004C88
                0x0000000006012868                lakitu_seg6_dl_06004C60
                0x0000000006012890                lakitu_seg6_dl_06004C30
                0x00000000060128c0                lakitu_seg6_dl_06004BE8
                0x0000000006012908                lakitu_seg6_dl_06004BA8
                0x0000000006012a10                lakitu_seg6_dl_060049E0
                0x0000000006012ba0                lakitu_seg6_dl_060047E8
                0x0000000006012d30                lakitu_seg6_dl_06004680
                0x0000000006012d90                lakitu_seg6_dl_06004410
                0x0000000006013480                lakitu_seg6_dl_06003E30
                0x00000000060134e8                lakitu_seg6_dl_06003DB0
                0x0000000006013538                lakitu_seg6_dl_06003C80

.data1
 *(.data1)

.got.plt
 *(.got.plt)
                0x0000000006016a70                . = .
                0x0000000006016a70                . = .
                0x000000000601ea60                _gp = (ALIGN (0x10) + 0x7ff0)

.got
 *(.got)

.sdata
 *(.sdata .sdata.* .gnu.linkonce.s.*)

.lit8
 *(.lit8)

.lit4
 *(.lit4)
                0x0000000006016a70                _edata = .
                [!provide]                        PROVIDE (edata = .)
                0x0000000006016a70                . = .
                0x0000000006016a70                __bss_start = .
                0x0000000006016a70                _fbss = .

.sbss
 *(.dynsbss)
 *(.sbss .sbss.* .gnu.linkonce.sb.*)
 *(.scommon)

.bss            0x0000000006016a70        0x0
 *(.dynbss)
 *(.bss .bss.* .gnu.linkonce.b.*)
 .bss           0x0000000006016a70        0x0 build/us_n64/actors/group15.o
 *(COMMON)
                0x0000000006016a70                . = ALIGN ((. != 0x0)?0x4:0x1)
                0x0000000006016a70                . = ALIGN (0x4)
                0x0000000006016a70                . = SEGMENT_START ("ldata-segment", .)
                0x0000000006016a70                . = ALIGN (0x4)
                0x0000000006016a70                _end = .
                [!provide]                        PROVIDE (end = .)
                0x0000000006016a70                . = DATA_SEGMENT_END (.)

.stab
 *(.stab)

.stabstr
 *(.stabstr)

.stab.excl
 *(.stab.excl)

.stab.exclstr
 *(.stab.exclstr)

.stab.index
 *(.stab.index)

.stab.indexstr
 *(.stab.indexstr)

.comment        0x0000000000000000       0x25
 *(.comment)
 .comment       0x0000000000000000       0x25 build/us_n64/actors/group15.o
                                         0x26 (size before relaxing)

.pdr            0x0000000000000000        0x0
 .pdr           0x0000000000000000        0x0 build/us_n64/actors/group15.o

.debug
 *(.debug)

.line
 *(.line)

.debug_srcinfo
 *(.debug_srcinfo)

.debug_sfnames
 *(.debug_sfnames)

.debug_aranges
 *(.debug_aranges)

.debug_pubnames
 *(.debug_pubnames)

.debug_info
 *(.debug_info .gnu.linkonce.wi.*)

.debug_abbrev
 *(.debug_abbrev)

.debug_line
 *(.debug_line .debug_line.* .debug_line_end)

.debug_frame
 *(.debug_frame)

.debug_str
 *(.debug_str)

.debug_loc
 *(.debug_loc)

.debug_macinfo
 *(.debug_macinfo)

.debug_weaknames
 *(.debug_weaknames)

.debug_funcnames
 *(.debug_funcnames)

.debug_typenames
 *(.debug_typenames)

.debug_varnames
 *(.debug_varnames)

.debug_pubtypes
 *(.debug_pubtypes)

.debug_ranges
 *(.debug_ranges)

.debug_macro
 *(.debug_macro)

.debug_addr
 *(.debug_addr)

.gnu.attributes
                0x0000000000000000       0x10
 *(.gnu.attributes)
 .gnu.attributes
                0x0000000000000000       0x10 build/us_n64/actors/group15.o

.gptab.sdata
 *(.gptab.data)
 *(.gptab.sdata)

.gptab.sbss
 *(.gptab.bss)
 *(.gptab.sbss)

.mdebug.abi32   0x0000000000000000        0x0
 *(.mdebug.abi32)
 .mdebug.abi32  0x0000000000000000        0x0 build/us_n64/actors/group15.o

.mdebug.abiN32
 *(.mdebug.abiN32)

.mdebug.abi64
 *(.mdebug.abi64)

.mdebug.abiO64
 *(.mdebug.abiO64)

.mdebug.eabi32
 *(.mdebug.eabi32)

.mdebug.eabi64
 *(.mdebug.eabi64)

.gcc_compiled_long32
 *(.gcc_compiled_long32)

.gcc_compiled_long64
 *(.gcc_compiled_long64)

/DISCARD/
 *(.note.GNU-stack)
 *(.gnu_debuglink)
 *(.gnu.lto_*)
OUTPUT(build/us_n64/actors/group15.elf elf32-bigmips)
