
Discarded input sections

 .note.GNU-stack
                0x0000000000000000        0x0 build/us_n64/actors/group13.o

Memory Configuration

Name             Origin             Length             Attributes
*default*        0x0000000000000000 0xffffffffffffffff

Linker script and memory map

Address of section .text set to 0x6000000
LOAD build/us_n64/actors/group13.o
                [!provide]                        PROVIDE (__executable_start = SEGMENT_START ("text-segment", 0x400000))
                0x0000000000400000                . = SEGMENT_START ("text-segment", 0x400000)

.interp
 *(.interp)

.MIPS.abiflags  0x0000000000400000       0x18
 *(.MIPS.abiflags)
 .MIPS.abiflags
                0x0000000000400000       0x18 build/us_n64/actors/group13.o

.reginfo        0x0000000000400018       0x18
 *(.reginfo)
 .reginfo       0x0000000000400018       0x18 build/us_n64/actors/group13.o

.note.gnu.build-id
 *(.note.gnu.build-id)

.dynamic
 *(.dynamic)

.hash
 *(.hash)

.gnu.hash
 *(.gnu.hash)

.dynsym
 *(.dynsym)

.dynstr
 *(.dynstr)

.gnu.version
 *(.gnu.version)

.gnu.version_d
 *(.gnu.version_d)

.gnu.version_r
 *(.gnu.version_r)

.rel.dyn        0x0000000000400030        0x0
 *(.rel.init)
 *(.rel.text .rel.text.* .rel.gnu.linkonce.t.*)
 *(.rel.fini)
 *(.rel.rodata .rel.rodata.* .rel.gnu.linkonce.r.*)
 *(.rel.data.rel.ro .rel.data.rel.ro.* .rel.gnu.linkonce.d.rel.ro.*)
 *(.rel.data .rel.data.* .rel.gnu.linkonce.d.*)
 *(.rel.tdata .rel.tdata.* .rel.gnu.linkonce.td.*)
 *(.rel.tbss .rel.tbss.* .rel.gnu.linkonce.tb.*)
 *(.rel.ctors)
 *(.rel.dtors)
 *(.rel.got)
 *(.rel.dyn)
 .rel.dyn       0x0000000000400030        0x0 build/us_n64/actors/group13.o
 *(.rel.sdata .rel.sdata.* .rel.gnu.linkonce.s.*)
 *(.rel.sbss .rel.sbss.* .rel.gnu.linkonce.sb.*)
 *(.rel.sdata2 .rel.sdata2.* .rel.gnu.linkonce.s2.*)
 *(.rel.sbss2 .rel.sbss2.* .rel.gnu.linkonce.sb2.*)
 *(.rel.bss .rel.bss.* .rel.gnu.linkonce.b.*)
                [!provide]                        PROVIDE (__rel_iplt_start = .)
 *(.rel.iplt)
                [!provide]                        PROVIDE (__rel_iplt_end = .)

.rela.dyn       0x0000000000400030        0x0
 *(.rela.init)
 *(.rela.text .rela.text.* .rela.gnu.linkonce.t.*)
 *(.rela.fini)
 *(.rela.rodata .rela.rodata.* .rela.gnu.linkonce.r.*)
 *(.rela.data .rela.data.* .rela.gnu.linkonce.d.*)
 *(.rela.tdata .rela.tdata.* .rela.gnu.linkonce.td.*)
 *(.rela.tbss .rela.tbss.* .rela.gnu.linkonce.tb.*)
 *(.rela.ctors)
 *(.rela.dtors)
 *(.rela.got)
 *(.rela.sdata .rela.sdata.* .rela.gnu.linkonce.s.*)
 *(.rela.sbss .rela.sbss.* .rela.gnu.linkonce.sb.*)
 *(.rela.sdata2 .rela.sdata2.* .rela.gnu.linkonce.s2.*)
 *(.rela.sbss2 .rela.sbss2.* .rela.gnu.linkonce.sb2.*)
 *(.rela.bss .rela.bss.* .rela.gnu.linkonce.b.*)
                [!provide]                        PROVIDE (__rela_iplt_start = .)
 *(.rela.iplt)
                [!provide]                        PROVIDE (__rela_iplt_end = .)

.rel.plt
 *(.rel.plt)

.rela.plt
 *(.rela.plt)

.init
 *(SORT_NONE(.init))

.plt
 *(.plt)

.iplt
 *(.iplt)

.text           0x0000000006000000        0x0
                0x0000000006000000                _ftext = .
 *(.text.unlikely .text.*_unlikely .text.unlikely.*)
 *(.text.exit .text.exit.*)
 *(.text.startup .text.startup.*)
 *(.text.hot .text.hot.*)
 *(.text .stub .text.* .gnu.linkonce.t.*)
 .text          0x0000000006000000        0x0 build/us_n64/actors/group13.o
 *(.gnu.warning)
 *(.mips16.fn.*)
 *(.mips16.call.*)

.fini
 *(SORT_NONE(.fini))
                [!provide]                        PROVIDE (__etext = .)
                [!provide]                        PROVIDE (_etext = .)
                [!provide]                        PROVIDE (etext = .)

.rodata
 *(.rodata .rodata.* .gnu.linkonce.r.*)

.rodata1
 *(.rodata1)

.sdata2
 *(.sdata2 .sdata2.* .gnu.linkonce.s2.*)

.sbss2
 *(.sbss2 .sbss2.* .gnu.linkonce.sb2.*)

.eh_frame_hdr
 *(.eh_frame_hdr)
 *(.eh_frame_entry .eh_frame_entry.*)

.eh_frame
 *(.eh_frame)
 *(.eh_frame.*)

.gcc_except_table
 *(.gcc_except_table .gcc_except_table.*)

.gnu_extab
 *(.gnu_extab*)

.exception_ranges
 *(.exception_ranges .exception_ranges*)
                0x0000000006000000                . = DATA_SEGMENT_ALIGN (CONSTANT (MAXPAGESIZE), CONSTANT (COMMONPAGESIZE))

.eh_frame
 *(.eh_frame)
 *(.eh_frame.*)

.gnu_extab
 *(.gnu_extab)

.gcc_except_table
 *(.gcc_except_table .gcc_except_table.*)

.exception_ranges
 *(.exception_ranges .exception_ranges*)

.tdata
 *(.tdata .tdata.* .gnu.linkonce.td.*)

.tbss
 *(.tbss .tbss.* .gnu.linkonce.tb.*)
 *(.tcommon)

.preinit_array  0x0000000006000000        0x0
                [!provide]                        PROVIDE (__preinit_array_start = .)
 *(.preinit_array)
                [!provide]                        PROVIDE (__preinit_array_end = .)

.init_array     0x0000000006000000        0x0
                [!provide]                        PROVIDE (__init_array_start = .)
 *(SORT_BY_INIT_PRIORITY(.init_array.*) SORT_BY_INIT_PRIORITY(.ctors.*))
 *(.init_array EXCLUDE_FILE(*crtend?.o *crtend.o *crtbegin?.o *crtbegin.o) .ctors)
                [!provide]                        PROVIDE (__init_array_end = .)

.fini_array     0x0000000006000000        0x0
                [!provide]                        PROVIDE (__fini_array_start = .)
 *(SORT_BY_INIT_PRIORITY(.fini_array.*) SORT_BY_INIT_PRIORITY(.dtors.*))
 *(.fini_array EXCLUDE_FILE(*crtend?.o *crtend.o *crtbegin?.o *crtbegin.o) .dtors)
                [!provide]                        PROVIDE (__fini_array_end = .)

.ctors
 *crtbegin.o(.ctors)
 *crtbegin?.o(.ctors)
 *(EXCLUDE_FILE(*crtend?.o *crtend.o) .ctors)
 *(SORT_BY_NAME(.ctors.*))
 *(.ctors)

.dtors
 *crtbegin.o(.dtors)
 *crtbegin?.o(.dtors)
 *(EXCLUDE_FILE(*crtend?.o *crtend.o) .dtors)
 *(SORT_BY_NAME(.dtors.*))
 *(.dtors)

.jcr
 *(.jcr)

.data.rel.ro
 *(.data.rel.ro.local* .gnu.linkonce.d.rel.ro.local.*)
 *(.data.rel.ro .data.rel.ro.* .gnu.linkonce.d.rel.ro.*)
                0x0000000006000000                . = DATA_SEGMENT_RELRO_END (., 0x0)

.data           0x0000000006000000    0x16970
                0x0000000006000000                _fdata = .
 *(.data .data.* .gnu.linkonce.d.*)
 .data          0x0000000006000000    0x16970 build/us_n64/actors/group13.o
                0x0000000006000000                treasure_chest_seg6_dl_060178C0
                0x0000000006000098                treasure_chest_seg6_dl_06017810
                0x0000000006000108                treasure_chest_seg6_dl_06017790
                0x0000000006000168                treasure_chest_seg6_dl_06017680
                0x0000000006000870                treasure_chest_seg6_dl_06016F90
                0x0000000006000910                treasure_chest_seg6_dl_06016EE0
                0x0000000006000980                treasure_chest_seg6_dl_06016E18
                0x0000000006000a08                treasure_chest_seg6_dl_06016DA0
                0x0000000006000a60                treasure_chest_seg6_dl_06016D58
                0x0000000006003868                water_ring_seg6_anims_06013F7C
                0x0000000006003a18                water_ring_seg6_dl_06013AC0
                0x0000000006005368                bub_seg6_anims_06012354
                0x00000000060056c8                bub_seg6_dl_06011FA0
                0x0000000006005728                bub_seg6_dl_06011F18
                0x00000000060057f8                bub_seg6_dl_06011E48
                0x0000000006005858                bub_seg6_dl_06011DC0
                0x0000000006005928                bub_seg6_dl_06011CF0
                0x0000000006005988                bub_seg6_dl_06011C58
                0x0000000006005a70                bub_seg6_dl_06011B28
                0x0000000006005b20                bub_seg6_dl_06011A50
                0x0000000006005ba8                bub_seg6_dl_06011968
                0x0000000006005c38                bub_seg6_dl_06011918
                0x0000000006005c78                bub_seg6_dl_060118C0
                0x0000000006005cb8                bub_seg6_dl_06011848
                0x00000000060092e8                cyan_fish_seg6_anims_0600E264
                0x00000000060094c0                cyan_fish_seg6_dl_0600E038
                0x0000000006009520                cyan_fish_seg6_dl_0600DFC0
                0x00000000060095f0                cyan_fish_seg6_dl_0600DED8
                0x0000000006009660                cyan_fish_seg6_dl_0600DE90
                0x00000000060096f8                cyan_fish_seg6_dl_0600DDD8
                0x0000000006009758                cyan_fish_seg6_dl_0600DD20
                0x000000000600a088                water_mine_seg6_dl_0600D3F8
                0x000000000600a0e8                water_mine_seg6_dl_0600D2E0
                0x000000000600a1b0                water_mine_seg6_dl_0600D268
                0x000000000600a228                water_mine_seg6_dl_0600D230
                0x000000000600a258                water_mine_seg6_dl_0600D1F8
                0x000000000600cfa0                seaweed_seg6_anims_0600A4D4
                0x000000000600d288                seaweed_seg6_dl_0600A180
                0x000000000600d2f8                seaweed_seg6_dl_0600A138
                0x000000000600d378                seaweed_seg6_dl_0600A088
                0x000000000600d3e8                seaweed_seg6_dl_0600A040
                0x000000000600d468                seaweed_seg6_dl_06009F90
                0x000000000600d4d8                seaweed_seg6_dl_06009F48
                0x000000000600d558                seaweed_seg6_dl_06009E98
                0x000000000600d5c8                seaweed_seg6_dl_06009E50
                0x000000000600f660                skeeter_seg6_anims_06007DE0
                0x0000000006011d30                skeeter_seg6_dl_06005358
                0x0000000006011f38                skeeter_seg6_dl_06005328
                0x0000000006011f60                skeeter_seg6_dl_06004A40
                0x0000000006012428                skeeter_seg6_dl_06004678
                0x0000000006012630                skeeter_seg6_dl_06004648
                0x0000000006012660                skeeter_seg6_dl_06004618
                0x0000000006012688                skeeter_seg6_dl_060045C8
                0x00000000060126b8                skeeter_seg6_dl_06004200
                0x00000000060128c0                skeeter_seg6_dl_060041D0
                0x00000000060128e8                skeeter_seg6_dl_060041A0
                0x0000000006012910                skeeter_seg6_dl_06004150
                0x0000000006012940                skeeter_seg6_dl_06004120
                0x0000000006012968                skeeter_seg6_dl_060040F0
                0x0000000006012990                skeeter_seg6_dl_060040A0
                0x00000000060129c0                skeeter_seg6_dl_06004070
                0x00000000060129e8                skeeter_seg6_dl_06004040
                0x0000000006012a10                skeeter_seg6_dl_06003FF0
                0x0000000006015b40                skeeter_seg6_dl_06000EC0
                0x0000000006015b70                skeeter_seg6_dl_06000E60
                0x0000000006015c28                skeeter_seg6_dl_06000D78
                0x0000000006015c98                skeeter_seg6_dl_06000D48
                0x0000000006015cf8                skeeter_seg6_dl_06000CA8
                0x0000000006015d68                skeeter_seg6_dl_06000C78
                0x0000000006015dc8                skeeter_seg6_dl_06000BD8
                0x0000000006015e38                skeeter_seg6_dl_06000BA0
                0x0000000006015ea8                skeeter_seg6_dl_06000AF0
                0x0000000006015f18                skeeter_seg6_dl_06000AB8
                0x0000000006015f88                skeeter_seg6_dl_06000A08
                0x0000000006015ff8                skeeter_seg6_dl_060009D0

.data1
 *(.data1)

.got.plt
 *(.got.plt)
                0x0000000006016970                . = .
                0x0000000006016970                . = .
                0x000000000601e960                _gp = (ALIGN (0x10) + 0x7ff0)

.got
 *(.got)

.sdata
 *(.sdata .sdata.* .gnu.linkonce.s.*)

.lit8
 *(.lit8)

.lit4
 *(.lit4)
                0x0000000006016970                _edata = .
                [!provide]                        PROVIDE (edata = .)
                0x0000000006016970                . = .
                0x0000000006016970                __bss_start = .
                0x0000000006016970                _fbss = .

.sbss
 *(.dynsbss)
 *(.sbss .sbss.* .gnu.linkonce.sb.*)
 *(.scommon)

.bss            0x0000000006016970        0x0
 *(.dynbss)
 *(.bss .bss.* .gnu.linkonce.b.*)
 .bss           0x0000000006016970        0x0 build/us_n64/actors/group13.o
 *(COMMON)
                0x0000000006016970                . = ALIGN ((. != 0x0)?0x4:0x1)
                0x0000000006016970                . = ALIGN (0x4)
                0x0000000006016970                . = SEGMENT_START ("ldata-segment", .)
                0x0000000006016970                . = ALIGN (0x4)
                0x0000000006016970                _end = .
                [!provide]                        PROVIDE (end = .)
                0x0000000006016970                . = DATA_SEGMENT_END (.)

.stab
 *(.stab)

.stabstr
 *(.stabstr)

.stab.excl
 *(.stab.excl)

.stab.exclstr
 *(.stab.exclstr)

.stab.index
 *(.stab.index)

.stab.indexstr
 *(.stab.indexstr)

.comment        0x0000000000000000       0x25
 *(.comment)
 .comment       0x0000000000000000       0x25 build/us_n64/actors/group13.o
                                         0x26 (size before relaxing)

.pdr            0x0000000000000000        0x0
 .pdr           0x0000000000000000        0x0 build/us_n64/actors/group13.o

.debug
 *(.debug)

.line
 *(.line)

.debug_srcinfo
 *(.debug_srcinfo)

.debug_sfnames
 *(.debug_sfnames)

.debug_aranges
 *(.debug_aranges)

.debug_pubnames
 *(.debug_pubnames)

.debug_info
 *(.debug_info .gnu.linkonce.wi.*)

.debug_abbrev
 *(.debug_abbrev)

.debug_line
 *(.debug_line .debug_line.* .debug_line_end)

.debug_frame
 *(.debug_frame)

.debug_str
 *(.debug_str)

.debug_loc
 *(.debug_loc)

.debug_macinfo
 *(.debug_macinfo)

.debug_weaknames
 *(.debug_weaknames)

.debug_funcnames
 *(.debug_funcnames)

.debug_typenames
 *(.debug_typenames)

.debug_varnames
 *(.debug_varnames)

.debug_pubtypes
 *(.debug_pubtypes)

.debug_ranges
 *(.debug_ranges)

.debug_macro
 *(.debug_macro)

.debug_addr
 *(.debug_addr)

.gnu.attributes
                0x0000000000000000       0x10
 *(.gnu.attributes)
 .gnu.attributes
                0x0000000000000000       0x10 build/us_n64/actors/group13.o

.gptab.sdata
 *(.gptab.data)
 *(.gptab.sdata)

.gptab.sbss
 *(.gptab.bss)
 *(.gptab.sbss)

.mdebug.abi32   0x0000000000000000        0x0
 *(.mdebug.abi32)
 .mdebug.abi32  0x0000000000000000        0x0 build/us_n64/actors/group13.o

.mdebug.abiN32
 *(.mdebug.abiN32)

.mdebug.abi64
 *(.mdebug.abi64)

.mdebug.abiO64
 *(.mdebug.abiO64)

.mdebug.eabi32
 *(.mdebug.eabi32)

.mdebug.eabi64
 *(.mdebug.eabi64)

.gcc_compiled_long32
 *(.gcc_compiled_long32)

.gcc_compiled_long64
 *(.gcc_compiled_long64)

/DISCARD/
 *(.note.GNU-stack)
 *(.gnu_debuglink)
 *(.gnu.lto_*)
OUTPUT(build/us_n64/actors/group13.elf elf32-bigmips)
