
Discarded input sections

 .note.GNU-stack
                0x0000000000000000        0x0 build/us_n64/actors/group0.o

Memory Configuration

Name             Origin             Length             Attributes
*default*        0x0000000000000000 0xffffffffffffffff

Linker script and memory map

Address of section .text set to 0x4000000
LOAD build/us_n64/actors/group0.o
                [!provide]                        PROVIDE (__executable_start = SEGMENT_START ("text-segment", 0x400000))
                0x0000000000400000                . = SEGMENT_START ("text-segment", 0x400000)

.interp
 *(.interp)

.MIPS.abiflags  0x0000000000400000       0x18
 *(.MIPS.abiflags)
 .MIPS.abiflags
                0x0000000000400000       0x18 build/us_n64/actors/group0.o

.reginfo        0x0000000000400018       0x18
 *(.reginfo)
 .reginfo       0x0000000000400018       0x18 build/us_n64/actors/group0.o

.note.gnu.build-id
 *(.note.gnu.build-id)

.dynamic
 *(.dynamic)

.hash
 *(.hash)

.gnu.hash
 *(.gnu.hash)

.dynsym
 *(.dynsym)

.dynstr
 *(.dynstr)

.gnu.version
 *(.gnu.version)

.gnu.version_d
 *(.gnu.version_d)

.gnu.version_r
 *(.gnu.version_r)

.rel.dyn        0x0000000000400030        0x0
 *(.rel.init)
 *(.rel.text .rel.text.* .rel.gnu.linkonce.t.*)
 *(.rel.fini)
 *(.rel.rodata .rel.rodata.* .rel.gnu.linkonce.r.*)
 *(.rel.data.rel.ro .rel.data.rel.ro.* .rel.gnu.linkonce.d.rel.ro.*)
 *(.rel.data .rel.data.* .rel.gnu.linkonce.d.*)
 *(.rel.tdata .rel.tdata.* .rel.gnu.linkonce.td.*)
 *(.rel.tbss .rel.tbss.* .rel.gnu.linkonce.tb.*)
 *(.rel.ctors)
 *(.rel.dtors)
 *(.rel.got)
 *(.rel.dyn)
 .rel.dyn       0x0000000000400030        0x0 build/us_n64/actors/group0.o
 *(.rel.sdata .rel.sdata.* .rel.gnu.linkonce.s.*)
 *(.rel.sbss .rel.sbss.* .rel.gnu.linkonce.sb.*)
 *(.rel.sdata2 .rel.sdata2.* .rel.gnu.linkonce.s2.*)
 *(.rel.sbss2 .rel.sbss2.* .rel.gnu.linkonce.sb2.*)
 *(.rel.bss .rel.bss.* .rel.gnu.linkonce.b.*)
                [!provide]                        PROVIDE (__rel_iplt_start = .)
 *(.rel.iplt)
                [!provide]                        PROVIDE (__rel_iplt_end = .)

.rela.dyn       0x0000000000400030        0x0
 *(.rela.init)
 *(.rela.text .rela.text.* .rela.gnu.linkonce.t.*)
 *(.rela.fini)
 *(.rela.rodata .rela.rodata.* .rela.gnu.linkonce.r.*)
 *(.rela.data .rela.data.* .rela.gnu.linkonce.d.*)
 *(.rela.tdata .rela.tdata.* .rela.gnu.linkonce.td.*)
 *(.rela.tbss .rela.tbss.* .rela.gnu.linkonce.tb.*)
 *(.rela.ctors)
 *(.rela.dtors)
 *(.rela.got)
 *(.rela.sdata .rela.sdata.* .rela.gnu.linkonce.s.*)
 *(.rela.sbss .rela.sbss.* .rela.gnu.linkonce.sb.*)
 *(.rela.sdata2 .rela.sdata2.* .rela.gnu.linkonce.s2.*)
 *(.rela.sbss2 .rela.sbss2.* .rela.gnu.linkonce.sb2.*)
 *(.rela.bss .rela.bss.* .rela.gnu.linkonce.b.*)
                [!provide]                        PROVIDE (__rela_iplt_start = .)
 *(.rela.iplt)
                [!provide]                        PROVIDE (__rela_iplt_end = .)

.rel.plt
 *(.rel.plt)

.rela.plt
 *(.rela.plt)

.init
 *(SORT_NONE(.init))

.plt
 *(.plt)

.iplt
 *(.iplt)

.text           0x0000000004000000        0x0
                0x0000000004000000                _ftext = .
 *(.text.unlikely .text.*_unlikely .text.unlikely.*)
 *(.text.exit .text.exit.*)
 *(.text.startup .text.startup.*)
 *(.text.hot .text.hot.*)
 *(.text .stub .text.* .gnu.linkonce.t.*)
 .text          0x0000000004000000        0x0 build/us_n64/actors/group0.o
 *(.gnu.warning)
 *(.mips16.fn.*)
 *(.mips16.call.*)

.fini
 *(SORT_NONE(.fini))
                [!provide]                        PROVIDE (__etext = .)
                [!provide]                        PROVIDE (_etext = .)
                [!provide]                        PROVIDE (etext = .)

.rodata
 *(.rodata .rodata.* .gnu.linkonce.r.*)

.rodata1
 *(.rodata1)

.sdata2
 *(.sdata2 .sdata2.* .gnu.linkonce.s2.*)

.sbss2
 *(.sbss2 .sbss2.* .gnu.linkonce.sb2.*)

.eh_frame_hdr
 *(.eh_frame_hdr)
 *(.eh_frame_entry .eh_frame_entry.*)

.eh_frame
 *(.eh_frame)
 *(.eh_frame.*)

.gcc_except_table
 *(.gcc_except_table .gcc_except_table.*)

.gnu_extab
 *(.gnu_extab*)

.exception_ranges
 *(.exception_ranges .exception_ranges*)
                0x0000000004000000                . = DATA_SEGMENT_ALIGN (CONSTANT (MAXPAGESIZE), CONSTANT (COMMONPAGESIZE))

.eh_frame
 *(.eh_frame)
 *(.eh_frame.*)

.gnu_extab
 *(.gnu_extab)

.gcc_except_table
 *(.gcc_except_table .gcc_except_table.*)

.exception_ranges
 *(.exception_ranges .exception_ranges*)

.tdata
 *(.tdata .tdata.* .gnu.linkonce.td.*)

.tbss
 *(.tbss .tbss.* .gnu.linkonce.tb.*)
 *(.tcommon)

.preinit_array  0x0000000004000000        0x0
                [!provide]                        PROVIDE (__preinit_array_start = .)
 *(.preinit_array)
                [!provide]                        PROVIDE (__preinit_array_end = .)

.init_array     0x0000000004000000        0x0
                [!provide]                        PROVIDE (__init_array_start = .)
 *(SORT_BY_INIT_PRIORITY(.init_array.*) SORT_BY_INIT_PRIORITY(.ctors.*))
 *(.init_array EXCLUDE_FILE(*crtend?.o *crtend.o *crtbegin?.o *crtbegin.o) .ctors)
                [!provide]                        PROVIDE (__init_array_end = .)

.fini_array     0x0000000004000000        0x0
                [!provide]                        PROVIDE (__fini_array_start = .)
 *(SORT_BY_INIT_PRIORITY(.fini_array.*) SORT_BY_INIT_PRIORITY(.dtors.*))
 *(.fini_array EXCLUDE_FILE(*crtend?.o *crtend.o *crtbegin?.o *crtbegin.o) .dtors)
                [!provide]                        PROVIDE (__fini_array_end = .)

.ctors
 *crtbegin.o(.ctors)
 *crtbegin?.o(.ctors)
 *(EXCLUDE_FILE(*crtend?.o *crtend.o) .ctors)
 *(SORT_BY_NAME(.ctors.*))
 *(.ctors)

.dtors
 *crtbegin.o(.dtors)
 *crtbegin?.o(.dtors)
 *(EXCLUDE_FILE(*crtend?.o *crtend.o) .dtors)
 *(SORT_BY_NAME(.dtors.*))
 *(.dtors)

.jcr
 *(.jcr)

.data.rel.ro
 *(.data.rel.ro.local* .gnu.linkonce.d.rel.ro.local.*)
 *(.data.rel.ro .data.rel.ro.* .gnu.linkonce.d.rel.ro.*)
                0x0000000004000000                . = DATA_SEGMENT_RELRO_END (., 0x0)

.data           0x0000000004000000    0x32550
                0x0000000004000000                _fdata = .
 *(.data .data.* .gnu.linkonce.d.*)
 .data          0x0000000004000000    0x32550 build/us_n64/actors/group0.o
                0x0000000004000000                sparkles_animation_seg4_dl_04035360
                0x0000000004000018                sparkles_animation_seg4_dl_04035348
                0x0000000004000030                sparkles_animation_seg4_dl_04035330
                0x0000000004000048                sparkles_animation_seg4_dl_04035318
                0x0000000004000060                sparkles_animation_seg4_dl_04035300
                0x0000000004000078                sparkles_animation_seg4_dl_04035288
                0x0000000004002928                white_particle_small_unused_dl
                0x0000000004002940                white_particle_small_dl
                0x0000000004002958                white_particle_small_dl_end
                0x0000000004002988                white_particle_small_dl_begin
                0x0000000004002c68                water_splash_seg4_dl_040326E8
                0x0000000004002c80                water_splash_seg4_dl_040326D0
                0x0000000004002c98                water_splash_seg4_dl_040326B8
                0x0000000004002cb0                water_splash_seg4_dl_040326A0
                0x0000000004002cc8                water_splash_seg4_dl_04032688
                0x0000000004002ce0                water_splash_seg4_dl_04032670
                0x0000000004002cf8                water_splash_seg4_dl_04032658
                0x0000000004002d10                water_splash_seg4_dl_04032640
                0x0000000004002d28                water_splash_seg4_dl_040325C8
                0x000000000400add8                sparkles_seg4_dl_0402A570
                0x000000000400adf0                sparkles_seg4_dl_0402A558
                0x000000000400ae08                sparkles_seg4_dl_0402A540
                0x000000000400ae20                sparkles_seg4_dl_0402A528
                0x000000000400ae38                sparkles_seg4_dl_0402A510
                0x000000000400ae50                sparkles_seg4_dl_0402A4F8
                0x000000000400ae68                sparkles_seg4_dl_0402A490
                0x000000000400df08                water_wave_seg4_dl_04027438
                0x000000000400df20                water_wave_seg4_dl_04027420
                0x000000000400df38                water_wave_seg4_dl_04027408
                0x000000000400df50                water_wave_seg4_dl_040273F0
                0x000000000400df68                water_wave_seg4_dl_040273D8
                0x000000000400df80                water_wave_seg4_dl_040273A0
                0x000000000400dfb0                water_wave_seg4_dl_04027358
                0x0000000004010038                small_water_splash_seg4_dl_5
                0x0000000004010050                small_water_splash_seg4_dl_4
                0x0000000004010068                small_water_splash_seg4_dl_3
                0x0000000004010080                small_water_splash_seg4_dl_2
                0x0000000004010098                small_water_splash_seg4_dl_1
                0x00000000040100b0                small_water_splash_seg4_dl_0
                0x00000000040100c8                small_water_splash_seg4_sub_dl_model
                0x00000000040100e0                small_water_splash_seg4_sub_dl_end
                0x0000000004010110                small_water_splash_seg4_sub_dl_start
                0x0000000004013198                burn_smoke_seg4_dl
                0x00000000040131f0                burn_smoke_seg4_sub_dl_end
                0x0000000004013218                burn_smoke_seg4_sub_dl_model
                0x0000000004013230                burn_smoke_seg4_sub_dl_begin
                0x0000000004013a98                smoke_seg4_dl_040217A8
                0x0000000004013ab0                smoke_seg4_dl_04021790
                0x0000000004013ac8                smoke_seg4_dl_04021778
                0x0000000004013ae0                smoke_seg4_dl_04021760
                0x0000000004013af8                smoke_seg4_dl_04021748
                0x0000000004013b10                smoke_seg4_dl_04021730
                0x0000000004013b28                smoke_seg4_dl_04021718
                0x0000000004013b40                smoke_seg4_dl_040216A0
                0x00000000040173f0                bubble_seg4_dl_0401DDE0
                0x0000000004017468                bubble_seg4_dl_0401DD60
                0x0000000004018520                mario_metal_cap_wings_transparent
                0x0000000004018618                mario_metal_cap_wings
                0x00000000040186d0                mario_cap_wings_transparent
                0x0000000004018788                mario_cap_wings
                0x0000000004018840                mario_wings_half_2_dl
                0x0000000004018858                mario_wings_half_1_dl
                0x00000000040188f0                mario_metal_cap_wings_unused
                0x0000000004018948                mario_cap_wings_unused
                0x00000000040189a0                mario_metal_cap_unused_dl
                0x0000000004018a48                mario_cap_unused_dl
                0x0000000004018ad8                mario_cap_wings_unused_end_dl
                0x0000000004018b00                mario_cap_wings_unused_initial_dl
                0x0000000004018b58                mario_wings_half_2_unused_dl
                0x0000000004018b78                mario_wings_half_1_unused_dl
                0x0000000004018cd8                mario_cap_unused_base_dl
                0x0000000004018d00                mario_cap_unused_base_bottom_dl
                0x0000000004018d30                mario_cap_unused_base_top_dl
                0x0000000004018df0                mario_cap_unused_m_logo_dl
                0x00000000040191f8                mario_right_hand_peace
                0x0000000004019218                mario_right_hand_peace_shared_dl
                0x0000000004019d60                mario_metal_right_hand_cap_shared_dl_wings
                0x0000000004019db8                mario_metal_right_hand_cap_shared_dl
                0x0000000004019e00                mario_right_hand_cap_wings
                0x0000000004019e58                mario_right_hand_cap
                0x0000000004019ed8                mario_right_hand_cap_wings_end_dl
                0x0000000004019ef8                mario_right_hand_cap_wings_initial_dl
                0x0000000004019f50                mario_right_hand_cap_wings_half_2_dl
                0x0000000004019f70                mario_right_hand_cap_wings_half_1_dl
                0x000000000401a0b0                mario_right_hand_cap_dl
                0x000000000401a0f0                mario_right_hand_cap_bottom_dl
                0x000000000401a120                mario_right_hand_cap_hand_position_dl
                0x000000000401a1f8                mario_right_hand_cap_top_dl
                0x000000000401a2d0                mario_right_hand_cap_m_logo_dl
                0x000000000401aa20                mario_metal_right_hand_open
                0x000000000401aa50                mario_right_hand_open
                0x000000000401aa70                mario_right_hand_open_dl
                0x000000000401b0e0                mario_left_hand_open
                0x000000000401b100                mario_left_hand_open_shared_dl
                0x000000000401b770                mario_metal_low_poly_cap_off
                0x000000000401b798                mario_low_poly_cap_off_eyes_dead
                0x000000000401b848                mario_low_poly_cap_off_eyes_down
                0x000000000401b8f8                mario_low_poly_cap_off_eyes_up
                0x000000000401b9a8                mario_low_poly_cap_off_eyes_left
                0x000000000401ba58                mario_low_poly_cap_off_eyes_right
                0x000000000401bb08                mario_low_poly_cap_off_eyes_closed
                0x000000000401bbb8                mario_low_poly_cap_off_eyes_half_closed
                0x000000000401bc68                mario_low_poly_cap_off_eyes_front
                0x000000000401bd18                mario_low_poly_face_cap_off_dl
                0x000000000401bd40                mario_low_poly_face_hair_cap_off_dl
                0x000000000401bdb0                mario_low_poly_face_part_cap_off_dl
                0x000000000401bdf0                mario_low_poly_mustache_cap_off_dl
                0x000000000401be18                mario_low_poly_mario_eyes_cap_off_dl
                0x000000000401c0e8                mario_metal_low_poly_cap_on
                0x000000000401c120                mario_low_poly_cap_on_eyes_dead
                0x000000000401c1f0                mario_low_poly_cap_on_eyes_down
                0x000000000401c2c0                mario_low_poly_cap_on_eyes_up
                0x000000000401c390                mario_low_poly_cap_on_eyes_left
                0x000000000401c460                mario_low_poly_cap_on_eyes_right
                0x000000000401c530                mario_low_poly_cap_on_eyes_closed
                0x000000000401c600                mario_low_poly_cap_on_eyes_half_closed
                0x000000000401c6d0                mario_low_poly_cap_on_eyes_front
                0x000000000401c7a0                mario_low_poly_face_cap_on_dl
                0x000000000401c7e0                mario_low_poly_face_back_hair_cap_on_dl
                0x000000000401c800                mario_low_poly_face_cap_dl
                0x000000000401c848                mario_low_poly_face_part_cap_on_dl
                0x000000000401c888                mario_low_poly_mustache_cap_on_dl
                0x000000000401c8b0                mario_low_poly_eyes_cap_on_dl
                0x000000000401c8d0                mario_low_poly_mario_m_logo_dl
                0x000000000401cc20                mario_metal_low_poly_torso
                0x000000000401cc40                mario_low_poly_torso
                0x000000000401ccc0                mario_low_poly_torso_dl
                0x000000000401cce8                mario_low_poly_tshirt_shared_dl
                0x000000000401cd20                mario_low_poly_pants_overalls_shared_dl
                0x000000000401cd70                mario_low_poly_yellow_button_dl
                0x000000000401cfa0                mario_metal_low_poly_right_foot
                0x000000000401cfe0                mario_low_poly_right_foot
                0x000000000401d020                mario_low_poly_right_foot_dl
                0x000000000401d140                mario_low_poly_right_leg_shared_dl
                0x000000000401d260                mario_low_poly_right_thigh
                0x000000000401d280                mario_low_poly_right_thigh_shared_dl
                0x000000000401d3a0                mario_low_poly_left_foot
                0x000000000401d3c0                mario_low_poly_left_foot_shared_dl
                0x000000000401d4e0                mario_low_poly_left_leg_shared_dl
                0x000000000401d600                mario_metal_low_poly_left_thigh
                0x000000000401d678                mario_low_poly_left_thigh
                0x000000000401d6a8                mario_low_poly_left_thigh_dl
                0x000000000401d7c8                mario_metal_low_poly_right_hand_closed
                0x000000000401d7f8                mario_low_poly_right_hand_closed
                0x000000000401d818                mario_low_poly_right_hand_closed_dl
                0x000000000401d8d0                mario_low_poly_right_forearm_shared_dl
                0x000000000401d9c0                mario_low_poly_right_arm
                0x000000000401d9e0                mario_low_poly_right_arm_shared_dl
                0x000000000401dad0                mario_low_poly_left_hand_closed
                0x000000000401daf0                mario_low_poly_left_hand_closed_shared_dl
                0x000000000401dba8                mario_low_poly_left_forearm_shared_dl
                0x000000000401dc98                mario_low_poly_left_arm
                0x000000000401dcb8                mario_low_poly_left_arm_shared_dl
                0x000000000401dda8                mario_metal_low_poly_butt
                0x000000000401de20                mario_low_poly_butt
                0x000000000401de50                mario_low_poly_butt_dl
                0x000000000401df58                mario_metal_medium_poly_torso
                0x000000000401df78                mario_medium_poly_torso
                0x000000000401dff8                mario_medium_poly_torso_dl
                0x000000000401e020                mario_medium_poly_tshirt_shared_dl
                0x000000000401e080                mario_medium_poly_pants_overalls_shared_dl
                0x000000000401e138                mario_medium_poly_yellow_button_dl
                0x000000000401e688                mario_metal_medium_poly_right_foot
                0x000000000401e6c8                mario_medium_poly_right_foot
                0x000000000401e708                mario_medium_poly_right_foot_dl
                0x000000000401e8d8                mario_medium_poly_right_leg_shared_dl
                0x000000000401ea18                mario_medium_poly_right_thigh
                0x000000000401ea38                mario_medium_poly_right_thigh_shared_dl
                0x000000000401eb78                mario_medium_poly_left_foot
                0x000000000401eb98                mario_medium_poly_left_foot_shared_dl
                0x000000000401edc8                mario_medium_poly_left_leg_shared_dl
                0x000000000401ef08                mario_metal_medium_poly_left_thigh
                0x000000000401ef80                mario_medium_poly_left_thigh
                0x000000000401efb0                mario_medium_poly_left_thigh_dl
                0x000000000401f0f0                mario_metal_medium_poly_right_hand_closed
                0x000000000401f120                mario_medium_poly_right_hand_closed
                0x000000000401f140                mario_medium_poly_right_hand_closed_dl
                0x000000000401f4d8                mario_medium_poly_right_forearm_shared_dl
                0x000000000401f608                mario_medium_poly_right_arm
                0x000000000401f628                mario_medium_poly_right_arm_shared_dl
                0x000000000401f758                mario_medium_poly_left_hand_closed
                0x000000000401f778                mario_medium_poly_left_hand_closed_shared_dl
                0x000000000401faf8                mario_medium_poly_left_forearm_shared_dl
                0x000000000401fc28                mario_medium_poly_left_arm
                0x000000000401fc48                mario_medium_poly_left_arm_shared_dl
                0x000000000401fd78                mario_metal_medium_poly_butt
                0x000000000401fdf0                mario_medium_poly_butt
                0x000000000401fe20                mario_medium_poly_butt_dl
                0x0000000004020330                mario_metal_cap_off_shared_dl
                0x0000000004020360                mario_cap_off_eyes_dead
                0x0000000004020430                mario_cap_off_eyes_down
                0x0000000004020500                mario_cap_off_eyes_up
                0x00000000040205d0                mario_cap_off_eyes_left
                0x00000000040206a0                mario_cap_off_eyes_right
                0x0000000004020770                mario_cap_off_eyes_closed
                0x0000000004020840                mario_cap_off_eyes_half_closed
                0x0000000004020910                mario_cap_off_eyes_front
                0x00000000040209e0                mario_face_cap_off_dl
                0x0000000004020a08                mario_face_hair_cap_off_dl
                0x0000000004020ba8                mario_face_part_cap_off_dl
                0x0000000004020d50                mario_hair_sideburn_cap_off_dl
                0x0000000004020d80                mario_mustache_cap_off_dl
                0x0000000004020dd8                mario_eyes_cap_off_dl
                0x0000000004021f38                mario_metal_cap_on_shared_dl
                0x0000000004021f78                mario_cap_on_eyes_dead
                0x0000000004022068                mario_cap_on_eyes_down
                0x0000000004022158                mario_cap_on_eyes_up
                0x0000000004022248                mario_cap_on_eyes_left
                0x0000000004022338                mario_cap_on_eyes_right
                0x0000000004022428                mario_cap_on_eyes_closed
                0x0000000004022518                mario_cap_on_eyes_half_closed
                0x0000000004022608                mario_cap_on_eyes_front
                0x00000000040226f8                mario_face_cap_on_dl
                0x0000000004022738                mario_face_back_hair_cap_on_dl
                0x00000000040227c0                mario_face_cap_dl
                0x0000000004022890                mario_face_part_cap_on_dl
                0x0000000004022a20                mario_mustache_cap_on_dl
                0x0000000004022a80                mario_hair_sideburn_cap_on_dl
                0x0000000004022ab0                mario_eyes_cap_on_dl
                0x0000000004022af0                mario_m_logo_dl
                0x00000000040239b8                mario_metal_torso_shared_dl
                0x00000000040239d8                mario_torso
                0x0000000004023a58                mario_torso_dl
                0x0000000004023a80                mario_tshirt_shared_dl
                0x0000000004023b10                mario_pants_overalls_shared_dl
                0x0000000004023ca8                mario_yellow_button_dl
                0x00000000040246a0                mario_metal_right_foot
                0x00000000040246e0                mario_right_foot
                0x0000000004024720                mario_right_foot_dl
                0x0000000004024910                mario_right_leg_shared_dl
                0x0000000004024b78                mario_right_thigh
                0x0000000004024b98                mario_right_thigh_shared_dl
                0x0000000004024e18                mario_left_foot
                0x0000000004024e38                mario_left_foot_shared_dl
                0x00000000040250a8                mario_left_leg_shared_dl
                0x00000000040251c8                mario_metal_left_thigh
                0x0000000004025240                mario_left_thigh
                0x0000000004025270                mario_left_thigh_dl
                0x0000000004025500                mario_metal_right_hand_closed
                0x0000000004025530                mario_right_hand_closed
                0x0000000004025550                mario_right_hand_closed_dl
                0x0000000004025900                mario_right_forearm_shared_dl
                0x0000000004025a80                mario_right_arm
                0x0000000004025aa0                mario_right_arm_shared_dl
                0x0000000004025ef0                mario_left_hand_closed
                0x0000000004025f10                mario_left_hand_closed_shared_dl
                0x0000000004026368                mario_left_forearm_shared_dl
                0x00000000040264e8                mario_left_arm
                0x0000000004026508                mario_left_arm_shared_dl
                0x0000000004026918                mario_metal_butt
                0x0000000004026990                mario_butt
                0x00000000040269c0                mario_butt_dl
                0x00000000040324b8                mario_brown2_lights_group
                0x00000000040324d0                mario_beige_lights_group
                0x00000000040324e8                mario_brown1_lights_group
                0x0000000004032500                mario_white_lights_group
                0x0000000004032518                mario_red_lights_group
                0x0000000004032530                mario_blue_lights_group

.data1
 *(.data1)

.got.plt
 *(.got.plt)
                0x0000000004032550                . = .
                0x0000000004032550                . = .
                0x000000000403a540                _gp = (ALIGN (0x10) + 0x7ff0)

.got
 *(.got)

.sdata
 *(.sdata .sdata.* .gnu.linkonce.s.*)

.lit8
 *(.lit8)

.lit4
 *(.lit4)
                0x0000000004032550                _edata = .
                [!provide]                        PROVIDE (edata = .)
                0x0000000004032550                . = .
                0x0000000004032550                __bss_start = .
                0x0000000004032550                _fbss = .

.sbss
 *(.dynsbss)
 *(.sbss .sbss.* .gnu.linkonce.sb.*)
 *(.scommon)

.bss            0x0000000004032550        0x0
 *(.dynbss)
 *(.bss .bss.* .gnu.linkonce.b.*)
 .bss           0x0000000004032550        0x0 build/us_n64/actors/group0.o
 *(COMMON)
                0x0000000004032550                . = ALIGN ((. != 0x0)?0x4:0x1)
                0x0000000004032550                . = ALIGN (0x4)
                0x0000000004032550                . = SEGMENT_START ("ldata-segment", .)
                0x0000000004032550                . = ALIGN (0x4)
                0x0000000004032550                _end = .
                [!provide]                        PROVIDE (end = .)
                0x0000000004032550                . = DATA_SEGMENT_END (.)

.stab
 *(.stab)

.stabstr
 *(.stabstr)

.stab.excl
 *(.stab.excl)

.stab.exclstr
 *(.stab.exclstr)

.stab.index
 *(.stab.index)

.stab.indexstr
 *(.stab.indexstr)

.comment        0x0000000000000000       0x25
 *(.comment)
 .comment       0x0000000000000000       0x25 build/us_n64/actors/group0.o
                                         0x26 (size before relaxing)

.pdr            0x0000000000000000        0x0
 .pdr           0x0000000000000000        0x0 build/us_n64/actors/group0.o

.debug
 *(.debug)

.line
 *(.line)

.debug_srcinfo
 *(.debug_srcinfo)

.debug_sfnames
 *(.debug_sfnames)

.debug_aranges
 *(.debug_aranges)

.debug_pubnames
 *(.debug_pubnames)

.debug_info
 *(.debug_info .gnu.linkonce.wi.*)

.debug_abbrev
 *(.debug_abbrev)

.debug_line
 *(.debug_line .debug_line.* .debug_line_end)

.debug_frame
 *(.debug_frame)

.debug_str
 *(.debug_str)

.debug_loc
 *(.debug_loc)

.debug_macinfo
 *(.debug_macinfo)

.debug_weaknames
 *(.debug_weaknames)

.debug_funcnames
 *(.debug_funcnames)

.debug_typenames
 *(.debug_typenames)

.debug_varnames
 *(.debug_varnames)

.debug_pubtypes
 *(.debug_pubtypes)

.debug_ranges
 *(.debug_ranges)

.debug_macro
 *(.debug_macro)

.debug_addr
 *(.debug_addr)

.gnu.attributes
                0x0000000000000000       0x10
 *(.gnu.attributes)
 .gnu.attributes
                0x0000000000000000       0x10 build/us_n64/actors/group0.o

.gptab.sdata
 *(.gptab.data)
 *(.gptab.sdata)

.gptab.sbss
 *(.gptab.bss)
 *(.gptab.sbss)

.mdebug.abi32   0x0000000000000000        0x0
 *(.mdebug.abi32)
 .mdebug.abi32  0x0000000000000000        0x0 build/us_n64/actors/group0.o

.mdebug.abiN32
 *(.mdebug.abiN32)

.mdebug.abi64
 *(.mdebug.abi64)

.mdebug.abiO64
 *(.mdebug.abiO64)

.mdebug.eabi32
 *(.mdebug.eabi32)

.mdebug.eabi64
 *(.mdebug.eabi64)

.gcc_compiled_long32
 *(.gcc_compiled_long32)

.gcc_compiled_long64
 *(.gcc_compiled_long64)

/DISCARD/
 *(.note.GNU-stack)
 *(.gnu_debuglink)
 *(.gnu.lto_*)
OUTPUT(build/us_n64/actors/group0.elf elf32-bigmips)
