
Discarded input sections

 .note.GNU-stack
                0x0000000000000000        0x0 build/us_n64/bin/segment2.o

Memory Configuration

Name             Origin             Length             Attributes
*default*        0x0000000000000000 0xffffffffffffffff

Linker script and memory map

Address of section .text set to 0x2000000
LOAD build/us_n64/bin/segment2.o
                [!provide]                        PROVIDE (__executable_start = SEGMENT_START ("text-segment", 0x400000))
                0x0000000000400000                . = SEGMENT_START ("text-segment", 0x400000)

.interp
 *(.interp)

.MIPS.abiflags  0x0000000000400000       0x18
 *(.MIPS.abiflags)
 .MIPS.abiflags
                0x0000000000400000       0x18 build/us_n64/bin/segment2.o

.reginfo        0x0000000000400018       0x18
 *(.reginfo)
 .reginfo       0x0000000000400018       0x18 build/us_n64/bin/segment2.o

.note.gnu.build-id
 *(.note.gnu.build-id)

.dynamic
 *(.dynamic)

.hash
 *(.hash)

.gnu.hash
 *(.gnu.hash)

.dynsym
 *(.dynsym)

.dynstr
 *(.dynstr)

.gnu.version
 *(.gnu.version)

.gnu.version_d
 *(.gnu.version_d)

.gnu.version_r
 *(.gnu.version_r)

.rel.dyn        0x0000000000400030        0x0
 *(.rel.init)
 *(.rel.text .rel.text.* .rel.gnu.linkonce.t.*)
 *(.rel.fini)
 *(.rel.rodata .rel.rodata.* .rel.gnu.linkonce.r.*)
 *(.rel.data.rel.ro .rel.data.rel.ro.* .rel.gnu.linkonce.d.rel.ro.*)
 *(.rel.data .rel.data.* .rel.gnu.linkonce.d.*)
 *(.rel.tdata .rel.tdata.* .rel.gnu.linkonce.td.*)
 *(.rel.tbss .rel.tbss.* .rel.gnu.linkonce.tb.*)
 *(.rel.ctors)
 *(.rel.dtors)
 *(.rel.got)
 *(.rel.dyn)
 .rel.dyn       0x0000000000400030        0x0 build/us_n64/bin/segment2.o
 *(.rel.sdata .rel.sdata.* .rel.gnu.linkonce.s.*)
 *(.rel.sbss .rel.sbss.* .rel.gnu.linkonce.sb.*)
 *(.rel.sdata2 .rel.sdata2.* .rel.gnu.linkonce.s2.*)
 *(.rel.sbss2 .rel.sbss2.* .rel.gnu.linkonce.sb2.*)
 *(.rel.bss .rel.bss.* .rel.gnu.linkonce.b.*)
                [!provide]                        PROVIDE (__rel_iplt_start = .)
 *(.rel.iplt)
                [!provide]                        PROVIDE (__rel_iplt_end = .)

.rela.dyn       0x0000000000400030        0x0
 *(.rela.init)
 *(.rela.text .rela.text.* .rela.gnu.linkonce.t.*)
 *(.rela.fini)
 *(.rela.rodata .rela.rodata.* .rela.gnu.linkonce.r.*)
 *(.rela.data .rela.data.* .rela.gnu.linkonce.d.*)
 *(.rela.tdata .rela.tdata.* .rela.gnu.linkonce.td.*)
 *(.rela.tbss .rela.tbss.* .rela.gnu.linkonce.tb.*)
 *(.rela.ctors)
 *(.rela.dtors)
 *(.rela.got)
 *(.rela.sdata .rela.sdata.* .rela.gnu.linkonce.s.*)
 *(.rela.sbss .rela.sbss.* .rela.gnu.linkonce.sb.*)
 *(.rela.sdata2 .rela.sdata2.* .rela.gnu.linkonce.s2.*)
 *(.rela.sbss2 .rela.sbss2.* .rela.gnu.linkonce.sb2.*)
 *(.rela.bss .rela.bss.* .rela.gnu.linkonce.b.*)
                [!provide]                        PROVIDE (__rela_iplt_start = .)
 *(.rela.iplt)
                [!provide]                        PROVIDE (__rela_iplt_end = .)

.rel.plt
 *(.rel.plt)

.rela.plt
 *(.rela.plt)

.init
 *(SORT_NONE(.init))

.plt
 *(.plt)

.iplt
 *(.iplt)

.text           0x0000000002000000        0x0
                0x0000000002000000                _ftext = .
 *(.text.unlikely .text.*_unlikely .text.unlikely.*)
 *(.text.exit .text.exit.*)
 *(.text.startup .text.startup.*)
 *(.text.hot .text.hot.*)
 *(.text .stub .text.* .gnu.linkonce.t.*)
 .text          0x0000000002000000        0x0 build/us_n64/bin/segment2.o
 *(.gnu.warning)
 *(.mips16.fn.*)
 *(.mips16.call.*)

.fini
 *(SORT_NONE(.fini))
                [!provide]                        PROVIDE (__etext = .)
                [!provide]                        PROVIDE (_etext = .)
                [!provide]                        PROVIDE (etext = .)

.rodata
 *(.rodata .rodata.* .gnu.linkonce.r.*)

.rodata1
 *(.rodata1)

.sdata2
 *(.sdata2 .sdata2.* .gnu.linkonce.s2.*)

.sbss2
 *(.sbss2 .sbss2.* .gnu.linkonce.sb2.*)

.eh_frame_hdr
 *(.eh_frame_hdr)
 *(.eh_frame_entry .eh_frame_entry.*)

.eh_frame
 *(.eh_frame)
 *(.eh_frame.*)

.gcc_except_table
 *(.gcc_except_table .gcc_except_table.*)

.gnu_extab
 *(.gnu_extab*)

.exception_ranges
 *(.exception_ranges .exception_ranges*)
                0x0000000002000000                . = DATA_SEGMENT_ALIGN (CONSTANT (MAXPAGESIZE), CONSTANT (COMMONPAGESIZE))

.eh_frame
 *(.eh_frame)
 *(.eh_frame.*)

.gnu_extab
 *(.gnu_extab)

.gcc_except_table
 *(.gcc_except_table .gcc_except_table.*)

.exception_ranges
 *(.exception_ranges .exception_ranges*)

.tdata
 *(.tdata .tdata.* .gnu.linkonce.td.*)

.tbss
 *(.tbss .tbss.* .gnu.linkonce.tb.*)
 *(.tcommon)

.preinit_array  0x0000000002000000        0x0
                [!provide]                        PROVIDE (__preinit_array_start = .)
 *(.preinit_array)
                [!provide]                        PROVIDE (__preinit_array_end = .)

.init_array     0x0000000002000000        0x0
                [!provide]                        PROVIDE (__init_array_start = .)
 *(SORT_BY_INIT_PRIORITY(.init_array.*) SORT_BY_INIT_PRIORITY(.ctors.*))
 *(.init_array EXCLUDE_FILE(*crtend?.o *crtend.o *crtbegin?.o *crtbegin.o) .ctors)
                [!provide]                        PROVIDE (__init_array_end = .)

.fini_array     0x0000000002000000        0x0
                [!provide]                        PROVIDE (__fini_array_start = .)
 *(SORT_BY_INIT_PRIORITY(.fini_array.*) SORT_BY_INIT_PRIORITY(.dtors.*))
 *(.fini_array EXCLUDE_FILE(*crtend?.o *crtend.o *crtbegin?.o *crtbegin.o) .dtors)
                [!provide]                        PROVIDE (__fini_array_end = .)

.ctors
 *crtbegin.o(.ctors)
 *crtbegin?.o(.ctors)
 *(EXCLUDE_FILE(*crtend?.o *crtend.o) .ctors)
 *(SORT_BY_NAME(.ctors.*))
 *(.ctors)

.dtors
 *crtbegin.o(.dtors)
 *crtbegin?.o(.dtors)
 *(EXCLUDE_FILE(*crtend?.o *crtend.o) .dtors)
 *(SORT_BY_NAME(.dtors.*))
 *(.dtors)

.jcr
 *(.jcr)

.data.rel.ro
 *(.data.rel.ro.local* .gnu.linkonce.d.rel.ro.local.*)
 *(.data.rel.ro .data.rel.ro.* .gnu.linkonce.d.rel.ro.*)
                0x0000000002000000                . = DATA_SEGMENT_RELRO_END (., 0x0)

.data           0x0000000002000000    0x27558
                0x0000000002000000                _fdata = .
 *(.data .data.* .gnu.linkonce.d.*)
 .data          0x0000000002000000        0x0 build/us_n64/bin/segment2.o
 .data.render_closed_mario_head_real_texture
                0x0000000002000000      0xea0 build/us_n64/bin/segment2.o
                0x0000000002000000                render_closed_mario_head_real_texture
 .data.render_closed_mario_head_real_texture_aligner
                0x0000000002000ea0        0x8 build/us_n64/bin/segment2.o
                0x0000000002000ea0                render_closed_mario_head_real_texture_aligner
 .data.render_closed_mario_head_texture
                0x0000000002000ea8      0xfd8 build/us_n64/bin/segment2.o
                0x0000000002000ea8                render_closed_mario_head_texture
 .data.render_closed_mario_head_texture_aligner
                0x0000000002001e80        0x8 build/us_n64/bin/segment2.o
                0x0000000002001e80                render_closed_mario_head_texture_aligner
 .data.render_open_mario_head_texture
                0x0000000002001e88      0xfd8 build/us_n64/bin/segment2.o
                0x0000000002001e88                render_open_mario_head_texture
 .data.render_open_mario_head_texture_aligner
                0x0000000002002e60        0x8 build/us_n64/bin/segment2.o
                0x0000000002002e60                render_open_mario_head_texture_aligner
 .data.render_spaghetti_texture_pal_rgba16
                0x0000000002002e68      0x1b4 build/us_n64/bin/segment2.o
                0x0000000002002e68                render_spaghetti_texture_pal_rgba16
 *fill*         0x000000000200301c        0x4 
 .data.render_spaghetti_texture_pal_rgba16_aligner
                0x0000000002003020        0x8 build/us_n64/bin/segment2.o
                0x0000000002003020                render_spaghetti_texture_pal_rgba16_aligner
 .data.render_spaghetti_texture
                0x0000000002003028      0x110 build/us_n64/bin/segment2.o
                0x0000000002003028                render_spaghetti_texture
 .data.render_spaghetti_texture_aligner
                0x0000000002003138        0x8 build/us_n64/bin/segment2.o
                0x0000000002003138                render_spaghetti_texture_aligner
 .data.render_clock_end_texture
                0x0000000002003140      0xdc8 build/us_n64/bin/segment2.o
                0x0000000002003140                render_clock_end_texture
 .data.render_clock_end_texture_aligner
                0x0000000002003f08        0x8 build/us_n64/bin/segment2.o
                0x0000000002003f08                render_clock_end_texture_aligner
 .data.render_clock_start_texture
                0x0000000002003f10      0xdc8 build/us_n64/bin/segment2.o
                0x0000000002003f10                render_clock_start_texture
 .data.render_clock_start_texture_aligner
                0x0000000002004cd8        0x8 build/us_n64/bin/segment2.o
                0x0000000002004cd8                render_clock_start_texture_aligner
 .data.render_clock_start_top_texture
                0x0000000002004ce0     0x1000 build/us_n64/bin/segment2.o
                0x0000000002004ce0                render_clock_start_top_texture
 .data.render_clock_start_top_texture_aligner
                0x0000000002005ce0        0x8 build/us_n64/bin/segment2.o
                0x0000000002005ce0                render_clock_start_top_texture_aligner
 .data.render_clock_start_bottom_texture
                0x0000000002005ce8     0x1000 build/us_n64/bin/segment2.o
                0x0000000002005ce8                render_clock_start_bottom_texture
 .data.render_clock_start_bottom_texture_aligner
                0x0000000002006ce8        0x8 build/us_n64/bin/segment2.o
                0x0000000002006ce8                render_clock_start_bottom_texture_aligner
 .data.render_clock_end_top_texture
                0x0000000002006cf0     0x1000 build/us_n64/bin/segment2.o
                0x0000000002006cf0                render_clock_end_top_texture
 .data.render_clock_end_top_texture_aligner
                0x0000000002007cf0        0x8 build/us_n64/bin/segment2.o
                0x0000000002007cf0                render_clock_end_top_texture_aligner
 .data.render_clock_end_bottom_texture
                0x0000000002007cf8     0x1000 build/us_n64/bin/segment2.o
                0x0000000002007cf8                render_clock_end_bottom_texture
 .data.render_clock_end_bottom_texture_aligner
                0x0000000002008cf8        0x8 build/us_n64/bin/segment2.o
                0x0000000002008cf8                render_clock_end_bottom_texture_aligner
 .data.render_head_closed_texture
                0x0000000002008d00      0xea0 build/us_n64/bin/segment2.o
                0x0000000002008d00                render_head_closed_texture
 .data.render_head_closed_texture_aligner
                0x0000000002009ba0        0x8 build/us_n64/bin/segment2.o
                0x0000000002009ba0                render_head_closed_texture_aligner
 .data.render_head_open_texture
                0x0000000002009ba8      0xfd8 build/us_n64/bin/segment2.o
                0x0000000002009ba8                render_head_open_texture
 .data.render_head_open_texture_aligner
                0x000000000200ab80        0x8 build/us_n64/bin/segment2.o
                0x000000000200ab80                render_head_open_texture_aligner
 .data.seg2_painting_mesh_neighbor_tris
                0x000000000200ab88      0x76c build/us_n64/bin/segment2.o
                0x000000000200ab88                seg2_painting_mesh_neighbor_tris
 .data.seg2_painting_triangle_mesh
                0x000000000200b2f4      0x9e4 build/us_n64/bin/segment2.o
                0x000000000200b2f4                seg2_painting_triangle_mesh
 .data.dl_paintings_draw_ripples
                0x000000000200bcd8       0x20 build/us_n64/bin/segment2.o
                0x000000000200bcd8                dl_paintings_draw_ripples
 .data.dl_paintings_env_mapped_end
                0x000000000200bcf8       0x28 build/us_n64/bin/segment2.o
                0x000000000200bcf8                dl_paintings_env_mapped_end
 .data.dl_paintings_env_mapped_begin
                0x000000000200bd20       0x38 build/us_n64/bin/segment2.o
                0x000000000200bd20                dl_paintings_env_mapped_begin
 .data.dl_paintings_rippling_end
                0x000000000200bd58       0x20 build/us_n64/bin/segment2.o
                0x000000000200bd58                dl_paintings_rippling_end
 .data.dl_paintings_rippling_begin
                0x000000000200bd78       0x38 build/us_n64/bin/segment2.o
                0x000000000200bd78                dl_paintings_rippling_begin
 .data.seg2_lights_02014958
                0x000000000200bdb0       0x18 build/us_n64/bin/segment2.o
 .data.dl_ia8_up_arrow_end
                0x000000000200bdc8       0x20 build/us_n64/bin/segment2.o
                0x000000000200bdc8                dl_ia8_up_arrow_end
 .data.dl_ia8_up_arrow_load_texture_block
                0x000000000200bde8       0x58 build/us_n64/bin/segment2.o
                0x000000000200bde8                dl_ia8_up_arrow_load_texture_block
 .data.dl_rgba16_unused
                0x000000000200be40       0x30 build/us_n64/bin/segment2.o
                0x000000000200be40                dl_rgba16_unused
 .data.dl_ia8_up_arrow_begin
                0x000000000200be70       0x38 build/us_n64/bin/segment2.o
                0x000000000200be70                dl_ia8_up_arrow_begin
 .data.texture_ia8_up_arrow
                0x000000000200bea8       0x40 build/us_n64/bin/segment2.o
 .data.dl_waterbox_end
                0x000000000200bee8       0x28 build/us_n64/bin/segment2.o
                0x000000000200bee8                dl_waterbox_end
 .data.dl_waterbox_ia16_begin
                0x000000000200bf10       0x40 build/us_n64/bin/segment2.o
                0x000000000200bf10                dl_waterbox_ia16_begin
 .data.dl_waterbox_rgba16_begin
                0x000000000200bf50       0x40 build/us_n64/bin/segment2.o
                0x000000000200bf50                dl_waterbox_rgba16_begin
 .data.dl_skybox_end
                0x000000000200bf90       0x28 build/us_n64/bin/segment2.o
                0x000000000200bf90                dl_skybox_end
 .data.dl_skybox_tile_tex_settings
                0x000000000200bfb8       0x30 build/us_n64/bin/segment2.o
                0x000000000200bfb8                dl_skybox_tile_tex_settings
 .data.dl_skybox_begin
                0x000000000200bfe8       0x30 build/us_n64/bin/segment2.o
                0x000000000200bfe8                dl_skybox_begin
 .data.dl_transition_draw_filled_region
                0x000000000200c018       0x28 build/us_n64/bin/segment2.o
                0x000000000200c018                dl_transition_draw_filled_region
 .data.dl_screen_transition_end
                0x000000000200c040       0x28 build/us_n64/bin/segment2.o
                0x000000000200c040                dl_screen_transition_end
 .data.dl_proj_mtx_fullscreen
                0x000000000200c068       0x38 build/us_n64/bin/segment2.o
                0x000000000200c068                dl_proj_mtx_fullscreen
 .data.dl_shadow_end
                0x000000000200c0a0       0x38 build/us_n64/bin/segment2.o
                0x000000000200c0a0                dl_shadow_end
 .data.vertex_shadow
                0x000000000200c0d8       0x40 build/us_n64/bin/segment2.o
 .data.dl_shadow_square
                0x000000000200c118       0x48 build/us_n64/bin/segment2.o
                0x000000000200c118                dl_shadow_square
 .data.dl_shadow_circle
                0x000000000200c160       0x48 build/us_n64/bin/segment2.o
                0x000000000200c160                dl_shadow_circle
 .data.dl_shadow_begin
                0x000000000200c1a8       0x28 build/us_n64/bin/segment2.o
                0x000000000200c1a8                dl_shadow_begin
 .data.dl_draw_quad_verts_4567
                0x000000000200c1d0       0x10 build/us_n64/bin/segment2.o
                0x000000000200c1d0                dl_draw_quad_verts_4567
 .data.dl_draw_quad_verts_0123
                0x000000000200c1e0       0x10 build/us_n64/bin/segment2.o
                0x000000000200c1e0                dl_draw_quad_verts_0123
 .data.matrix_fullscreen
                0x000000000200c1f0       0x40 build/us_n64/bin/segment2.o
 .data.matrix_identity
                0x000000000200c230       0x40 build/us_n64/bin/segment2.o
 .data.texture_waterbox_lava
                0x000000000200c270      0x800 build/us_n64/bin/segment2.o
                0x000000000200c270                texture_waterbox_lava
 .data.texture_waterbox_mist
                0x000000000200ca70      0x800 build/us_n64/bin/segment2.o
                0x000000000200ca70                texture_waterbox_mist
 .data.texture_waterbox_unknown_water
                0x000000000200d270      0x800 build/us_n64/bin/segment2.o
                0x000000000200d270                texture_waterbox_unknown_water
 .data.texture_waterbox_jrb_water
                0x000000000200da70      0x800 build/us_n64/bin/segment2.o
                0x000000000200da70                texture_waterbox_jrb_water
 .data.texture_waterbox_water
                0x000000000200e270      0x800 build/us_n64/bin/segment2.o
                0x000000000200e270                texture_waterbox_water
 .data.texture_transition_bowser_half
                0x000000000200ea70      0x800 build/us_n64/bin/segment2.o
                0x000000000200ea70                texture_transition_bowser_half
 .data.texture_transition_mario
                0x000000000200f270     0x1000 build/us_n64/bin/segment2.o
                0x000000000200f270                texture_transition_mario
 .data.texture_transition_circle_half
                0x0000000002010270      0x800 build/us_n64/bin/segment2.o
                0x0000000002010270                texture_transition_circle_half
 .data.texture_transition_star_half
                0x0000000002010a70      0x800 build/us_n64/bin/segment2.o
                0x0000000002010a70                texture_transition_star_half
 .data.texture_shadow_quarter_square_64
                0x0000000002011270     0x1000 build/us_n64/bin/segment2.o
 .data.texture_shadow_quarter_circle_64
                0x0000000002012270     0x1000 build/us_n64/bin/segment2.o
 .data.dl_billboard_num_F
                0x0000000002013270       0x30 build/us_n64/bin/segment2.o
                0x0000000002013270                dl_billboard_num_F
 .data.dl_billboard_num_E
                0x00000000020132a0       0x30 build/us_n64/bin/segment2.o
                0x00000000020132a0                dl_billboard_num_E
 .data.dl_billboard_num_D
                0x00000000020132d0       0x30 build/us_n64/bin/segment2.o
                0x00000000020132d0                dl_billboard_num_D
 .data.dl_billboard_num_C
                0x0000000002013300       0x30 build/us_n64/bin/segment2.o
                0x0000000002013300                dl_billboard_num_C
 .data.dl_billboard_num_B
                0x0000000002013330       0x30 build/us_n64/bin/segment2.o
                0x0000000002013330                dl_billboard_num_B
 .data.dl_billboard_num_A
                0x0000000002013360       0x30 build/us_n64/bin/segment2.o
                0x0000000002013360                dl_billboard_num_A
 .data.dl_billboard_num_9
                0x0000000002013390       0x30 build/us_n64/bin/segment2.o
                0x0000000002013390                dl_billboard_num_9
 .data.dl_billboard_num_8
                0x00000000020133c0       0x30 build/us_n64/bin/segment2.o
                0x00000000020133c0                dl_billboard_num_8
 .data.dl_billboard_num_7
                0x00000000020133f0       0x30 build/us_n64/bin/segment2.o
                0x00000000020133f0                dl_billboard_num_7
 .data.dl_billboard_num_6
                0x0000000002013420       0x30 build/us_n64/bin/segment2.o
                0x0000000002013420                dl_billboard_num_6
 .data.dl_billboard_num_5
                0x0000000002013450       0x30 build/us_n64/bin/segment2.o
                0x0000000002013450                dl_billboard_num_5
 .data.dl_billboard_num_4
                0x0000000002013480       0x30 build/us_n64/bin/segment2.o
                0x0000000002013480                dl_billboard_num_4
 .data.dl_billboard_num_3
                0x00000000020134b0       0x30 build/us_n64/bin/segment2.o
                0x00000000020134b0                dl_billboard_num_3
 .data.dl_billboard_num_2
                0x00000000020134e0       0x30 build/us_n64/bin/segment2.o
                0x00000000020134e0                dl_billboard_num_2
 .data.dl_billboard_num_1
                0x0000000002013510       0x30 build/us_n64/bin/segment2.o
                0x0000000002013510                dl_billboard_num_1
 .data.dl_billboard_num_0
                0x0000000002013540       0x30 build/us_n64/bin/segment2.o
                0x0000000002013540                dl_billboard_num_0
 .data.dl_billboard_num_end
                0x0000000002013570       0x38 build/us_n64/bin/segment2.o
                0x0000000002013570                dl_billboard_num_end
 .data.dl_billboard_num_begin
                0x00000000020135a8       0x48 build/us_n64/bin/segment2.o
                0x00000000020135a8                dl_billboard_num_begin
 .data.vertex_billboard_num
                0x00000000020135f0       0x40 build/us_n64/bin/segment2.o
 .data.dl_draw_triangle
                0x0000000002013630       0x50 build/us_n64/bin/segment2.o
                0x0000000002013630                dl_draw_triangle
 .data.vertex_triangle
                0x0000000002013680       0x30 build/us_n64/bin/segment2.o
 .data.dl_ia_text_end
                0x00000000020136b0       0x40 build/us_n64/bin/segment2.o
                0x00000000020136b0                dl_ia_text_end
 .data.dl_ia_text_tex_settings
                0x00000000020136f0       0x40 build/us_n64/bin/segment2.o
                0x00000000020136f0                dl_ia_text_tex_settings
 .data.dl_ia_text_begin
                0x0000000002013730       0x40 build/us_n64/bin/segment2.o
                0x0000000002013730                dl_ia_text_begin
 .data.vertex_ia8_char
                0x0000000002013770       0x40 build/us_n64/bin/segment2.o
 .data.dl_draw_text_bg_box
                0x00000000020137b0       0x38 build/us_n64/bin/segment2.o
                0x00000000020137b0                dl_draw_text_bg_box
 .data.vertex_text_bg_box
                0x00000000020137e8       0x40 build/us_n64/bin/segment2.o
 .data.dl_rgba16_text_end
                0x0000000002013828       0x40 build/us_n64/bin/segment2.o
                0x0000000002013828                dl_rgba16_text_end
 .data.dl_rgba16_load_tex_block
                0x0000000002013868       0x30 build/us_n64/bin/segment2.o
                0x0000000002013868                dl_rgba16_load_tex_block
 .data.dl_rgba16_text_begin
                0x0000000002013898       0x38 build/us_n64/bin/segment2.o
                0x0000000002013898                dl_rgba16_text_begin
 .data.dl_hud_img_end
                0x00000000020138d0       0x38 build/us_n64/bin/segment2.o
                0x00000000020138d0                dl_hud_img_end
 .data.dl_hud_img_load_tex_block
                0x0000000002013908       0x30 build/us_n64/bin/segment2.o
                0x0000000002013908                dl_hud_img_load_tex_block
 .data.dl_hud_img_begin
                0x0000000002013938       0x40 build/us_n64/bin/segment2.o
                0x0000000002013938                dl_hud_img_begin
 .data.seg2_act_name_table
                0x0000000002013978      0x188 build/us_n64/bin/segment2.o
                0x0000000002013978                seg2_act_name_table
 .data.extra_text_6
                0x0000000002013b00        0x4 build/us_n64/bin/segment2.o
 .data.extra_text_5
                0x0000000002013b04        0x4 build/us_n64/bin/segment2.o
 .data.extra_text_4
                0x0000000002013b08        0x4 build/us_n64/bin/segment2.o
 .data.extra_text_3
                0x0000000002013b0c        0x4 build/us_n64/bin/segment2.o
 .data.extra_text_2
                0x0000000002013b10        0x4 build/us_n64/bin/segment2.o
 .data.extra_text_1
                0x0000000002013b14        0x4 build/us_n64/bin/segment2.o
 .data.extra_text_0
                0x0000000002013b18       0x24 build/us_n64/bin/segment2.o
 .data.act_name_COURSE_RR_6
                0x0000000002013b3c       0x1c build/us_n64/bin/segment2.o
 .data.act_name_COURSE_RR_5
                0x0000000002013b58       0x14 build/us_n64/bin/segment2.o
 .data.act_name_COURSE_RR_4
                0x0000000002013b6c       0x18 build/us_n64/bin/segment2.o
 .data.act_name_COURSE_RR_3
                0x0000000002013b84       0x18 build/us_n64/bin/segment2.o
 .data.act_name_COURSE_RR_2
                0x0000000002013b9c       0x1c build/us_n64/bin/segment2.o
 .data.act_name_COURSE_RR_1
                0x0000000002013bb8       0x20 build/us_n64/bin/segment2.o
 .data.act_name_COURSE_TTC_6
                0x0000000002013bd8       0x18 build/us_n64/bin/segment2.o
 .data.act_name_COURSE_TTC_5
                0x0000000002013bf0       0x1c build/us_n64/bin/segment2.o
 .data.act_name_COURSE_TTC_4
                0x0000000002013c0c       0x14 build/us_n64/bin/segment2.o
 .data.act_name_COURSE_TTC_3
                0x0000000002013c20        0xc build/us_n64/bin/segment2.o
 .data.act_name_COURSE_TTC_2
                0x0000000002013c2c       0x1c build/us_n64/bin/segment2.o
 .data.act_name_COURSE_TTC_1
                0x0000000002013c48       0x14 build/us_n64/bin/segment2.o
 .data.act_name_COURSE_THI_6
                0x0000000002013c5c       0x14 build/us_n64/bin/segment2.o
 .data.act_name_COURSE_THI_5
                0x0000000002013c70       0x14 build/us_n64/bin/segment2.o
 .data.act_name_COURSE_THI_4
                0x0000000002013c84       0x18 build/us_n64/bin/segment2.o
 .data.act_name_COURSE_THI_3
                0x0000000002013c9c       0x20 build/us_n64/bin/segment2.o
 .data.act_name_COURSE_THI_2
                0x0000000002013cbc       0x20 build/us_n64/bin/segment2.o
 .data.act_name_COURSE_THI_1
                0x0000000002013cdc       0x1c build/us_n64/bin/segment2.o
 .data.act_name_COURSE_TTM_6
                0x0000000002013cf8       0x20 build/us_n64/bin/segment2.o
 .data.act_name_COURSE_TTM_5
                0x0000000002013d18       0x20 build/us_n64/bin/segment2.o
 .data.act_name_COURSE_TTM_4
                0x0000000002013d38       0x18 build/us_n64/bin/segment2.o
 .data.act_name_COURSE_TTM_3
                0x0000000002013d50       0x1c build/us_n64/bin/segment2.o
 .data.act_name_COURSE_TTM_2
                0x0000000002013d6c       0x1c build/us_n64/bin/segment2.o
 .data.act_name_COURSE_TTM_1
                0x0000000002013d88       0x14 build/us_n64/bin/segment2.o
 .data.act_name_COURSE_WDW_6
                0x0000000002013d9c       0x20 build/us_n64/bin/segment2.o
 .data.act_name_COURSE_WDW_5
                0x0000000002013dbc       0x1c build/us_n64/bin/segment2.o
 .data.act_name_COURSE_WDW_4
                0x0000000002013dd8       0x1c build/us_n64/bin/segment2.o
 .data.act_name_COURSE_WDW_3
                0x0000000002013df4       0x20 build/us_n64/bin/segment2.o
 .data.act_name_COURSE_WDW_2
                0x0000000002013e14       0x10 build/us_n64/bin/segment2.o
 .data.act_name_COURSE_WDW_1
                0x0000000002013e24       0x18 build/us_n64/bin/segment2.o
 .data.act_name_COURSE_SL_6
                0x0000000002013e3c       0x10 build/us_n64/bin/segment2.o
 .data.act_name_COURSE_SL_5
                0x0000000002013e4c       0x20 build/us_n64/bin/segment2.o
 .data.act_name_COURSE_SL_4
                0x0000000002013e6c       0x20 build/us_n64/bin/segment2.o
 .data.act_name_COURSE_SL_3
                0x0000000002013e8c       0x14 build/us_n64/bin/segment2.o
 .data.act_name_COURSE_SL_2
                0x0000000002013ea0       0x18 build/us_n64/bin/segment2.o
 .data.act_name_COURSE_SL_1
                0x0000000002013eb8       0x14 build/us_n64/bin/segment2.o
 .data.act_name_COURSE_DDD_6
                0x0000000002013ecc       0x14 build/us_n64/bin/segment2.o
 .data.act_name_COURSE_DDD_5
                0x0000000002013ee0       0x18 build/us_n64/bin/segment2.o
 .data.act_name_COURSE_DDD_4
                0x0000000002013ef8       0x18 build/us_n64/bin/segment2.o
 .data.act_name_COURSE_DDD_3
                0x0000000002013f10       0x1c build/us_n64/bin/segment2.o
 .data.act_name_COURSE_DDD_2
                0x0000000002013f2c       0x18 build/us_n64/bin/segment2.o
 .data.act_name_COURSE_DDD_1
                0x0000000002013f44       0x14 build/us_n64/bin/segment2.o
 .data.act_name_COURSE_SSL_6
                0x0000000002013f58       0x10 build/us_n64/bin/segment2.o
 .data.act_name_COURSE_SSL_5
                0x0000000002013f68       0x1c build/us_n64/bin/segment2.o
 .data.act_name_COURSE_SSL_4
                0x0000000002013f84       0x20 build/us_n64/bin/segment2.o
 .data.act_name_COURSE_SSL_3
                0x0000000002013fa4       0x1c build/us_n64/bin/segment2.o
 .data.act_name_COURSE_SSL_2
                0x0000000002013fc0       0x1c build/us_n64/bin/segment2.o
 .data.act_name_COURSE_SSL_1
                0x0000000002013fdc       0x20 build/us_n64/bin/segment2.o
 .data.act_name_COURSE_LLL_6
                0x0000000002013ffc       0x20 build/us_n64/bin/segment2.o
 .data.act_name_COURSE_LLL_5
                0x000000000201401c       0x20 build/us_n64/bin/segment2.o
 .data.act_name_COURSE_LLL_4
                0x000000000201403c       0x14 build/us_n64/bin/segment2.o
 .data.act_name_COURSE_LLL_3
                0x0000000002014050       0x20 build/us_n64/bin/segment2.o
 .data.act_name_COURSE_LLL_2
                0x0000000002014070       0x14 build/us_n64/bin/segment2.o
 .data.act_name_COURSE_LLL_1
                0x0000000002014084       0x14 build/us_n64/bin/segment2.o
 .data.act_name_COURSE_HMC_6
                0x0000000002014098       0x18 build/us_n64/bin/segment2.o
 .data.act_name_COURSE_HMC_5
                0x00000000020140b0       0x1c build/us_n64/bin/segment2.o
 .data.act_name_COURSE_HMC_4
                0x00000000020140cc       0x1c build/us_n64/bin/segment2.o
 .data.act_name_COURSE_HMC_3
                0x00000000020140e8       0x1c build/us_n64/bin/segment2.o
 .data.act_name_COURSE_HMC_2
                0x0000000002014104       0x18 build/us_n64/bin/segment2.o
 .data.act_name_COURSE_HMC_1
                0x000000000201411c       0x20 build/us_n64/bin/segment2.o
 .data.act_name_COURSE_BBH_6
                0x000000000201413c       0x20 build/us_n64/bin/segment2.o
 .data.act_name_COURSE_BBH_5
                0x000000000201415c       0x14 build/us_n64/bin/segment2.o
 .data.act_name_COURSE_BBH_4
                0x0000000002014170       0x18 build/us_n64/bin/segment2.o
 .data.act_name_COURSE_BBH_3
                0x0000000002014188       0x1c build/us_n64/bin/segment2.o
 .data.act_name_COURSE_BBH_2
                0x00000000020141a4       0x20 build/us_n64/bin/segment2.o
 .data.act_name_COURSE_BBH_1
                0x00000000020141c4       0x14 build/us_n64/bin/segment2.o
 .data.act_name_COURSE_CCM_6
                0x00000000020141d8       0x18 build/us_n64/bin/segment2.o
 .data.act_name_COURSE_CCM_5
                0x00000000020141f0       0x18 build/us_n64/bin/segment2.o
 .data.act_name_COURSE_CCM_4
                0x0000000002014208       0x20 build/us_n64/bin/segment2.o
 .data.act_name_COURSE_CCM_3
                0x0000000002014228       0x14 build/us_n64/bin/segment2.o
 .data.act_name_COURSE_CCM_2
                0x000000000201423c       0x14 build/us_n64/bin/segment2.o
 .data.act_name_COURSE_CCM_1
                0x0000000002014250       0x14 build/us_n64/bin/segment2.o
 .data.act_name_COURSE_JRB_6
                0x0000000002014264       0x18 build/us_n64/bin/segment2.o
 .data.act_name_COURSE_JRB_5
                0x000000000201427c       0x1c build/us_n64/bin/segment2.o
 .data.act_name_COURSE_JRB_4
                0x0000000002014298       0x20 build/us_n64/bin/segment2.o
 .data.act_name_COURSE_JRB_3
                0x00000000020142b8       0x1c build/us_n64/bin/segment2.o
 .data.act_name_COURSE_JRB_2
                0x00000000020142d4       0x20 build/us_n64/bin/segment2.o
 .data.act_name_COURSE_JRB_1
                0x00000000020142f4       0x1c build/us_n64/bin/segment2.o
 .data.act_name_COURSE_WF_6
                0x0000000002014310       0x14 build/us_n64/bin/segment2.o
 .data.act_name_COURSE_WF_5
                0x0000000002014324       0x1c build/us_n64/bin/segment2.o
 .data.act_name_COURSE_WF_4
                0x0000000002014340       0x20 build/us_n64/bin/segment2.o
 .data.act_name_COURSE_WF_3
                0x0000000002014360       0x1c build/us_n64/bin/segment2.o
 .data.act_name_COURSE_WF_2
                0x000000000201437c       0x1c build/us_n64/bin/segment2.o
 .data.act_name_COURSE_WF_1
                0x0000000002014398       0x18 build/us_n64/bin/segment2.o
 .data.act_name_COURSE_BOB_6
                0x00000000020143b0       0x1c build/us_n64/bin/segment2.o
 .data.act_name_COURSE_BOB_5
                0x00000000020143cc       0x18 build/us_n64/bin/segment2.o
 .data.act_name_COURSE_BOB_4
                0x00000000020143e4       0x18 build/us_n64/bin/segment2.o
 .data.act_name_COURSE_BOB_3
                0x00000000020143fc       0x20 build/us_n64/bin/segment2.o
 .data.act_name_COURSE_BOB_2
                0x000000000201441c       0x20 build/us_n64/bin/segment2.o
 .data.act_name_COURSE_BOB_1
                0x000000000201443c       0x1c build/us_n64/bin/segment2.o
 .data.seg2_course_name_table
                0x0000000002014458       0x6c build/us_n64/bin/segment2.o
                0x0000000002014458                seg2_course_name_table
 .data.seg2_course_name_table_castle_secret_stars
                0x00000000020144c4       0x18 build/us_n64/bin/segment2.o
 .data.seg2_course_name_table_COURSE_CAKE_END
                0x00000000020144dc        0x4 build/us_n64/bin/segment2.o
 .data.seg2_course_name_table_COURSE_SA
                0x00000000020144e0       0x18 build/us_n64/bin/segment2.o
 .data.seg2_course_name_table_COURSE_WMOTR
                0x00000000020144f8       0x20 build/us_n64/bin/segment2.o
 .data.seg2_course_name_table_COURSE_VCUTM
                0x0000000002014518       0x20 build/us_n64/bin/segment2.o
 .data.seg2_course_name_table_COURSE_TOTWC
                0x0000000002014538       0x1c build/us_n64/bin/segment2.o
 .data.seg2_course_name_table_COURSE_COTMC
                0x0000000002014554       0x1c build/us_n64/bin/segment2.o
 .data.seg2_course_name_table_COURSE_PSS
                0x0000000002014570       0x20 build/us_n64/bin/segment2.o
 .data.seg2_course_name_table_COURSE_BITS
                0x0000000002014590       0x18 build/us_n64/bin/segment2.o
 .data.seg2_course_name_table_COURSE_BITFS
                0x00000000020145a8       0x1c build/us_n64/bin/segment2.o
 .data.seg2_course_name_table_COURSE_BITDW
                0x00000000020145c4       0x1c build/us_n64/bin/segment2.o
 .data.seg2_course_name_table_COURSE_RR
                0x00000000020145e0       0x10 build/us_n64/bin/segment2.o
 .data.seg2_course_name_table_COURSE_TTC
                0x00000000020145f0       0x14 build/us_n64/bin/segment2.o
 .data.seg2_course_name_table_COURSE_THI
                0x0000000002014604       0x14 build/us_n64/bin/segment2.o
 .data.seg2_course_name_table_COURSE_TTM
                0x0000000002014618       0x18 build/us_n64/bin/segment2.o
 .data.seg2_course_name_table_COURSE_WDW
                0x0000000002014630       0x14 build/us_n64/bin/segment2.o
 .data.seg2_course_name_table_COURSE_SL
                0x0000000002014644       0x14 build/us_n64/bin/segment2.o
 .data.seg2_course_name_table_COURSE_DDD
                0x0000000002014658       0x14 build/us_n64/bin/segment2.o
 .data.seg2_course_name_table_COURSE_SSL
                0x000000000201466c       0x18 build/us_n64/bin/segment2.o
 .data.seg2_course_name_table_COURSE_LLL
                0x0000000002014684       0x14 build/us_n64/bin/segment2.o
 .data.seg2_course_name_table_COURSE_HMC
                0x0000000002014698       0x14 build/us_n64/bin/segment2.o
 .data.seg2_course_name_table_COURSE_BBH
                0x00000000020146ac       0x14 build/us_n64/bin/segment2.o
 .data.seg2_course_name_table_COURSE_CCM
                0x00000000020146c0       0x18 build/us_n64/bin/segment2.o
 .data.seg2_course_name_table_COURSE_JRB
                0x00000000020146d8       0x14 build/us_n64/bin/segment2.o
 .data.seg2_course_name_table_COURSE_WF
                0x00000000020146ec       0x14 build/us_n64/bin/segment2.o
 .data.seg2_course_name_table_COURSE_BOB
                0x0000000002014700       0x18 build/us_n64/bin/segment2.o
 .data.seg2_dialog_table
                0x0000000002014718      0x2ac build/us_n64/bin/segment2.o
                0x0000000002014718                seg2_dialog_table
 .data.dialog_entry_DIALOG_169
                0x00000000020149c4       0x10 build/us_n64/bin/segment2.o
 .data.dialog_entry_DIALOG_168
                0x00000000020149d4       0x10 build/us_n64/bin/segment2.o
 .data.dialog_entry_DIALOG_167
                0x00000000020149e4       0x10 build/us_n64/bin/segment2.o
 .data.dialog_entry_DIALOG_166
                0x00000000020149f4       0x10 build/us_n64/bin/segment2.o
 .data.dialog_entry_DIALOG_165
                0x0000000002014a04       0x10 build/us_n64/bin/segment2.o
 .data.dialog_entry_DIALOG_164
                0x0000000002014a14       0x10 build/us_n64/bin/segment2.o
 .data.dialog_entry_DIALOG_163
                0x0000000002014a24       0x10 build/us_n64/bin/segment2.o
 .data.dialog_entry_DIALOG_162
                0x0000000002014a34       0x10 build/us_n64/bin/segment2.o
 .data.dialog_entry_DIALOG_161
                0x0000000002014a44       0x10 build/us_n64/bin/segment2.o
 .data.dialog_entry_DIALOG_160
                0x0000000002014a54       0x10 build/us_n64/bin/segment2.o
 .data.dialog_entry_DIALOG_159
                0x0000000002014a64       0x10 build/us_n64/bin/segment2.o
 .data.dialog_entry_DIALOG_158
                0x0000000002014a74       0x10 build/us_n64/bin/segment2.o
 .data.dialog_entry_DIALOG_157
                0x0000000002014a84       0x10 build/us_n64/bin/segment2.o
 .data.dialog_entry_DIALOG_156
                0x0000000002014a94       0x10 build/us_n64/bin/segment2.o
 .data.dialog_entry_DIALOG_155
                0x0000000002014aa4       0x10 build/us_n64/bin/segment2.o
 .data.dialog_entry_DIALOG_154
                0x0000000002014ab4       0x10 build/us_n64/bin/segment2.o
 .data.dialog_entry_DIALOG_153
                0x0000000002014ac4       0x10 build/us_n64/bin/segment2.o
 .data.dialog_entry_DIALOG_152
                0x0000000002014ad4       0x10 build/us_n64/bin/segment2.o
 .data.dialog_entry_DIALOG_151
                0x0000000002014ae4       0x10 build/us_n64/bin/segment2.o
 .data.dialog_entry_DIALOG_150
                0x0000000002014af4       0x10 build/us_n64/bin/segment2.o
 .data.dialog_entry_DIALOG_149
                0x0000000002014b04       0x10 build/us_n64/bin/segment2.o
 .data.dialog_entry_DIALOG_148
                0x0000000002014b14       0x10 build/us_n64/bin/segment2.o
 .data.dialog_entry_DIALOG_147
                0x0000000002014b24       0x10 build/us_n64/bin/segment2.o
 .data.dialog_entry_DIALOG_146
                0x0000000002014b34       0x10 build/us_n64/bin/segment2.o
 .data.dialog_entry_DIALOG_145
                0x0000000002014b44       0x10 build/us_n64/bin/segment2.o
 .data.dialog_entry_DIALOG_144
                0x0000000002014b54       0x10 build/us_n64/bin/segment2.o
 .data.dialog_entry_DIALOG_143
                0x0000000002014b64       0x10 build/us_n64/bin/segment2.o
 .data.dialog_entry_DIALOG_142
                0x0000000002014b74       0x10 build/us_n64/bin/segment2.o
 .data.dialog_entry_DIALOG_141
                0x0000000002014b84       0x10 build/us_n64/bin/segment2.o
 .data.dialog_entry_DIALOG_140
                0x0000000002014b94       0x10 build/us_n64/bin/segment2.o
 .data.dialog_entry_DIALOG_139
                0x0000000002014ba4       0x10 build/us_n64/bin/segment2.o
 .data.dialog_entry_DIALOG_138
                0x0000000002014bb4       0x10 build/us_n64/bin/segment2.o
 .data.dialog_entry_DIALOG_137
                0x0000000002014bc4       0x10 build/us_n64/bin/segment2.o
 .data.dialog_entry_DIALOG_136
                0x0000000002014bd4       0x10 build/us_n64/bin/segment2.o
 .data.dialog_entry_DIALOG_135
                0x0000000002014be4       0x10 build/us_n64/bin/segment2.o
 .data.dialog_entry_DIALOG_134
                0x0000000002014bf4       0x10 build/us_n64/bin/segment2.o
 .data.dialog_entry_DIALOG_133
                0x0000000002014c04       0x10 build/us_n64/bin/segment2.o
 .data.dialog_entry_DIALOG_132
                0x0000000002014c14       0x10 build/us_n64/bin/segment2.o
 .data.dialog_entry_DIALOG_131
                0x0000000002014c24       0x10 build/us_n64/bin/segment2.o
 .data.dialog_entry_DIALOG_130
                0x0000000002014c34       0x10 build/us_n64/bin/segment2.o
 .data.dialog_entry_DIALOG_129
                0x0000000002014c44       0x10 build/us_n64/bin/segment2.o
 .data.dialog_entry_DIALOG_128
                0x0000000002014c54       0x10 build/us_n64/bin/segment2.o
 .data.dialog_entry_DIALOG_127
                0x0000000002014c64       0x10 build/us_n64/bin/segment2.o
 .data.dialog_entry_DIALOG_126
                0x0000000002014c74       0x10 build/us_n64/bin/segment2.o
 .data.dialog_entry_DIALOG_125
                0x0000000002014c84       0x10 build/us_n64/bin/segment2.o
 .data.dialog_entry_DIALOG_124
                0x0000000002014c94       0x10 build/us_n64/bin/segment2.o
 .data.dialog_entry_DIALOG_123
                0x0000000002014ca4       0x10 build/us_n64/bin/segment2.o
 .data.dialog_entry_DIALOG_122
                0x0000000002014cb4       0x10 build/us_n64/bin/segment2.o
 .data.dialog_entry_DIALOG_121
                0x0000000002014cc4       0x10 build/us_n64/bin/segment2.o
 .data.dialog_entry_DIALOG_120
                0x0000000002014cd4       0x10 build/us_n64/bin/segment2.o
 .data.dialog_entry_DIALOG_119
                0x0000000002014ce4       0x10 build/us_n64/bin/segment2.o
 .data.dialog_entry_DIALOG_118
                0x0000000002014cf4       0x10 build/us_n64/bin/segment2.o
 .data.dialog_entry_DIALOG_117
                0x0000000002014d04       0x10 build/us_n64/bin/segment2.o
 .data.dialog_entry_DIALOG_116
                0x0000000002014d14       0x10 build/us_n64/bin/segment2.o
 .data.dialog_entry_DIALOG_115
                0x0000000002014d24       0x10 build/us_n64/bin/segment2.o
 .data.dialog_entry_DIALOG_114
                0x0000000002014d34       0x10 build/us_n64/bin/segment2.o
 .data.dialog_entry_DIALOG_113
                0x0000000002014d44       0x10 build/us_n64/bin/segment2.o
 .data.dialog_entry_DIALOG_112
                0x0000000002014d54       0x10 build/us_n64/bin/segment2.o
 .data.dialog_entry_DIALOG_111
                0x0000000002014d64       0x10 build/us_n64/bin/segment2.o
 .data.dialog_entry_DIALOG_110
                0x0000000002014d74       0x10 build/us_n64/bin/segment2.o
 .data.dialog_entry_DIALOG_109
                0x0000000002014d84       0x10 build/us_n64/bin/segment2.o
 .data.dialog_entry_DIALOG_108
                0x0000000002014d94       0x10 build/us_n64/bin/segment2.o
 .data.dialog_entry_DIALOG_107
                0x0000000002014da4       0x10 build/us_n64/bin/segment2.o
 .data.dialog_entry_DIALOG_106
                0x0000000002014db4       0x10 build/us_n64/bin/segment2.o
 .data.dialog_entry_DIALOG_105
                0x0000000002014dc4       0x10 build/us_n64/bin/segment2.o
 .data.dialog_entry_DIALOG_104
                0x0000000002014dd4       0x10 build/us_n64/bin/segment2.o
 .data.dialog_entry_DIALOG_103
                0x0000000002014de4       0x10 build/us_n64/bin/segment2.o
 .data.dialog_entry_DIALOG_102
                0x0000000002014df4       0x10 build/us_n64/bin/segment2.o
 .data.dialog_entry_DIALOG_101
                0x0000000002014e04       0x10 build/us_n64/bin/segment2.o
 .data.dialog_entry_DIALOG_100
                0x0000000002014e14       0x10 build/us_n64/bin/segment2.o
 .data.dialog_entry_DIALOG_099
                0x0000000002014e24       0x10 build/us_n64/bin/segment2.o
 .data.dialog_entry_DIALOG_098
                0x0000000002014e34       0x10 build/us_n64/bin/segment2.o
 .data.dialog_entry_DIALOG_097
                0x0000000002014e44       0x10 build/us_n64/bin/segment2.o
 .data.dialog_entry_DIALOG_096
                0x0000000002014e54       0x10 build/us_n64/bin/segment2.o
 .data.dialog_entry_DIALOG_095
                0x0000000002014e64       0x10 build/us_n64/bin/segment2.o
 .data.dialog_entry_DIALOG_094
                0x0000000002014e74       0x10 build/us_n64/bin/segment2.o
 .data.dialog_entry_DIALOG_093
                0x0000000002014e84       0x10 build/us_n64/bin/segment2.o
 .data.dialog_entry_DIALOG_092
                0x0000000002014e94       0x10 build/us_n64/bin/segment2.o
 .data.dialog_entry_DIALOG_091
                0x0000000002014ea4       0x10 build/us_n64/bin/segment2.o
 .data.dialog_entry_DIALOG_090
                0x0000000002014eb4       0x10 build/us_n64/bin/segment2.o
 .data.dialog_entry_DIALOG_089
                0x0000000002014ec4       0x10 build/us_n64/bin/segment2.o
 .data.dialog_entry_DIALOG_088
                0x0000000002014ed4       0x10 build/us_n64/bin/segment2.o
 .data.dialog_entry_DIALOG_087
                0x0000000002014ee4       0x10 build/us_n64/bin/segment2.o
 .data.dialog_entry_DIALOG_086
                0x0000000002014ef4       0x10 build/us_n64/bin/segment2.o
 .data.dialog_entry_DIALOG_085
                0x0000000002014f04       0x10 build/us_n64/bin/segment2.o
 .data.dialog_entry_DIALOG_084
                0x0000000002014f14       0x10 build/us_n64/bin/segment2.o
 .data.dialog_entry_DIALOG_083
                0x0000000002014f24       0x10 build/us_n64/bin/segment2.o
 .data.dialog_entry_DIALOG_082
                0x0000000002014f34       0x10 build/us_n64/bin/segment2.o
 .data.dialog_entry_DIALOG_081
                0x0000000002014f44       0x10 build/us_n64/bin/segment2.o
 .data.dialog_entry_DIALOG_080
                0x0000000002014f54       0x10 build/us_n64/bin/segment2.o
 .data.dialog_entry_DIALOG_079
                0x0000000002014f64       0x10 build/us_n64/bin/segment2.o
 .data.dialog_entry_DIALOG_078
                0x0000000002014f74       0x10 build/us_n64/bin/segment2.o
 .data.dialog_entry_DIALOG_077
                0x0000000002014f84       0x10 build/us_n64/bin/segment2.o
 .data.dialog_entry_DIALOG_076
                0x0000000002014f94       0x10 build/us_n64/bin/segment2.o
 .data.dialog_entry_DIALOG_075
                0x0000000002014fa4       0x10 build/us_n64/bin/segment2.o
 .data.dialog_entry_DIALOG_074
                0x0000000002014fb4       0x10 build/us_n64/bin/segment2.o
 .data.dialog_entry_DIALOG_073
                0x0000000002014fc4       0x10 build/us_n64/bin/segment2.o
 .data.dialog_entry_DIALOG_072
                0x0000000002014fd4       0x10 build/us_n64/bin/segment2.o
 .data.dialog_entry_DIALOG_071
                0x0000000002014fe4       0x10 build/us_n64/bin/segment2.o
 .data.dialog_entry_DIALOG_070
                0x0000000002014ff4       0x10 build/us_n64/bin/segment2.o
 .data.dialog_entry_DIALOG_069
                0x0000000002015004       0x10 build/us_n64/bin/segment2.o
 .data.dialog_entry_DIALOG_068
                0x0000000002015014       0x10 build/us_n64/bin/segment2.o
 .data.dialog_entry_DIALOG_067
                0x0000000002015024       0x10 build/us_n64/bin/segment2.o
 .data.dialog_entry_DIALOG_066
                0x0000000002015034       0x10 build/us_n64/bin/segment2.o
 .data.dialog_entry_DIALOG_065
                0x0000000002015044       0x10 build/us_n64/bin/segment2.o
 .data.dialog_entry_DIALOG_064
                0x0000000002015054       0x10 build/us_n64/bin/segment2.o
 .data.dialog_entry_DIALOG_063
                0x0000000002015064       0x10 build/us_n64/bin/segment2.o
 .data.dialog_entry_DIALOG_062
                0x0000000002015074       0x10 build/us_n64/bin/segment2.o
 .data.dialog_entry_DIALOG_061
                0x0000000002015084       0x10 build/us_n64/bin/segment2.o
 .data.dialog_entry_DIALOG_060
                0x0000000002015094       0x10 build/us_n64/bin/segment2.o
 .data.dialog_entry_DIALOG_059
                0x00000000020150a4       0x10 build/us_n64/bin/segment2.o
 .data.dialog_entry_DIALOG_058
                0x00000000020150b4       0x10 build/us_n64/bin/segment2.o
 .data.dialog_entry_DIALOG_057
                0x00000000020150c4       0x10 build/us_n64/bin/segment2.o
 .data.dialog_entry_DIALOG_056
                0x00000000020150d4       0x10 build/us_n64/bin/segment2.o
 .data.dialog_entry_DIALOG_055
                0x00000000020150e4       0x10 build/us_n64/bin/segment2.o
 .data.dialog_entry_DIALOG_054
                0x00000000020150f4       0x10 build/us_n64/bin/segment2.o
 .data.dialog_entry_DIALOG_053
                0x0000000002015104       0x10 build/us_n64/bin/segment2.o
 .data.dialog_entry_DIALOG_052
                0x0000000002015114       0x10 build/us_n64/bin/segment2.o
 .data.dialog_entry_DIALOG_051
                0x0000000002015124       0x10 build/us_n64/bin/segment2.o
 .data.dialog_entry_DIALOG_050
                0x0000000002015134       0x10 build/us_n64/bin/segment2.o
 .data.dialog_entry_DIALOG_049
                0x0000000002015144       0x10 build/us_n64/bin/segment2.o
 .data.dialog_entry_DIALOG_048
                0x0000000002015154       0x10 build/us_n64/bin/segment2.o
 .data.dialog_entry_DIALOG_047
                0x0000000002015164       0x10 build/us_n64/bin/segment2.o
 .data.dialog_entry_DIALOG_046
                0x0000000002015174       0x10 build/us_n64/bin/segment2.o
 .data.dialog_entry_DIALOG_045
                0x0000000002015184       0x10 build/us_n64/bin/segment2.o
 .data.dialog_entry_DIALOG_044
                0x0000000002015194       0x10 build/us_n64/bin/segment2.o
 .data.dialog_entry_DIALOG_043
                0x00000000020151a4       0x10 build/us_n64/bin/segment2.o
 .data.dialog_entry_DIALOG_042
                0x00000000020151b4       0x10 build/us_n64/bin/segment2.o
 .data.dialog_entry_DIALOG_041
                0x00000000020151c4       0x10 build/us_n64/bin/segment2.o
 .data.dialog_entry_DIALOG_040
                0x00000000020151d4       0x10 build/us_n64/bin/segment2.o
 .data.dialog_entry_DIALOG_039
                0x00000000020151e4       0x10 build/us_n64/bin/segment2.o
 .data.dialog_entry_DIALOG_038
                0x00000000020151f4       0x10 build/us_n64/bin/segment2.o
 .data.dialog_entry_DIALOG_037
                0x0000000002015204       0x10 build/us_n64/bin/segment2.o
 .data.dialog_entry_DIALOG_036
                0x0000000002015214       0x10 build/us_n64/bin/segment2.o
 .data.dialog_entry_DIALOG_035
                0x0000000002015224       0x10 build/us_n64/bin/segment2.o
 .data.dialog_entry_DIALOG_034
                0x0000000002015234       0x10 build/us_n64/bin/segment2.o
 .data.dialog_entry_DIALOG_033
                0x0000000002015244       0x10 build/us_n64/bin/segment2.o
 .data.dialog_entry_DIALOG_032
                0x0000000002015254       0x10 build/us_n64/bin/segment2.o
 .data.dialog_entry_DIALOG_031
                0x0000000002015264       0x10 build/us_n64/bin/segment2.o
 .data.dialog_entry_DIALOG_030
                0x0000000002015274       0x10 build/us_n64/bin/segment2.o
 .data.dialog_entry_DIALOG_029
                0x0000000002015284       0x10 build/us_n64/bin/segment2.o
 .data.dialog_entry_DIALOG_028
                0x0000000002015294       0x10 build/us_n64/bin/segment2.o
 .data.dialog_entry_DIALOG_027
                0x00000000020152a4       0x10 build/us_n64/bin/segment2.o
 .data.dialog_entry_DIALOG_026
                0x00000000020152b4       0x10 build/us_n64/bin/segment2.o
 .data.dialog_entry_DIALOG_025
                0x00000000020152c4       0x10 build/us_n64/bin/segment2.o
 .data.dialog_entry_DIALOG_024
                0x00000000020152d4       0x10 build/us_n64/bin/segment2.o
 .data.dialog_entry_DIALOG_023
                0x00000000020152e4       0x10 build/us_n64/bin/segment2.o
 .data.dialog_entry_DIALOG_022
                0x00000000020152f4       0x10 build/us_n64/bin/segment2.o
 .data.dialog_entry_DIALOG_021
                0x0000000002015304       0x10 build/us_n64/bin/segment2.o
 .data.dialog_entry_DIALOG_020
                0x0000000002015314       0x10 build/us_n64/bin/segment2.o
 .data.dialog_entry_DIALOG_019
                0x0000000002015324       0x10 build/us_n64/bin/segment2.o
 .data.dialog_entry_DIALOG_018
                0x0000000002015334       0x10 build/us_n64/bin/segment2.o
 .data.dialog_entry_DIALOG_017
                0x0000000002015344       0x10 build/us_n64/bin/segment2.o
 .data.dialog_entry_DIALOG_016
                0x0000000002015354       0x10 build/us_n64/bin/segment2.o
 .data.dialog_entry_DIALOG_015
                0x0000000002015364       0x10 build/us_n64/bin/segment2.o
 .data.dialog_entry_DIALOG_014
                0x0000000002015374       0x10 build/us_n64/bin/segment2.o
 .data.dialog_entry_DIALOG_013
                0x0000000002015384       0x10 build/us_n64/bin/segment2.o
 .data.dialog_entry_DIALOG_012
                0x0000000002015394       0x10 build/us_n64/bin/segment2.o
 .data.dialog_entry_DIALOG_011
                0x00000000020153a4       0x10 build/us_n64/bin/segment2.o
 .data.dialog_entry_DIALOG_010
                0x00000000020153b4       0x10 build/us_n64/bin/segment2.o
 .data.dialog_entry_DIALOG_009
                0x00000000020153c4       0x10 build/us_n64/bin/segment2.o
 .data.dialog_entry_DIALOG_008
                0x00000000020153d4       0x10 build/us_n64/bin/segment2.o
 .data.dialog_entry_DIALOG_007
                0x00000000020153e4       0x10 build/us_n64/bin/segment2.o
 .data.dialog_entry_DIALOG_006
                0x00000000020153f4       0x10 build/us_n64/bin/segment2.o
 .data.dialog_entry_DIALOG_005
                0x0000000002015404       0x10 build/us_n64/bin/segment2.o
 .data.dialog_entry_DIALOG_004
                0x0000000002015414       0x10 build/us_n64/bin/segment2.o
 .data.dialog_entry_DIALOG_003
                0x0000000002015424       0x10 build/us_n64/bin/segment2.o
 .data.dialog_entry_DIALOG_002
                0x0000000002015434       0x10 build/us_n64/bin/segment2.o
 .data.dialog_entry_DIALOG_001
                0x0000000002015444       0x10 build/us_n64/bin/segment2.o
 .data.dialog_entry_DIALOG_000
                0x0000000002015454       0x10 build/us_n64/bin/segment2.o
 .data.dialog_text_DIALOG_169
                0x0000000002015464       0x6c build/us_n64/bin/segment2.o
 .data.dialog_text_DIALOG_168
                0x00000000020154d0       0x64 build/us_n64/bin/segment2.o
 .data.dialog_text_DIALOG_167
                0x0000000002015534       0xac build/us_n64/bin/segment2.o
 .data.dialog_text_DIALOG_166
                0x00000000020155e0       0x50 build/us_n64/bin/segment2.o
 .data.dialog_text_DIALOG_165
                0x0000000002015630       0x68 build/us_n64/bin/segment2.o
 .data.dialog_text_DIALOG_164
                0x0000000002015698       0xd0 build/us_n64/bin/segment2.o
 .data.dialog_text_DIALOG_163
                0x0000000002015768      0x19c build/us_n64/bin/segment2.o
 .data.dialog_text_DIALOG_162
                0x0000000002015904       0xf4 build/us_n64/bin/segment2.o
 .data.dialog_text_DIALOG_161
                0x00000000020159f8      0x214 build/us_n64/bin/segment2.o
 .data.dialog_text_DIALOG_160
                0x0000000002015c0c       0x5c build/us_n64/bin/segment2.o
 .data.dialog_text_DIALOG_159
                0x0000000002015c68       0x80 build/us_n64/bin/segment2.o
 .data.dialog_text_DIALOG_158
                0x0000000002015ce8      0x104 build/us_n64/bin/segment2.o
 .data.dialog_text_DIALOG_157
                0x0000000002015dec       0xbc build/us_n64/bin/segment2.o
 .data.dialog_text_DIALOG_156
                0x0000000002015ea8       0x5c build/us_n64/bin/segment2.o
 .data.dialog_text_DIALOG_155
                0x0000000002015f04      0x14c build/us_n64/bin/segment2.o
 .data.dialog_text_DIALOG_154
                0x0000000002016050      0x11c build/us_n64/bin/segment2.o
 .data.dialog_text_DIALOG_153
                0x000000000201616c       0x84 build/us_n64/bin/segment2.o
 .data.dialog_text_DIALOG_152
                0x00000000020161f0       0xf0 build/us_n64/bin/segment2.o
 .data.dialog_text_DIALOG_151
                0x00000000020162e0       0x80 build/us_n64/bin/segment2.o
 .data.dialog_text_DIALOG_150
                0x0000000002016360      0x130 build/us_n64/bin/segment2.o
 .data.dialog_text_DIALOG_149
                0x0000000002016490       0xd0 build/us_n64/bin/segment2.o
 .data.dialog_text_DIALOG_148
                0x0000000002016560       0xcc build/us_n64/bin/segment2.o
 .data.dialog_text_DIALOG_147
                0x000000000201662c      0x14c build/us_n64/bin/segment2.o
 .data.dialog_text_DIALOG_146
                0x0000000002016778       0x88 build/us_n64/bin/segment2.o
 .data.dialog_text_DIALOG_145
                0x0000000002016800      0x118 build/us_n64/bin/segment2.o
 .data.dialog_text_DIALOG_144
                0x0000000002016918      0x154 build/us_n64/bin/segment2.o
 .data.dialog_text_DIALOG_143
                0x0000000002016a6c       0x8c build/us_n64/bin/segment2.o
 .data.dialog_text_DIALOG_142
                0x0000000002016af8       0xbc build/us_n64/bin/segment2.o
 .data.dialog_text_DIALOG_141
                0x0000000002016bb4      0x12c build/us_n64/bin/segment2.o
 .data.dialog_text_DIALOG_140
                0x0000000002016ce0       0x60 build/us_n64/bin/segment2.o
 .data.dialog_text_DIALOG_139
                0x0000000002016d40       0x78 build/us_n64/bin/segment2.o
 .data.dialog_text_DIALOG_138
                0x0000000002016db8       0x44 build/us_n64/bin/segment2.o
 .data.dialog_text_DIALOG_137
                0x0000000002016dfc       0xfc build/us_n64/bin/segment2.o
 .data.dialog_text_DIALOG_136
                0x0000000002016ef8      0x1f0 build/us_n64/bin/segment2.o
 .data.dialog_text_DIALOG_135
                0x00000000020170e8      0x150 build/us_n64/bin/segment2.o
 .data.dialog_text_DIALOG_134
                0x0000000002017238      0x12c build/us_n64/bin/segment2.o
 .data.dialog_text_DIALOG_133
                0x0000000002017364      0x238 build/us_n64/bin/segment2.o
 .data.dialog_text_DIALOG_132
                0x000000000201759c       0x98 build/us_n64/bin/segment2.o
 .data.dialog_text_DIALOG_131
                0x0000000002017634      0x168 build/us_n64/bin/segment2.o
 .data.dialog_text_DIALOG_130
                0x000000000201779c       0xb8 build/us_n64/bin/segment2.o
 .data.dialog_text_DIALOG_129
                0x0000000002017854       0xec build/us_n64/bin/segment2.o
 .data.dialog_text_DIALOG_128
                0x0000000002017940       0x58 build/us_n64/bin/segment2.o
 .data.dialog_text_DIALOG_127
                0x0000000002017998       0xac build/us_n64/bin/segment2.o
 .data.dialog_text_DIALOG_126
                0x0000000002017a44       0x34 build/us_n64/bin/segment2.o
 .data.dialog_text_DIALOG_125
                0x0000000002017a78       0x30 build/us_n64/bin/segment2.o
 .data.dialog_text_DIALOG_124
                0x0000000002017aa8       0x70 build/us_n64/bin/segment2.o
 .data.dialog_text_DIALOG_123
                0x0000000002017b18       0x38 build/us_n64/bin/segment2.o
 .data.dialog_text_DIALOG_122
                0x0000000002017b50       0x4c build/us_n64/bin/segment2.o
 .data.dialog_text_DIALOG_121
                0x0000000002017b9c      0x100 build/us_n64/bin/segment2.o
 .data.dialog_text_DIALOG_120
                0x0000000002017c9c       0xfc build/us_n64/bin/segment2.o
 .data.dialog_text_DIALOG_119
                0x0000000002017d98       0xfc build/us_n64/bin/segment2.o
 .data.dialog_text_DIALOG_118
                0x0000000002017e94       0xa0 build/us_n64/bin/segment2.o
 .data.dialog_text_DIALOG_117
                0x0000000002017f34       0xa4 build/us_n64/bin/segment2.o
 .data.dialog_text_DIALOG_116
                0x0000000002017fd8      0x168 build/us_n64/bin/segment2.o
 .data.dialog_text_DIALOG_115
                0x0000000002018140       0x74 build/us_n64/bin/segment2.o
 .data.dialog_text_DIALOG_114
                0x00000000020181b4      0x110 build/us_n64/bin/segment2.o
 .data.dialog_text_DIALOG_113
                0x00000000020182c4       0x7c build/us_n64/bin/segment2.o
 .data.dialog_text_DIALOG_112
                0x0000000002018340      0x10c build/us_n64/bin/segment2.o
 .data.dialog_text_DIALOG_111
                0x000000000201844c       0x58 build/us_n64/bin/segment2.o
 .data.dialog_text_DIALOG_110
                0x00000000020184a4       0xf4 build/us_n64/bin/segment2.o
 .data.dialog_text_DIALOG_109
                0x0000000002018598      0x13c build/us_n64/bin/segment2.o
 .data.dialog_text_DIALOG_108
                0x00000000020186d4       0x5c build/us_n64/bin/segment2.o
 .data.dialog_text_DIALOG_107
                0x0000000002018730       0x50 build/us_n64/bin/segment2.o
 .data.dialog_text_DIALOG_106
                0x0000000002018780       0x30 build/us_n64/bin/segment2.o
 .data.dialog_text_DIALOG_105
                0x00000000020187b0       0xe0 build/us_n64/bin/segment2.o
 .data.dialog_text_DIALOG_104
                0x0000000002018890       0xb0 build/us_n64/bin/segment2.o
 .data.dialog_text_DIALOG_103
                0x0000000002018940       0xb8 build/us_n64/bin/segment2.o
 .data.dialog_text_DIALOG_102
                0x00000000020189f8       0xc8 build/us_n64/bin/segment2.o
 .data.dialog_text_DIALOG_101
                0x0000000002018ac0       0xdc build/us_n64/bin/segment2.o
 .data.dialog_text_DIALOG_100
                0x0000000002018b9c       0x48 build/us_n64/bin/segment2.o
 .data.dialog_text_DIALOG_099
                0x0000000002018be4       0x68 build/us_n64/bin/segment2.o
 .data.dialog_text_DIALOG_098
                0x0000000002018c4c       0x28 build/us_n64/bin/segment2.o
 .data.dialog_text_DIALOG_097
                0x0000000002018c74       0x78 build/us_n64/bin/segment2.o
 .data.dialog_text_DIALOG_096
                0x0000000002018cec       0xb0 build/us_n64/bin/segment2.o
 .data.dialog_text_DIALOG_095
                0x0000000002018d9c       0xdc build/us_n64/bin/segment2.o
 .data.dialog_text_DIALOG_094
                0x0000000002018e78       0x50 build/us_n64/bin/segment2.o
 .data.dialog_text_DIALOG_093
                0x0000000002018ec8       0xf0 build/us_n64/bin/segment2.o
 .data.dialog_text_DIALOG_092
                0x0000000002018fb8       0xb8 build/us_n64/bin/segment2.o
 .data.dialog_text_DIALOG_091
                0x0000000002019070       0x38 build/us_n64/bin/segment2.o
 .data.dialog_text_DIALOG_090
                0x00000000020190a8       0x6c build/us_n64/bin/segment2.o
 .data.dialog_text_DIALOG_089
                0x0000000002019114       0xfc build/us_n64/bin/segment2.o
 .data.dialog_text_DIALOG_088
                0x0000000002019210       0x5c build/us_n64/bin/segment2.o
 .data.dialog_text_DIALOG_087
                0x000000000201926c       0x58 build/us_n64/bin/segment2.o
 .data.dialog_text_DIALOG_086
                0x00000000020192c4       0x40 build/us_n64/bin/segment2.o
 .data.dialog_text_DIALOG_085
                0x0000000002019304       0x6c build/us_n64/bin/segment2.o
 .data.dialog_text_DIALOG_084
                0x0000000002019370       0xfc build/us_n64/bin/segment2.o
 .data.dialog_text_DIALOG_083
                0x000000000201946c       0x8c build/us_n64/bin/segment2.o
 .data.dialog_text_DIALOG_082
                0x00000000020194f8      0x190 build/us_n64/bin/segment2.o
 .data.dialog_text_DIALOG_081
                0x0000000002019688       0x7c build/us_n64/bin/segment2.o
 .data.dialog_text_DIALOG_080
                0x0000000002019704       0x14 build/us_n64/bin/segment2.o
 .data.dialog_text_DIALOG_079
                0x0000000002019718       0xc0 build/us_n64/bin/segment2.o
 .data.dialog_text_DIALOG_078
                0x00000000020197d8       0xc8 build/us_n64/bin/segment2.o
 .data.dialog_text_DIALOG_077
                0x00000000020198a0       0x30 build/us_n64/bin/segment2.o
 .data.dialog_text_DIALOG_076
                0x00000000020198d0      0x16c build/us_n64/bin/segment2.o
 .data.dialog_text_DIALOG_075
                0x0000000002019a3c      0x210 build/us_n64/bin/segment2.o
 .data.dialog_text_DIALOG_074
                0x0000000002019c4c      0x130 build/us_n64/bin/segment2.o
 .data.dialog_text_DIALOG_073
                0x0000000002019d7c       0xc0 build/us_n64/bin/segment2.o
 .data.dialog_text_DIALOG_072
                0x0000000002019e3c       0x64 build/us_n64/bin/segment2.o
 .data.dialog_text_DIALOG_071
                0x0000000002019ea0       0x94 build/us_n64/bin/segment2.o
 .data.dialog_text_DIALOG_070
                0x0000000002019f34      0x218 build/us_n64/bin/segment2.o
 .data.dialog_text_DIALOG_069
                0x000000000201a14c       0x7c build/us_n64/bin/segment2.o
 .data.dialog_text_DIALOG_068
                0x000000000201a1c8       0xa8 build/us_n64/bin/segment2.o
 .data.dialog_text_DIALOG_067
                0x000000000201a270       0xc8 build/us_n64/bin/segment2.o
 .data.dialog_text_DIALOG_066
                0x000000000201a338      0x1fc build/us_n64/bin/segment2.o
 .data.dialog_text_DIALOG_065
                0x000000000201a534      0x1e0 build/us_n64/bin/segment2.o
 .data.dialog_text_DIALOG_064
                0x000000000201a714       0xd0 build/us_n64/bin/segment2.o
 .data.dialog_text_DIALOG_063
                0x000000000201a7e4       0xb4 build/us_n64/bin/segment2.o
 .data.dialog_text_DIALOG_062
                0x000000000201a898       0xd0 build/us_n64/bin/segment2.o
 .data.dialog_text_DIALOG_061
                0x000000000201a968       0x48 build/us_n64/bin/segment2.o
 .data.dialog_text_DIALOG_060
                0x000000000201a9b0      0x1d4 build/us_n64/bin/segment2.o
 .data.dialog_text_DIALOG_059
                0x000000000201ab84       0x54 build/us_n64/bin/segment2.o
 .data.dialog_text_DIALOG_058
                0x000000000201abd8       0xa0 build/us_n64/bin/segment2.o
 .data.dialog_text_DIALOG_057
                0x000000000201ac78       0xf0 build/us_n64/bin/segment2.o
 .data.dialog_text_DIALOG_056
                0x000000000201ad68       0xc4 build/us_n64/bin/segment2.o
 .data.dialog_text_DIALOG_055
                0x000000000201ae2c       0xe8 build/us_n64/bin/segment2.o
 .data.dialog_text_DIALOG_054
                0x000000000201af14       0x6c build/us_n64/bin/segment2.o
 .data.dialog_text_DIALOG_053
                0x000000000201af80       0xa4 build/us_n64/bin/segment2.o
 .data.dialog_text_DIALOG_052
                0x000000000201b024       0xb8 build/us_n64/bin/segment2.o
 .data.dialog_text_DIALOG_051
                0x000000000201b0dc      0x120 build/us_n64/bin/segment2.o
 .data.dialog_text_DIALOG_050
                0x000000000201b1fc       0xf4 build/us_n64/bin/segment2.o
 .data.dialog_text_DIALOG_049
                0x000000000201b2f0       0xec build/us_n64/bin/segment2.o
 .data.dialog_text_DIALOG_048
                0x000000000201b3dc       0x54 build/us_n64/bin/segment2.o
 .data.dialog_text_DIALOG_047
                0x000000000201b430       0x24 build/us_n64/bin/segment2.o
 .data.dialog_text_DIALOG_046
                0x000000000201b454      0x1d8 build/us_n64/bin/segment2.o
 .data.dialog_text_DIALOG_045
                0x000000000201b62c       0x84 build/us_n64/bin/segment2.o
 .data.dialog_text_DIALOG_044
                0x000000000201b6b0      0x11c build/us_n64/bin/segment2.o
 .data.dialog_text_DIALOG_043
                0x000000000201b7cc       0x70 build/us_n64/bin/segment2.o
 .data.dialog_text_DIALOG_042
                0x000000000201b83c      0x134 build/us_n64/bin/segment2.o
 .data.dialog_text_DIALOG_041
                0x000000000201b970       0x68 build/us_n64/bin/segment2.o
 .data.dialog_text_DIALOG_040
                0x000000000201b9d8       0x24 build/us_n64/bin/segment2.o
 .data.dialog_text_DIALOG_039
                0x000000000201b9fc      0x178 build/us_n64/bin/segment2.o
 .data.dialog_text_DIALOG_038
                0x000000000201bb74       0x30 build/us_n64/bin/segment2.o
 .data.dialog_text_DIALOG_037
                0x000000000201bba4       0x64 build/us_n64/bin/segment2.o
 .data.dialog_text_DIALOG_036
                0x000000000201bc08      0x110 build/us_n64/bin/segment2.o
 .data.dialog_text_DIALOG_035
                0x000000000201bd18      0x1a0 build/us_n64/bin/segment2.o
 .data.dialog_text_DIALOG_034
                0x000000000201beb8      0x268 build/us_n64/bin/segment2.o
 .data.dialog_text_DIALOG_033
                0x000000000201c120      0x104 build/us_n64/bin/segment2.o
 .data.dialog_text_DIALOG_032
                0x000000000201c224       0xf8 build/us_n64/bin/segment2.o
 .data.dialog_text_DIALOG_031
                0x000000000201c31c       0xbc build/us_n64/bin/segment2.o
 .data.dialog_text_DIALOG_030
                0x000000000201c3d8      0x1c0 build/us_n64/bin/segment2.o
 .data.dialog_text_DIALOG_029
                0x000000000201c598       0x50 build/us_n64/bin/segment2.o
 .data.dialog_text_DIALOG_028
                0x000000000201c5e8       0x48 build/us_n64/bin/segment2.o
 .data.dialog_text_DIALOG_027
                0x000000000201c630       0x48 build/us_n64/bin/segment2.o
 .data.dialog_text_DIALOG_026
                0x000000000201c678       0x48 build/us_n64/bin/segment2.o
 .data.dialog_text_DIALOG_025
                0x000000000201c6c0       0x48 build/us_n64/bin/segment2.o
 .data.dialog_text_DIALOG_024
                0x000000000201c708       0x70 build/us_n64/bin/segment2.o
 .data.dialog_text_DIALOG_023
                0x000000000201c778       0x34 build/us_n64/bin/segment2.o
 .data.dialog_text_DIALOG_022
                0x000000000201c7ac       0x24 build/us_n64/bin/segment2.o
 .data.dialog_text_DIALOG_021
                0x000000000201c7d0       0x44 build/us_n64/bin/segment2.o
 .data.dialog_text_DIALOG_020
                0x000000000201c814       0x60 build/us_n64/bin/segment2.o
 .data.dialog_text_DIALOG_019
                0x000000000201c874       0x28 build/us_n64/bin/segment2.o
 .data.dialog_text_DIALOG_018
                0x000000000201c89c       0x5c build/us_n64/bin/segment2.o
 .data.dialog_text_DIALOG_017
                0x000000000201c8f8      0x1bc build/us_n64/bin/segment2.o
 .data.dialog_text_DIALOG_016
                0x000000000201cab4       0x4c build/us_n64/bin/segment2.o
 .data.dialog_text_DIALOG_015
                0x000000000201cb00       0xb0 build/us_n64/bin/segment2.o
 .data.dialog_text_DIALOG_014
                0x000000000201cbb0       0x74 build/us_n64/bin/segment2.o
 .data.dialog_text_DIALOG_013
                0x000000000201cc24       0x64 build/us_n64/bin/segment2.o
 .data.dialog_text_DIALOG_012
                0x000000000201cc88       0xb4 build/us_n64/bin/segment2.o
 .data.dialog_text_DIALOG_011
                0x000000000201cd3c       0xb4 build/us_n64/bin/segment2.o
 .data.dialog_text_DIALOG_010
                0x000000000201cdf0       0xb0 build/us_n64/bin/segment2.o
 .data.dialog_text_DIALOG_009
                0x000000000201cea0      0x104 build/us_n64/bin/segment2.o
 .data.dialog_text_DIALOG_008
                0x000000000201cfa4       0xd4 build/us_n64/bin/segment2.o
 .data.dialog_text_DIALOG_007
                0x000000000201d078       0x70 build/us_n64/bin/segment2.o
 .data.dialog_text_DIALOG_006
                0x000000000201d0e8       0x70 build/us_n64/bin/segment2.o
 .data.dialog_text_DIALOG_005
                0x000000000201d158      0x14c build/us_n64/bin/segment2.o
 .data.dialog_text_DIALOG_004
                0x000000000201d2a4       0xb8 build/us_n64/bin/segment2.o
 .data.dialog_text_DIALOG_003
                0x000000000201d35c      0x134 build/us_n64/bin/segment2.o
 .data.dialog_text_DIALOG_002
                0x000000000201d490      0x120 build/us_n64/bin/segment2.o
 .data.dialog_text_DIALOG_001
                0x000000000201d5b0      0x194 build/us_n64/bin/segment2.o
 .data.dialog_text_DIALOG_000
                0x000000000201d744      0x178 build/us_n64/bin/segment2.o
 .data.main_hud_camera_lut
                0x000000000201d8bc       0x18 build/us_n64/bin/segment2.o
                0x000000000201d8bc                main_hud_camera_lut
 .data.main_credits_font_lut
                0x000000000201d8d4       0x94 build/us_n64/bin/segment2.o
                0x000000000201d8d4                main_credits_font_lut
 .data.main_font_lut
                0x000000000201d968      0x400 build/us_n64/bin/segment2.o
                0x000000000201d968                main_font_lut
 .data.main_hud_lut
                0x000000000201dd68       0xec build/us_n64/bin/segment2.o
                0x000000000201dd68                main_hud_lut
 *fill*         0x000000000201de54        0x4 
 .data.texture_hud_char_arrow_down
                0x000000000201de58       0x80 build/us_n64/bin/segment2.o
 .data.texture_hud_char_arrow_up
                0x000000000201ded8       0x80 build/us_n64/bin/segment2.o
 .data.texture_hud_char_no_camera
                0x000000000201df58      0x200 build/us_n64/bin/segment2.o
 .data.texture_hud_char_lakitu
                0x000000000201e158      0x200 build/us_n64/bin/segment2.o
 .data.texture_hud_char_camera
                0x000000000201e358      0x200 build/us_n64/bin/segment2.o
 .data.texture_font_char_us_button_C_right
                0x000000000201e558       0x40 build/us_n64/bin/segment2.o
 .data.texture_font_char_us_button_C_left
                0x000000000201e598       0x40 build/us_n64/bin/segment2.o
 .data.texture_font_char_us_button_C_down
                0x000000000201e5d8       0x40 build/us_n64/bin/segment2.o
 .data.texture_font_char_us_button_C_up
                0x000000000201e618       0x40 build/us_n64/bin/segment2.o
 .data.texture_font_char_us_button_R
                0x000000000201e658       0x40 build/us_n64/bin/segment2.o
 .data.texture_font_char_us_button_Z
                0x000000000201e698       0x40 build/us_n64/bin/segment2.o
 .data.texture_font_char_us_button_C
                0x000000000201e6d8       0x40 build/us_n64/bin/segment2.o
 .data.texture_font_char_us_button_B
                0x000000000201e718       0x40 build/us_n64/bin/segment2.o
 .data.texture_font_char_us_button_A
                0x000000000201e758       0x40 build/us_n64/bin/segment2.o
 .data.texture_font_char_us_ampersand
                0x000000000201e798       0x40 build/us_n64/bin/segment2.o
 .data.texture_font_char_us_slash
                0x000000000201e7d8       0x40 build/us_n64/bin/segment2.o
 .data.texture_font_char_us_ellipsis
                0x000000000201e818       0x40 build/us_n64/bin/segment2.o
 .data.texture_font_char_us_double_quote_close
                0x000000000201e858       0x40 build/us_n64/bin/segment2.o
 .data.texture_font_char_us_double_quote_open
                0x000000000201e898       0x40 build/us_n64/bin/segment2.o
 .data.texture_font_char_us_star_hollow
                0x000000000201e8d8       0x40 build/us_n64/bin/segment2.o
 .data.texture_font_char_us_star_filled
                0x000000000201e918       0x40 build/us_n64/bin/segment2.o
 .data.texture_font_char_us_question
                0x000000000201e958       0x40 build/us_n64/bin/segment2.o
 .data.texture_font_char_us_apostrophe
                0x000000000201e998       0x40 build/us_n64/bin/segment2.o
 .data.texture_font_char_us_comma
                0x000000000201e9d8       0x40 build/us_n64/bin/segment2.o
 .data.texture_font_char_us_interpunct
                0x000000000201ea18       0x40 build/us_n64/bin/segment2.o
 .data.texture_font_char_us_percent
                0x000000000201ea58       0x40 build/us_n64/bin/segment2.o
 .data.texture_font_char_us_period
                0x000000000201ea98       0x40 build/us_n64/bin/segment2.o
 .data.texture_font_char_us_tilde
                0x000000000201ead8       0x40 build/us_n64/bin/segment2.o
 .data.texture_font_char_us_close_parentheses
                0x000000000201eb18       0x40 build/us_n64/bin/segment2.o
 .data.texture_font_char_us_close_open_parentheses
                0x000000000201eb58       0x40 build/us_n64/bin/segment2.o
 .data.texture_font_char_us_open_parentheses
                0x000000000201eb98       0x40 build/us_n64/bin/segment2.o
 .data.texture_font_char_us_multiply
                0x000000000201ebd8       0x40 build/us_n64/bin/segment2.o
 .data.texture_font_char_us_coin
                0x000000000201ec18       0x40 build/us_n64/bin/segment2.o
 .data.texture_font_char_us_exclamation
                0x000000000201ec58       0x40 build/us_n64/bin/segment2.o
 .data.texture_font_char_us_left_right_arrow
                0x000000000201ec98       0x40 build/us_n64/bin/segment2.o
 .data.texture_font_char_us_z
                0x000000000201ecd8       0x40 build/us_n64/bin/segment2.o
 .data.texture_font_char_us_y
                0x000000000201ed18       0x40 build/us_n64/bin/segment2.o
 .data.texture_font_char_us_x
                0x000000000201ed58       0x40 build/us_n64/bin/segment2.o
 .data.texture_font_char_us_w
                0x000000000201ed98       0x40 build/us_n64/bin/segment2.o
 .data.texture_font_char_us_v
                0x000000000201edd8       0x40 build/us_n64/bin/segment2.o
 .data.texture_font_char_us_u
                0x000000000201ee18       0x40 build/us_n64/bin/segment2.o
 .data.texture_font_char_us_t
                0x000000000201ee58       0x40 build/us_n64/bin/segment2.o
 .data.texture_font_char_us_s
                0x000000000201ee98       0x40 build/us_n64/bin/segment2.o
 .data.texture_font_char_us_r
                0x000000000201eed8       0x40 build/us_n64/bin/segment2.o
 .data.texture_font_char_us_q
                0x000000000201ef18       0x40 build/us_n64/bin/segment2.o
 .data.texture_font_char_us_p
                0x000000000201ef58       0x40 build/us_n64/bin/segment2.o
 .data.texture_font_char_us_o
                0x000000000201ef98       0x40 build/us_n64/bin/segment2.o
 .data.texture_font_char_us_n
                0x000000000201efd8       0x40 build/us_n64/bin/segment2.o
 .data.texture_font_char_us_m
                0x000000000201f018       0x40 build/us_n64/bin/segment2.o
 .data.texture_font_char_us_l
                0x000000000201f058       0x40 build/us_n64/bin/segment2.o
 .data.texture_font_char_us_k
                0x000000000201f098       0x40 build/us_n64/bin/segment2.o
 .data.texture_font_char_us_j
                0x000000000201f0d8       0x40 build/us_n64/bin/segment2.o
 .data.texture_font_char_us_i
                0x000000000201f118       0x40 build/us_n64/bin/segment2.o
 .data.texture_font_char_us_h
                0x000000000201f158       0x40 build/us_n64/bin/segment2.o
 .data.texture_font_char_us_g
                0x000000000201f198       0x40 build/us_n64/bin/segment2.o
 .data.texture_font_char_us_f
                0x000000000201f1d8       0x40 build/us_n64/bin/segment2.o
 .data.texture_font_char_us_e
                0x000000000201f218       0x40 build/us_n64/bin/segment2.o
 .data.texture_font_char_us_d
                0x000000000201f258       0x40 build/us_n64/bin/segment2.o
 .data.texture_font_char_us_c
                0x000000000201f298       0x40 build/us_n64/bin/segment2.o
 .data.texture_font_char_us_b
                0x000000000201f2d8       0x40 build/us_n64/bin/segment2.o
 .data.texture_font_char_us_a
                0x000000000201f318       0x40 build/us_n64/bin/segment2.o
 .data.texture_font_char_us_Z
                0x000000000201f358       0x40 build/us_n64/bin/segment2.o
 .data.texture_font_char_us_Y
                0x000000000201f398       0x40 build/us_n64/bin/segment2.o
 .data.texture_font_char_us_X
                0x000000000201f3d8       0x40 build/us_n64/bin/segment2.o
 .data.texture_font_char_us_W
                0x000000000201f418       0x40 build/us_n64/bin/segment2.o
 .data.texture_font_char_us_V
                0x000000000201f458       0x40 build/us_n64/bin/segment2.o
 .data.texture_font_char_us_U
                0x000000000201f498       0x40 build/us_n64/bin/segment2.o
 .data.texture_font_char_us_T
                0x000000000201f4d8       0x40 build/us_n64/bin/segment2.o
 .data.texture_font_char_us_S
                0x000000000201f518       0x40 build/us_n64/bin/segment2.o
 .data.texture_font_char_us_R
                0x000000000201f558       0x40 build/us_n64/bin/segment2.o
 .data.texture_font_char_us_Q
                0x000000000201f598       0x40 build/us_n64/bin/segment2.o
 .data.texture_font_char_us_P
                0x000000000201f5d8       0x40 build/us_n64/bin/segment2.o
 .data.texture_font_char_us_O
                0x000000000201f618       0x40 build/us_n64/bin/segment2.o
 .data.texture_font_char_us_N
                0x000000000201f658       0x40 build/us_n64/bin/segment2.o
 .data.texture_font_char_us_M
                0x000000000201f698       0x40 build/us_n64/bin/segment2.o
 .data.texture_font_char_us_L
                0x000000000201f6d8       0x40 build/us_n64/bin/segment2.o
 .data.texture_font_char_us_K
                0x000000000201f718       0x40 build/us_n64/bin/segment2.o
 .data.texture_font_char_us_J
                0x000000000201f758       0x40 build/us_n64/bin/segment2.o
 .data.texture_font_char_us_I
                0x000000000201f798       0x40 build/us_n64/bin/segment2.o
 .data.texture_font_char_us_H
                0x000000000201f7d8       0x40 build/us_n64/bin/segment2.o
 .data.texture_font_char_us_G
                0x000000000201f818       0x40 build/us_n64/bin/segment2.o
 .data.texture_font_char_us_F
                0x000000000201f858       0x40 build/us_n64/bin/segment2.o
 .data.texture_font_char_us_E
                0x000000000201f898       0x40 build/us_n64/bin/segment2.o
 .data.texture_font_char_us_D
                0x000000000201f8d8       0x40 build/us_n64/bin/segment2.o
 .data.texture_font_char_us_C
                0x000000000201f918       0x40 build/us_n64/bin/segment2.o
 .data.texture_font_char_us_B
                0x000000000201f958       0x40 build/us_n64/bin/segment2.o
 .data.texture_font_char_us_A
                0x000000000201f998       0x40 build/us_n64/bin/segment2.o
 .data.texture_font_char_us_9
                0x000000000201f9d8       0x40 build/us_n64/bin/segment2.o
 .data.texture_font_char_us_8
                0x000000000201fa18       0x40 build/us_n64/bin/segment2.o
 .data.texture_font_char_us_7
                0x000000000201fa58       0x40 build/us_n64/bin/segment2.o
 .data.texture_font_char_us_6
                0x000000000201fa98       0x40 build/us_n64/bin/segment2.o
 .data.texture_font_char_us_5
                0x000000000201fad8       0x40 build/us_n64/bin/segment2.o
 .data.texture_font_char_us_4
                0x000000000201fb18       0x40 build/us_n64/bin/segment2.o
 .data.texture_font_char_us_3
                0x000000000201fb58       0x40 build/us_n64/bin/segment2.o
 .data.texture_font_char_us_2
                0x000000000201fb98       0x40 build/us_n64/bin/segment2.o
 .data.texture_font_char_us_1
                0x000000000201fbd8       0x40 build/us_n64/bin/segment2.o
 .data.texture_font_char_us_0
                0x000000000201fc18       0x40 build/us_n64/bin/segment2.o
 .data.texture_credits_char_period
                0x000000000201fc58       0x80 build/us_n64/bin/segment2.o
 .data.texture_credits_char_Z
                0x000000000201fcd8       0x80 build/us_n64/bin/segment2.o
 .data.texture_credits_char_Y
                0x000000000201fd58       0x80 build/us_n64/bin/segment2.o
 .data.texture_credits_char_X
                0x000000000201fdd8       0x80 build/us_n64/bin/segment2.o
 .data.texture_credits_char_W
                0x000000000201fe58       0x80 build/us_n64/bin/segment2.o
 .data.texture_credits_char_V
                0x000000000201fed8       0x80 build/us_n64/bin/segment2.o
 .data.texture_credits_char_U
                0x000000000201ff58       0x80 build/us_n64/bin/segment2.o
 .data.texture_credits_char_T
                0x000000000201ffd8       0x80 build/us_n64/bin/segment2.o
 .data.texture_credits_char_S
                0x0000000002020058       0x80 build/us_n64/bin/segment2.o
 .data.texture_credits_char_R
                0x00000000020200d8       0x80 build/us_n64/bin/segment2.o
 .data.texture_credits_char_Q
                0x0000000002020158       0x80 build/us_n64/bin/segment2.o
 .data.texture_credits_char_P
                0x00000000020201d8       0x80 build/us_n64/bin/segment2.o
 .data.texture_credits_char_O
                0x0000000002020258       0x80 build/us_n64/bin/segment2.o
 .data.texture_credits_char_N
                0x00000000020202d8       0x80 build/us_n64/bin/segment2.o
 .data.texture_credits_char_M
                0x0000000002020358       0x80 build/us_n64/bin/segment2.o
 .data.texture_credits_char_L
                0x00000000020203d8       0x80 build/us_n64/bin/segment2.o
 .data.texture_credits_char_K
                0x0000000002020458       0x80 build/us_n64/bin/segment2.o
 .data.texture_credits_char_J
                0x00000000020204d8       0x80 build/us_n64/bin/segment2.o
 .data.texture_credits_char_I
                0x0000000002020558       0x80 build/us_n64/bin/segment2.o
 .data.texture_credits_char_H
                0x00000000020205d8       0x80 build/us_n64/bin/segment2.o
 .data.texture_credits_char_G
                0x0000000002020658       0x80 build/us_n64/bin/segment2.o
 .data.texture_credits_char_F
                0x00000000020206d8       0x80 build/us_n64/bin/segment2.o
 .data.texture_credits_char_E
                0x0000000002020758       0x80 build/us_n64/bin/segment2.o
 .data.texture_credits_char_D
                0x00000000020207d8       0x80 build/us_n64/bin/segment2.o
 .data.texture_credits_char_C
                0x0000000002020858       0x80 build/us_n64/bin/segment2.o
 .data.texture_credits_char_B
                0x00000000020208d8       0x80 build/us_n64/bin/segment2.o
 .data.texture_credits_char_A
                0x0000000002020958       0x80 build/us_n64/bin/segment2.o
 .data.texture_credits_char_6
                0x00000000020209d8       0x80 build/us_n64/bin/segment2.o
 .data.texture_credits_char_4
                0x0000000002020a58       0x80 build/us_n64/bin/segment2.o
 .data.texture_credits_char_3
                0x0000000002020ad8       0x80 build/us_n64/bin/segment2.o
 .data.texture_hud_char_beta_key
                0x0000000002020b58      0x200 build/us_n64/bin/segment2.o
 .data.texture_hud_char_decimal_point
                0x0000000002020d58      0x200 build/us_n64/bin/segment2.o
 .data.texture_hud_char_star
                0x0000000002020f58      0x200 build/us_n64/bin/segment2.o
 .data.texture_hud_char_mario_head
                0x0000000002021158      0x200 build/us_n64/bin/segment2.o
 .data.texture_hud_char_silver_coin
                0x0000000002021358      0x200 build/us_n64/bin/segment2.o
 .data.texture_hud_char_red_coin
                0x0000000002021558      0x200 build/us_n64/bin/segment2.o
 .data.texture_hud_char_coin
                0x0000000002021758      0x200 build/us_n64/bin/segment2.o
 .data.texture_hud_char_multiply
                0x0000000002021958      0x200 build/us_n64/bin/segment2.o
 .data.texture_hud_char_minus
                0x0000000002021b58      0x200 build/us_n64/bin/segment2.o
 .data.texture_hud_char_percent
                0x0000000002021d58      0x200 build/us_n64/bin/segment2.o
 .data.texture_hud_char_ampersand
                0x0000000002021f58      0x200 build/us_n64/bin/segment2.o
 .data.texture_hud_char_question
                0x0000000002022158      0x200 build/us_n64/bin/segment2.o
 .data.texture_hud_char_double_exclamation
                0x0000000002022358      0x200 build/us_n64/bin/segment2.o
 .data.texture_hud_char_exclamation
                0x0000000002022558      0x200 build/us_n64/bin/segment2.o
 .data.texture_hud_char_umlaut
                0x0000000002022758      0x200 build/us_n64/bin/segment2.o
 .data.texture_hud_char_double_quote
                0x0000000002022958      0x200 build/us_n64/bin/segment2.o
 .data.texture_hud_char_apostrophe
                0x0000000002022b58      0x200 build/us_n64/bin/segment2.o
 .data.texture_hud_char_Z
                0x0000000002022d58      0x200 build/us_n64/bin/segment2.o
 .data.texture_hud_char_Y
                0x0000000002022f58      0x200 build/us_n64/bin/segment2.o
 .data.texture_hud_char_X
                0x0000000002023158      0x200 build/us_n64/bin/segment2.o
 .data.texture_hud_char_W
                0x0000000002023358      0x200 build/us_n64/bin/segment2.o
 .data.texture_hud_char_V
                0x0000000002023558      0x200 build/us_n64/bin/segment2.o
 .data.texture_hud_char_U
                0x0000000002023758      0x200 build/us_n64/bin/segment2.o
 .data.texture_hud_char_T
                0x0000000002023958      0x200 build/us_n64/bin/segment2.o
 .data.texture_hud_char_S
                0x0000000002023b58      0x200 build/us_n64/bin/segment2.o
 .data.texture_hud_char_R
                0x0000000002023d58      0x200 build/us_n64/bin/segment2.o
 .data.texture_hud_char_Q
                0x0000000002023f58      0x200 build/us_n64/bin/segment2.o
 .data.texture_hud_char_P
                0x0000000002024158      0x200 build/us_n64/bin/segment2.o
 .data.texture_hud_char_O
                0x0000000002024358      0x200 build/us_n64/bin/segment2.o
 .data.texture_hud_char_N
                0x0000000002024558      0x200 build/us_n64/bin/segment2.o
 .data.texture_hud_char_M
                0x0000000002024758      0x200 build/us_n64/bin/segment2.o
 .data.texture_hud_char_L
                0x0000000002024958      0x200 build/us_n64/bin/segment2.o
 .data.texture_hud_char_K
                0x0000000002024b58      0x200 build/us_n64/bin/segment2.o
 .data.texture_hud_char_J
                0x0000000002024d58      0x200 build/us_n64/bin/segment2.o
 .data.texture_hud_char_I
                0x0000000002024f58      0x200 build/us_n64/bin/segment2.o
 .data.texture_hud_char_H
                0x0000000002025158      0x200 build/us_n64/bin/segment2.o
 .data.texture_hud_char_G
                0x0000000002025358      0x200 build/us_n64/bin/segment2.o
 .data.texture_hud_char_F
                0x0000000002025558      0x200 build/us_n64/bin/segment2.o
 .data.texture_hud_char_E
                0x0000000002025758      0x200 build/us_n64/bin/segment2.o
 .data.texture_hud_char_D
                0x0000000002025958      0x200 build/us_n64/bin/segment2.o
 .data.texture_hud_char_C
                0x0000000002025b58      0x200 build/us_n64/bin/segment2.o
 .data.texture_hud_char_B
                0x0000000002025d58      0x200 build/us_n64/bin/segment2.o
 .data.texture_hud_char_A
                0x0000000002025f58      0x200 build/us_n64/bin/segment2.o
 .data.texture_hud_char_9
                0x0000000002026158      0x200 build/us_n64/bin/segment2.o
 .data.texture_hud_char_8
                0x0000000002026358      0x200 build/us_n64/bin/segment2.o
 .data.texture_hud_char_7
                0x0000000002026558      0x200 build/us_n64/bin/segment2.o
 .data.texture_hud_char_6
                0x0000000002026758      0x200 build/us_n64/bin/segment2.o
 .data.texture_hud_char_5
                0x0000000002026958      0x200 build/us_n64/bin/segment2.o
 .data.texture_hud_char_4
                0x0000000002026b58      0x200 build/us_n64/bin/segment2.o
 .data.texture_hud_char_3
                0x0000000002026d58      0x200 build/us_n64/bin/segment2.o
 .data.texture_hud_char_2
                0x0000000002026f58      0x200 build/us_n64/bin/segment2.o
 .data.texture_hud_char_1
                0x0000000002027158      0x200 build/us_n64/bin/segment2.o
 .data.texture_hud_char_0
                0x0000000002027358      0x200 build/us_n64/bin/segment2.o

.data1
 *(.data1)

.got.plt
 *(.got.plt)
                0x0000000002027558                . = .
                0x0000000002027558                . = .
                0x000000000202f550                _gp = (ALIGN (0x10) + 0x7ff0)

.got
 *(.got)

.sdata
 *(.sdata .sdata.* .gnu.linkonce.s.*)

.lit8
 *(.lit8)

.lit4
 *(.lit4)
                0x0000000002027558                _edata = .
                [!provide]                        PROVIDE (edata = .)
                0x0000000002027558                . = .
                0x0000000002027558                __bss_start = .
                0x0000000002027558                _fbss = .

.sbss
 *(.dynsbss)
 *(.sbss .sbss.* .gnu.linkonce.sb.*)
 *(.scommon)

.bss            0x0000000002027560        0x0
 *(.dynbss)
 *(.bss .bss.* .gnu.linkonce.b.*)
 .bss           0x0000000002027560        0x0 build/us_n64/bin/segment2.o
 *(COMMON)
                0x0000000002027560                . = ALIGN ((. != 0x0)?0x4:0x1)
                0x0000000002027560                . = ALIGN (0x4)
                0x0000000002027560                . = SEGMENT_START ("ldata-segment", .)
                0x0000000002027560                . = ALIGN (0x4)
                0x0000000002027560                _end = .
                [!provide]                        PROVIDE (end = .)
                0x0000000002027560                . = DATA_SEGMENT_END (.)

.stab
 *(.stab)

.stabstr
 *(.stabstr)

.stab.excl
 *(.stab.excl)

.stab.exclstr
 *(.stab.exclstr)

.stab.index
 *(.stab.index)

.stab.indexstr
 *(.stab.indexstr)

.comment        0x0000000000000000       0x25
 *(.comment)
 .comment       0x0000000000000000       0x25 build/us_n64/bin/segment2.o
                                         0x26 (size before relaxing)

.pdr            0x0000000000000000        0x0
 .pdr           0x0000000000000000        0x0 build/us_n64/bin/segment2.o

.debug
 *(.debug)

.line
 *(.line)

.debug_srcinfo
 *(.debug_srcinfo)

.debug_sfnames
 *(.debug_sfnames)

.debug_aranges
 *(.debug_aranges)

.debug_pubnames
 *(.debug_pubnames)

.debug_info
 *(.debug_info .gnu.linkonce.wi.*)

.debug_abbrev
 *(.debug_abbrev)

.debug_line
 *(.debug_line .debug_line.* .debug_line_end)

.debug_frame
 *(.debug_frame)

.debug_str
 *(.debug_str)

.debug_loc
 *(.debug_loc)

.debug_macinfo
 *(.debug_macinfo)

.debug_weaknames
 *(.debug_weaknames)

.debug_funcnames
 *(.debug_funcnames)

.debug_typenames
 *(.debug_typenames)

.debug_varnames
 *(.debug_varnames)

.debug_pubtypes
 *(.debug_pubtypes)

.debug_ranges
 *(.debug_ranges)

.debug_macro
 *(.debug_macro)

.debug_addr
 *(.debug_addr)

.gnu.attributes
                0x0000000000000000       0x10
 *(.gnu.attributes)
 .gnu.attributes
                0x0000000000000000       0x10 build/us_n64/bin/segment2.o

.gptab.sdata
 *(.gptab.data)
 *(.gptab.sdata)

.gptab.sbss
 *(.gptab.bss)
 *(.gptab.sbss)

.mdebug.abi32   0x0000000000000000        0x0
 *(.mdebug.abi32)
 .mdebug.abi32  0x0000000000000000        0x0 build/us_n64/bin/segment2.o

.mdebug.abiN32
 *(.mdebug.abiN32)

.mdebug.abi64
 *(.mdebug.abi64)

.mdebug.abiO64
 *(.mdebug.abiO64)

.mdebug.eabi32
 *(.mdebug.eabi32)

.mdebug.eabi64
 *(.mdebug.eabi64)

.gcc_compiled_long32
 *(.gcc_compiled_long32)

.gcc_compiled_long64
 *(.gcc_compiled_long64)

/DISCARD/
 *(.note.GNU-stack)
 *(.gnu_debuglink)
 *(.gnu.lto_*)
OUTPUT(build/us_n64/bin/segment2.elf elf32-bigmips)
